12-05 12:02:28.056  1327  1833 I content_query_sample: [content://media/external/audio/media,_data/title/artist/album_id/_id/album_key,_id in (28,28,28),NULL,10,.musicplaybackdelegate,3]
12-05 12:02:28.216   727  1016 I am_proc_start: [1000,com.qualcomm.privinit,broadcast,com.qualcomm.privinit/.BootReciever]
12-05 12:02:28.236   727  1008 I am_proc_bound: [1840,com.qualcomm.privinit]
12-05 12:02:28.266  1840  1840 I binder_sample: [gaia.ActivityManagerService,17,23,<pre-initialized>,4]
12-05 12:02:28.787   727   838 I battery_status: [2,2,1,2,Li-ion]
12-05 12:02:28.787   727   838 I battery_level: [99,4222,354]
12-05 12:02:28.827   727  1017 I am_create_service: [1451546812,com.htc.android.ssdtest/.service.FileObserverService,,1743]
12-05 12:02:28.937   727   836 I am_create_service: [1303445756,com.htc.android.ssdtest/.service.ModemRestartMonitorService,,1743]
12-05 12:02:29.027   727   998 I am_destroy_service: [1303445756,com.htc.android.ssdtest/.service.ModemRestartMonitorService,1743]
12-05 12:02:29.097   727   838 I battery_level: [99,4278,355]
12-05 12:02:29.157   727   803 I content_update_sample: [content://settings/system,insert,NULL,1,system/bin/gaiad,1]
12-05 12:02:29.307   727   989 I am_create_service: [1402606028,gaia.providers.downloads/.DownloadService,,1019]
12-05 12:02:29.327  1019  1876 I content_query_sample: [content://downloads/all_downloads,,NULL,NULL,4,gaia.process.media,1]
12-05 12:02:29.337  1019  1876 I content_query_sample: [content://downloads/all_downloads,,NULL,NULL,4,gaia.process.media,1]
12-05 12:02:29.347   727  1016 I am_destroy_service: [1402606028,gaia.providers.downloads/.DownloadService,1019]
12-05 12:02:29.407  1293  1294 I content_query_sample: [content://com.android.calendar/instances/whenbyday/2456628/2456670,event_id/startDay/endDay/calendar_id,visible = 1,allDay DESC, begin ASC, end DESC, title ASC,9,HtcObjectCalendar,2]
12-05 12:02:29.487  1337  1881 I content_query_sample: [content://WeatherSyncService/data,fstSunrise/fstSunset,param1='',NULL,4,HTCCOSObjectClock,1]
12-05 12:02:29.507   727  1008 I am_create_service: [1451131396,HTCLocationService/.NLPSwitchService,act=android.intent.action.SERVICE_STATE,1459]
12-05 12:02:29.657   727   773 I am_proc_start: [10134,.mediacachedelegateprocess,broadcast,MediaCacheService/.MediaCacheSubscriber]
12-05 12:02:29.678   727   836 I am_proc_bound: [1777,.mediacachedelegateprocess]
12-05 12:02:29.718  1019  1756 I content_update_sample: [content://media/none/media_scanner,delete,NULL,81,gaia.process.media,17]
12-05 12:02:29.758   727  1006 I am_create_service: [1452930732,MediaCacheService/.MediaCacheDelegate,,1777]
12-05 12:02:29.798  1019  1756 I content_update_sample: [content://media/external/file,update,storage_id = ? AND (volid IN (0, -1) OR volid is NULL),64,gaia.process.media,13]
12-05 12:02:29.808   727   773 I am_proc_start: [10114,com.htc.musicenhancer,broadcast,com.htc.musicenhancer/.provider.MScannerReceiver]
12-05 12:02:29.848   727   772 I am_proc_bound: [1893,com.htc.musicenhancer]
12-05 12:02:29.858  1019  1756 I content_update_sample: [content://media/external/file,update,storage_id = ? AND (volid = ?),55,gaia.process.media,12]
12-05 12:02:29.908  1777  1900 I content_query_sample: [content://media/external/file,'1002' AS BucketId/'Camera Shoot' AS BucketName/COUNT(_id) AS TotalCount/COUNT(CASE WHEN media_type=1 THEN _id END) AS PhotoCount/COUNT(CASE WHEN media_type=3 THEN _id END) AS VideoCount,(media_type = 1 OR media_type = 3) AND ((favorite IS NULL) OR ((favorite & 48) = 48) OR ((favorite & 192) = 192)) AND (_data LIKE '%/sdcard%/DCIM%' OR _data LIKE '%ext_sd/DCIM%'),NULL,90,.mediacachedelegateprocess,19]
12-05 12:02:29.918  1893  1893 I binder_sample: [gaia.ActivityManagerService,17,78,<pre-initialized>,15]
12-05 12:02:29.948  1019  1756 I content_update_sample: [content://media/external/storage_volid/media,update,storage_id = ?,28,gaia.process.media,6]
12-05 12:02:29.958  1777  1900 I content_query_sample: [content://media/external/file,'1000'/'All Photos'/COUNT(_id),(media_type = 1) AND ((favorite IS NULL) OR ((favorite & 48) = 48) OR ((favorite & 192) = 192)),NULL,19,.mediacachedelegateprocess,4]
12-05 12:02:30.028  1513  1909 I content_query_sample: [content://com.htc.htcpowermanager/smartsync_timepredition,,NULL,NULL,46,CosSettingPower:remote,10]
12-05 12:02:30.048  1513  1909 I content_query_sample: [content://com.htc.htcpowermanager/smartsync_golden_thu,,NULL,NULL,3,CosSettingPower:remote,1]
12-05 12:02:30.158  1777  1900 I content_query_sample: [content://media/external/file,bucket_id/bucket_display_name/COUNT(_id) AS TotalCount/COUNT(CASE WHEN media_type=1 THEN _id END) AS PhotoCount/COUNT(CASE WHEN media_type=3 THEN _id END) AS VideoCount/MAX(datetaken)/MAX(date_added)/MAX(date_modified),(media_type = 1 OR media_type = 3) AND ((favorite IS NULL) OR (favorite = 0) OR ((favorite & 1) = 1) OR ((favorite & 48) = 48) OR ((favorite & 192) = 192)) AND _data NOT LIKE '%/sdcard%/DCIM%' AND _data NOT LIKE '%ext_sd/DCIM%') GROUP BY (bucket_id,datetaken ASC,49,.mediacachedelegateprocess,10]
12-05 12:02:30.178  1513  1909 I content_update_sample: [content://com.htc.htcpowermanager/smartsync_golden_wed,insert,NULL,26,CosSettingPower:remote,6]
12-05 12:02:30.238  1513  1909 I content_update_sample: [content://com.htc.htcpowermanager/smartsync_golden_wed,insert,NULL,21,CosSettingPower:remote,5]
12-05 12:02:30.278  1777  1900 I content_query_sample: [content://media/external/images/thumbnails,_data,image_id = 33 AND kind = 1,NULL,32,.mediacachedelegateprocess,7]
12-05 12:02:30.308  1513  1909 I content_update_sample: [content://com.htc.htcpowermanager/smartsync_golden_wed,insert,NULL,40,CosSettingPower:remote,9]
12-05 12:02:30.328  1513  1909 I content_update_sample: [content://com.htc.htcpowermanager/smartsync_golden_wed,insert,NULL,24,CosSettingPower:remote,5]
12-05 12:02:30.388  1513  1909 I content_update_sample: [content://com.htc.htcpowermanager/smartsync_golden_wed,insert,NULL,28,CosSettingPower:remote,6]
12-05 12:02:30.388  1777  1900 I content_query_sample: [content://media/external/file,_id/_data/_display_name/datetaken/mime_type/date_modified/date_added/width/height/bucket_id/bucket_display_name/favorite/media_type,bucket_id = -2136312296 AND (media_type = 1 OR media_type = 3) AND ((favorite IS NULL) OR (favorite = 0) OR ((favorite & 1) = 1) OR ((favorite & 48) = 48) OR ((favorite & 192) = 192)),datetaken DESC, _id DESC LIMIT 0,1,84,.mediacachedelegateprocess,17]
12-05 12:02:30.488  1777  1900 I content_query_sample: [content://media/external/images/thumbnails,_data,image_id = 33 AND kind = 1,NULL,96,.mediacachedelegateprocess,20]
12-05 12:02:30.528  1552  1569 I content_update_sample: [content://com.kii.search.sdcard,delete,path=?,0,,1]
12-05 12:02:30.739  1513  1909 I content_update_sample: [content://com.htc.htcpowermanager/smartsync_golden_wed,insert,NULL,51,CosSettingPower:remote,11]
12-05 12:02:30.849  1513  1909 I content_update_sample: [content://com.htc.htcpowermanager/smartsync_golden_wed,insert,NULL,28,CosSettingPower:remote,6]
12-05 12:02:30.879  1327  1924 I content_query_sample: [content://media/external/audio/albums,_id/album_art/album/album_key,NULL,album_key,59,.musicplaybackdelegate,12]
12-05 12:02:30.919  1513  1909 I content_update_sample: [content://com.htc.htcpowermanager/smartsync_golden_wed,insert,NULL,38,CosSettingPower:remote,8]
12-05 12:02:30.939  1777  1900 I content_query_sample: [content://media/external/images/thumbnails,_data,image_id = 33 AND kind = 1,NULL,27,.mediacachedelegateprocess,6]
12-05 12:02:31.039  1513  1909 I content_update_sample: [content://com.htc.htcpowermanager/smartsync_timepredition,insert,NULL,71,CosSettingPower:remote,15]
12-05 12:02:31.049  1513  1909 I content_query_sample: [content://com.htc.htcpowermanager/smartsync_golden_thu,,NULL,NULL,4,CosSettingPower:remote,1]
12-05 12:02:31.059  1513  1909 I content_query_sample: [content://com.htc.htcpowermanager/smartsync_golden_thu,,NULL,NULL,8,CosSettingPower:remote,2]
12-05 12:02:31.059  1327  1924 I content_query_sample: [content://media/external/audio/albums,_id/album_art/album/album_key,NULL,album_key,40,.musicplaybackdelegate,9]
12-05 12:02:31.069  1513  1909 I content_update_sample: [content://settings/system,insert,NULL,4,CosSettingPower:remote,1]
12-05 12:02:31.099  1513  1909 I content_query_sample: [content://com.htc.htcpowermanager/smartsync_golden_thu,,NULL,NULL,3,CosSettingPower:remote,1]
12-05 12:02:31.109  1513  1909 I content_update_sample: [content://settings/system,insert,NULL,5,CosSettingPower:remote,2]
12-05 12:02:31.119  1513  1909 I content_update_sample: [content://settings/system,insert,NULL,2,CosSettingPower:remote,1]
12-05 12:02:31.139  1777  1900 I content_query_sample: [content://media/external/images/thumbnails,_data,image_id = 33 AND kind = 1,NULL,66,.mediacachedelegateprocess,14]
12-05 12:02:31.229   727  1008 I am_create_service: [1309544388,gaia.providers.calendar/.CalendarProviderIntentService,act=com.android.providers.calendar.intent.CalendarProvider2,1130]
12-05 12:02:31.309   727   989 I am_create_service: [1317526644,com.htc.usertrialfeedback/.UTUploader,act=com.htc.intent.action.NIGHTMODE_UPLOAD,1760]
12-05 12:02:31.369  1130  1935 I content_query_sample: [content://com.android.calendar/calendar_alerts,alarmTime,alarmTime>=1386216151358,alarmTime ASC,2,gaia.providers.calendar,1]
12-05 12:02:31.389  1552  1928 I content_query_sample: [content://com.kii.search.app,_id,type=0,,190,,39]
12-05 12:02:31.389  1552  1569 I content_update_sample: [content://com.kii.search.sdcard,delete,path=?,242,,49]
12-05 12:02:31.419   727  1008 I am_proc_start: [10058,CosHTCSync,broadcast,CosHTCSync/.CDMountReceiver]
12-05 12:02:31.419  1777  1900 I content_query_sample: [content://media/external/images/thumbnails,_data,image_id = 32 AND kind = 1,NULL,262,.mediacachedelegateprocess,53]
12-05 12:02:31.479   727   998 I am_proc_bound: [1892,CosHTCSync]
12-05 12:02:31.509   727  1017 I am_destroy_service: [1317526644,com.htc.usertrialfeedback/.UTUploader,1760]
12-05 12:02:31.720  1760  1760 I binder_sample: [gaia.ActivityManagerService,74,207,com.htc.usertrialfeedback,41]
12-05 12:02:31.720   727   989 I am_destroy_service: [1309544388,gaia.providers.calendar/.CalendarProviderIntentService,1130]
12-05 12:02:31.730  1552  1928 I content_query_sample: [content://com.kii.search.app,_id/name/ver_code,package=? and class=?,,3,,1]
12-05 12:02:31.800  1552  1928 I content_query_sample: [content://com.kii.search.app,_id/name/ver_code,package=? and class=?,,15,,4]
12-05 12:02:31.900  1777  1900 I content_query_sample: [content://media/external/images/thumbnails,_data,image_id = 29 AND kind = 1,NULL,37,.mediacachedelegateprocess,8]
12-05 12:02:31.960   727   986 I am_proc_start: [10252,com.sohu.inputmethod.sogou,broadcast,com.sohu.inputmethod.sogou/com.sohu.inputmethod.settings.receiver.ConnectReceiver]
12-05 12:02:31.990   727  1006 I am_proc_bound: [1954,com.sohu.inputmethod.sogou]
12-05 12:02:32.030  1954  1954 I binder_sample: [gaia.ActivityManagerService,17,40,<pre-initialized>,8]
12-05 12:02:32.220   727   835 I am_create_service: [1309544388,gaia.providers.gaiamedia/.MtpService,,1019]
12-05 12:02:32.240   727   835 I am_create_service: [1305862740,Settings/.UsbService,act=INVOKE,1441]
12-05 12:02:32.250  1019  1028 I content_update_sample: [content://media/,insert,NULL,2,gaia.process.media,1]
12-05 12:02:32.310  1263  1974 I content_query_sample: [content://mail/accounts,_id/_desc/_protocol/_defaultfolderId/_emailaddress/_colorIdx/_defaultaccount,_del = -1,NULL,8,HtcObjectMail,2]
12-05 12:02:32.340   727  1016 I am_create_service: [1307749108,com.htc.musicenhancer/.EnhancerService,act=action_sync_mdprovider,1893]
12-05 12:02:32.350  1019  1971 I content_query_sample: [content://media/external/storage_volid/media,_data/status,_data = ?,NULL,66,gaia.process.media,14]
12-05 12:02:32.410   727   727 I am_create_service: [1300474788,HtcObjectMail/.mailobject::HtcObjectMailService,dat=1_-1_6_zh_CN,1263]
12-05 12:02:32.410  1777  1900 I content_query_sample: [content://media/external/images/thumbnails,_data,image_id = 33 AND kind = 1,NULL,25,.mediacachedelegateprocess,6]
12-05 12:02:32.460  1297  1300 I content_query_sample: [content://media/external/images/media,_id,_data = ?,NULL,36,GalleryPhotoframeObject,8]
12-05 12:02:32.460  1777  1900 I content_query_sample: [content://media/external/images/thumbnails,_data,image_id = 32 AND kind = 1,NULL,36,.mediacachedelegateprocess,8]
12-05 12:02:32.470   727   835 I am_proc_start: [10100,GalleryAlbumObject,broadcast,GalleryAlbumObject/.AlbumObjectProvider]
12-05 12:02:32.491   727   989 I am_proc_bound: [1949,GalleryAlbumObject]
12-05 12:02:32.601  1777  1900 I content_query_sample: [content://media/external/images/thumbnails,_data,image_id = 30 AND kind = 1,NULL,46,.mediacachedelegateprocess,10]
12-05 12:02:32.661  1777  1900 I content_query_sample: [content://media/external/images/thumbnails,_data,image_id = 29 AND kind = 1,NULL,14,.mediacachedelegateprocess,3]
12-05 12:02:32.691   727   944 I content_query_sample: [content://backup/backup_table,,packagename=?,NULL,4,system/bin/gaiad,1]
12-05 12:02:32.791   727   944 I content_query_sample: [content://backup/backup_table,,packagename=?,NULL,3,system/bin/gaiad,1]
12-05 12:02:32.801   727   944 I content_query_sample: [content://backup/backup_table,,NULL,NULL,2,system/bin/gaiad,1]
12-05 12:02:32.811  1297  1300 I content_query_sample: [content://media/external/images/media,_id,_data = ?,NULL,41,GalleryPhotoframeObject,9]
12-05 12:02:32.851   727   944 I content_query_sample: [content://backup/backup_table,,packagename=?,NULL,3,system/bin/gaiad,1]
12-05 12:02:32.851   727   944 I content_query_sample: [content://backup/backup_table2,,NULL,NULL,3,system/bin/gaiad,1]
12-05 12:02:32.881   727   944 I content_query_sample: [content://backup/backup_table,,packagename=?,NULL,2,system/bin/gaiad,1]
12-05 12:02:32.881   727   944 I content_query_sample: [content://backup/backup_table,,packagename=?,NULL,3,system/bin/gaiad,1]
12-05 12:02:32.901   727   944 I content_query_sample: [content://backup/backup_table,,packagename=?,NULL,8,system/bin/gaiad,2]
12-05 12:02:33.061  1019  1756 I content_update_sample: [content://media/,insert,NULL,2,gaia.process.media,1]
12-05 12:02:33.081  1019  1756 I content_update_sample: [content://media/external/file,update,storage_id = ? AND (volid = ?),19,gaia.process.media,4]
12-05 12:02:33.101  1019  1756 I content_query_sample: [content://media/external/storage_volid/media,_data/volid,storage_id = ?,NULL,13,gaia.process.media,3]
12-05 12:02:33.121  1019  1756 I content_update_sample: [content://media/external/storage_volid/media,update,storage_id = ?,17,gaia.process.media,4]
12-05 12:02:33.121  1019  1756 I content_update_sample: [content://media/none/media_scanner,insert,NULL,2,gaia.process.media,1]
12-05 12:02:33.251  1327  1990 I content_query_sample: [content://media/external/audio/media,_id,_id in (28),NULL,6,.musicplaybackdelegate,2]
12-05 12:02:33.291  1327  1990 I content_query_sample: [content://media/external/audio/albums,_id/album_art/album/album_key,NULL,album_key,35,.musicplaybackdelegate,8]
12-05 12:02:33.702  1297  1300 I content_query_sample: [content://media/external/images/media,_id,_data = ?,NULL,49,GalleryPhotoframeObject,10]
12-05 12:02:33.782  1297  1300 I content_query_sample: [content://media/external/images/media,_data,_id = 30,NULL,37,GalleryPhotoframeObject,8]
12-05 12:02:34.643   727  1017 I am_destroy_service: [1302993892,gaia.providers.gaiamedia/.MediaScannerService,1019]
12-05 12:02:35.664  1327  1997 I content_query_sample: [content://media/external/audio/albums,_id/album_art/album/album_key,NULL,album_key,6,.musicplaybackdelegate,2]
12-05 12:02:37.516   993   994 I gsm_service_state_change: [1,1,2,1]
12-05 12:02:47.316   727   940 I am_create_service: [1293640196,com.htc.usertrialfeedback/.UTUploader,act=com.htc.intent.action.NIGHTMODE_UPLOAD,1760]
12-05 12:02:47.396   727   836 I am_destroy_service: [1293640196,com.htc.usertrialfeedback/.UTUploader,1760]
12-05 12:02:48.237   727   772 I am_destroy_service: [1299430964,SocialManager/.SocialManagerService,1249]
