12-05 12:01:50.666   246   343 I QMI-RIL : qmi_ril(1/246): RIL[1][main] qmi_ril_nwr_update_reg_rej_from_sys_info: .. reg data - 1x: 0, gsm: 2, wcdma: 0, lte: 0, hdr: 0
12-05 12:01:50.666   246   343 I QMI-RIL : qmi_ril(1/246): RIL[1][main] qcril_qmi_util_enable_networking_indications: completed with 0
12-05 12:01:50.666   246   343 I QMI-RIL : qmi_ril(1/246): RIL[1][main] qcril_qmi_nas_check_retrieve_centralized_eons_support_status: function entry
12-05 12:01:50.666   246   343 D QC-QMI  : Setting the api flag to : 1
12-05 12:01:50.666   246   343 D QC-QMI  : qmi_client [246] 2: sending 47 bytes on fd = 20
12-05 12:01:50.666   243   243 D QC-QMI  : qmuxd: RX 47 bytes on fd=21 from qmux_client_id=2
12-05 12:01:50.666   243   243 D QC-QMI  : qmi_qmux: TX/RX - TX 13 bytes on conn_id=19
12-05 12:01:50.666   243   243 D QC-QMI  : QMI_Msg Len: [13], Serv_ID: [NAS(0x3)], Msg_ID: [<unknown>(0x6b)], Trans_ID: [6][Request], Conn_ID:[19]
12-05 12:01:50.666   243   243 D QC-QMI  : 01 0C 00 00 03 01 00 06 00 6B 00 00 00 
12-05 12:01:50.676   243   766 D QC-QMI  : QMI platform I/O... blocking on read  port[/dev/smuxctl32] conn_id[19]
12-05 12:01:50.676   243   766 D QC-QMI  : qmi_qmux: TX/RX - RX 20 bytes on conn_id=19
12-05 12:01:50.676   243   766 D QC-QMI  : QMI_Msg Len: [20], Serv_ID: [NAS(0x3)], Msg_ID: [<unknown>(0x6b)], Trans_ID: [6][Response], Conn_ID:[19]
12-05 12:01:50.676   243   766 D QC-QMI  : 01 13 00 80 03 01 02 06 00 6B 00 07 00 02 04 00 01 00 47 00 
12-05 12:01:50.676   243   766 D QC-QMI  : qmuxd: TX message on fd=21, to clientID = 2, len=54
12-05 12:01:50.676   243   766 E QC-QMI  : QMI platform I/O... blocking on poll fds
12-05 12:01:50.676   246   780 D QC-QMI  : qmi_client [246] 2: Received 54 bytes on fd = 20
12-05 12:01:50.676   246   780 D QC-QMI  :  API Flag .............. 1 
12-05 12:01:50.676   246   780 D QC-QMI  :  Message ID ............... 107 
12-05 12:01:50.676   246   343 I QMI-RIL : qmi_ril(1/246): RIL[1][main] qcril_qmi_util_convert_qmi_response_codes_to_ril_result_ex: ctx check 0
12-05 12:01:50.676   246   343 I QMI-RIL : qmi_ril(1/246): RIL[1][main] qcril_qmi_nas_check_retrieve_centralized_eons_support_status: .. transport error 0, ril_error 2
12-05 12:01:50.676   246   343 I QMI-RIL : qmi_ril(1/246): RIL[1][main] qcril_qmi_nas_check_retrieve_centralized_eons_support_status: Invalidating centralized eons cache
12-05 12:01:50.676   246   343 I QMI-RIL : qmi_ril(1/246): RIL[1][main] qcril_qmi_nas_check_retrieve_centralized_eons_support_status: function exit
12-05 12:01:50.676   246   343 I QMI-RIL : qmi_ril(1/246): RIL[1][main] qcril_qmi_nas_init: function exit
12-05 12:01:50.676   246   343 I QMI-RIL : qmi_ril(1/246): RIL[1][main] qcril_qmi_pbm_enable_emergency_number_indications: entered 1
12-05 12:01:50.676   246   343 D QC-QMI  : Setting the api flag to : 1
12-05 12:01:50.676   246   343 D QC-QMI  : qmi_client [246] 2: sending 54 bytes on fd = 20
12-05 12:01:50.676   243   243 D QC-QMI  : qmuxd: RX 54 bytes on fd=21 from qmux_client_id=2
12-05 12:01:50.676   243   243 D QC-QMI  : qmi_qmux: TX/RX - TX 20 bytes on conn_id=19
12-05 12:01:50.676   243   243 D QC-QMI  : QMI_Msg Len: [20], Serv_ID: [PBM(0xc)], Msg_ID: [INDICATION_REGISTER(0x1)], Trans_ID: [1][Request], Conn_ID:[19]
12-05 12:01:50.676   243   243 D QC-QMI  : 01 13 00 00 0C 01 00 01 00 01 00 07 00 01 04 00 04 00 00 00 
12-05 12:01:50.676   243   766 D QC-QMI  : QMI platform I/O... blocking on read  port[/dev/smuxctl32] conn_id[19]
12-05 12:01:50.676   243   766 D QC-QMI  : qmi_qmux: TX/RX - RX 27 bytes on conn_id=19
12-05 12:01:50.676   243   766 D QC-QMI  : QMI_Msg Len: [27], Serv_ID: [PBM(0xc)], Msg_ID: [INDICATION_REGISTER(0x1)], Trans_ID: [1][Response], Conn_ID:[19]
12-05 12:01:50.676   243   766 D QC-QMI  : 01 1A 00 80 0C 01 02 01 00 01 00 0E 00 02 04 00 00 00 00 00 10 04 00 04 00 00 00 
12-05 12:01:50.676   243   766 D QC-QMI  : qmuxd: TX message on fd=21, to clientID = 2, len=61
12-05 12:01:50.676   243   766 E QC-QMI  : QMI platform I/O... blocking on poll fds
12-05 12:01:50.676   246   780 D QC-QMI  : qmi_client [246] 2: Received 61 bytes on fd = 20
12-05 12:01:50.676   246   780 D QC-QMI  :  API Flag .............. 1 
12-05 12:01:50.676   246   780 D QC-QMI  :  Message ID ............... 1 
12-05 12:01:50.676   246   343 I QMI-RIL : qmi_ril(1/246): RIL[1][main] qcril_qmi_util_convert_qmi_response_codes_to_ril_result_ex: ctx check 0
12-05 12:01:50.676   246   343 I QMI-RIL : qmi_ril(1/246): RIL[1][main] qcril_qmi_pbm_enable_emergency_number_indications: Indication register successful with mask 4
12-05 12:01:50.676   246   343 I QMI-RIL : qmi_ril(1/246): RIL[1][main] qmi_ril_set_sms_svc_status: new_status 1
12-05 12:01:50.676   246   343 I QMI-RIL : qmi_ril(1/246): RIL[1][main] qcril_qmi_coex_init: function entry
12-05 12:01:50.676   246   343 I QMI-RIL : qmi_ril(1/246): RIL[1][main] qcril_qmi_coex_util_fillup_default_lte_coex_frequencies: function entry
12-05 12:01:50.676   246   343 I QMI-RIL : qmi_ril(1/246): RIL[1][main] qcril_qmi_coex_util_fillup_default_lte_coex_frequencies: function exit
12-05 12:01:50.676   246   343 I QMI-RIL : qmi_ril(1/246): RIL[1][main] qcril_qmi_coex_util_fillup_default_lte_coex_channels: function entry
12-05 12:01:50.676   246   343 I QMI-RIL : qmi_ril(1/246): RIL[1][main] qcril_qmi_coex_util_fillup_default_lte_coex_channels: function exit
12-05 12:01:50.676   246   343 I QMI-RIL : qmi_ril(1/246): RIL[1][main] qcril_qmi_coex_init: function exit
12-05 12:01:50.676   246   343 D QC-QMI  :  Getting maximum message length
12-05 12:01:50.676   246   343 D QC-QMI  :  The maximum message length is : 0
12-05 12:01:50.676   246   343 D QC-QMI  :  Service id: 2
12-05 12:01:50.676   246   343 D QC-QMI  :  Setting up transaction 
12-05 12:01:50.676   246   343 D QC-QMI  :  Message ID .....................33
12-05 12:01:50.676   246   343 D QC-QMI  :  Setting up api flag ........... 1
12-05 12:01:50.676   246   343 D QC-QMI  :  Sending message 
12-05 12:01:50.676   246   343 D QC-QMI  : qmi_client [246] 2: sending 47 bytes on fd = 20
12-05 12:01:50.676   246   343 D QC-QMI  :  Releasing Transaction 
12-05 12:01:50.676   246   343 I QMI-RIL : qmi_ril(1/246): RIL[1][main] qcril_qmi_util_convert_qmi_response_codes_to_ril_result_ex: ctx check 0
12-05 12:01:50.676   246   343 I QMI-RIL : qmi_ril(1/246): RIL[1][main] qcril_qmi_cb_thread_name_init: posted req 0, 0
12-05 12:01:50.676   246   343 I QMI-RIL : qmi_ril(1/246): RIL[1][main] qcril_qmi_init_core_client_handles: function exit with ret 0
12-05 12:01:50.676   243   243 D QC-QMI  : qmuxd: RX 47 bytes on fd=21 from qmux_client_id=2
12-05 12:01:50.676   243   243 D QC-QMI  : qmi_qmux: TX/RX - TX 13 bytes on conn_id=19
12-05 12:01:50.676   243   243 D QC-QMI  : QMI_Msg Len: [13], Serv_ID: [DMS(0x2)], Msg_ID: [GET_DEVICE_MFR(0x21)], Trans_ID: [3][Request], Conn_ID:[19]
12-05 12:01:50.676   243   243 D QC-QMI  : 01 0C 00 00 02 01 00 03 00 21 00 00 00 
12-05 12:01:50.676   246   343 I QMI-RIL : qmi_ril(1/246): RIL[1][main] qcril_qmi_client_init: function exit with ret 0
12-05 12:01:50.676   243   766 D QC-QMI  : QMI platform I/O... blocking on read  port[/dev/smuxctl32] conn_id[19]
12-05 12:01:50.676   243   766 D QC-QMI  : qmi_qmux: TX/RX - RX 25 bytes on conn_id=19
12-05 12:01:50.676   243   766 D QC-QMI  : QMI_Msg Len: [25], Serv_ID: [PBM(0xc)], Msg_ID: [EMERGENCY_LIST_IND(0xc)], Trans_ID: [0][Indication], Conn_ID:[19]
12-05 12:01:50.676   243   766 D QC-QMI  : 01 18 00 80 0C 01 04 00 00 0C 00 0C 00 01 09 00 02 03 39 31 31 03 31 31 32 
12-05 12:01:50.676   243   766 D QC-QMI  : qmuxd: TX message on fd=21, to clientID = 2, len=59
12-05 12:01:50.676   243   766 E QC-QMI  : QMI platform I/O... blocking on poll fds
12-05 12:01:50.676   246   780 D QC-QMI  : qmi_client [246] 2: Received 59 bytes on fd = 20
12-05 12:01:50.676   246   780 D QC-QMI  : qmi_service.c RX indication for conn=19, srvc=12
12-05 12:01:50.676   246   780 D QC-QMI  : Processing indication: Mesage4 ID=  12, Service ID = 12
12-05 12:01:50.676   246   780 D QC-QMI  : Client 13010c00 gets indication callback
12-05 12:01:50.676   246   780 I QMI-RIL : qmi_ril(1/246): RIL[1] qcril_qmi_pbm_unsol_ind_cb: function entry
12-05 12:01:50.676   246   780 I QMI-RIL : qmi_ril(1/246): RIL[1] qcril_qmi_pbm_emergency_list_ind_hdlr: function entry
12-05 12:01:50.676   246   780 I QMI-RIL : qmi_ril(1/246): RIL[1] qcril_qmi_nas_is_radio_power_check_enabled: function exit with ret 0
12-05 12:01:50.676   246   780 I QMI-RIL : qmi_ril(1/246): RIL[1] qcril_qmi_pbm_emergency_list_ind_hdlr: current ril.ecclist= 
12-05 12:01:50.676   246   780 I QMI-RIL : qmi_ril(1/246): RIL[1] qcril_qmi_pbm_emergency_list_ind_hdlr: Update emergency number from emer_num. prop_val is : 911,112
12-05 12:01:50.676   246   780 I QMI-RIL : qmi_ril(1/246): RIL[1] qcril_qmi_pbm_emergency_list_ind_hdlr: Update emergency number from global_ecc_num. prop_val is : 911,112,112,911
12-05 12:01:50.676   243   766 D QC-QMI  : QMI platform I/O... blocking on read  port[/dev/smuxctl32] conn_id[19]
12-05 12:01:50.676   243   766 D QC-QMI  : qmi_qmux: TX/RX - RX 44 bytes on conn_id=19
12-05 12:01:50.676   243   766 D QC-QMI  : QMI_Msg Len: [44], Serv_ID: [DMS(0x2)], Msg_ID: [GET_DEVICE_MFR(0x21)], Trans_ID: [3][Response], Conn_ID:[19]
12-05 12:01:50.676   243   766 D QC-QMI  : 01 2B 00 80 02 01 02 03 00 21 00 1F 00 02 04 00 00 00 00 00 01 15 00 51 55 41 4C 43 4F 4D 4D 20 
12-05 12:01:50.676   243   766 D QC-QMI  : 49 4E 43 4F 52 50 4F 52 41 54 45 44 
12-05 12:01:50.676   243   766 D QC-QMI  : qmuxd: TX message on fd=21, to clientID = 2, len=78
12-05 12:01:50.676   243   766 E QC-QMI  : QMI platform I/O... blocking on poll fds
12-05 12:01:50.676   246   343 I QMI-RIL : qmi_ril(1/246): RIL[1][main] qcril_uim_init: qcril_uim_init
12-05 12:01:50.686   246   780 I QMI-RIL : qmi_ril(1/246): RIL[1] qcril_uim_instance_id_to_slot: Slot found: 0x0
12-05 12:01:50.686   246   780 I QMI-RIL : qmi_ril(1/246): RIL[1] qcril_qmi_pbm_emergency_list_ind_hdlr: Update emergency number from gsm no-sim. prop_val is : 911,112,112,911,000,08,110,999,118,119
12-05 12:01:50.686   246   780 D QMI-RIL : qmi_ril(1/246): RIL[1] qcril_qmi_pbm_emergency_list_ind_hdlr: card_state=0, pref_net=1
12-05 12:01:50.686   246   780 I QMI-RIL : qmi_ril(1/246): RIL[1] qcril_qmi_pbm_emergency_list_ind_hdlr: Update emergency number from cus_ecc_num, temp_eclist=911,112,112,911,000,08,110,999,118,119,112,000,08,110,118,119,911,999,120,122
12-05 12:01:50.686   246   780 D QMI-RIL : qmi_ril(1/246): RIL[1] qcril_qmi_pbm_emergency_list_ind_hdlr: wp_feature=0, card_state=0, pref_net=1
12-05 12:01:50.686   246   780 I QMI-RIL : qmi_ril(1/246): RIL[1] qcril_qmi_pbm_emergency_list_ind_hdlr: Update emergency number from cus_nosim_num, temp_eclist=911,112,112,911,000,08,110,999,118,119,112,000,08,110,118,119,911,999,120,122,110,112,911,000,08,999,118,119,120,122
12-05 12:01:50.686   246   780 I QMI-RIL : qmi_ril(1/246): RIL[1] qcril_qmi_pbm_emergency_list_ind_hdlr: Update emergency number from OEM cid=[ALL]. temp_eclist is : 911,112,112,911,000,08,110,999,118,119,112,000,08,110,118,119,911,999,120,122,110,112,911,000,08,999,118,119,120,122
12-05 12:01:50.686   246   780 I QMI-RIL : qmi_ril(1/246): RIL[1] qcril_qmi_pbm_emergency_list_ind_hdlr: Update emergency number from OEM carrier=[ro.ril.ecc.ALL]. temp_eclist is : 911,112,112,911,000,08,110,999,118,119,112,000,08,110,118,119,911,999,120,122,110,112,911,000,08,999,118,119,120,122
12-05 12:01:50.686   246   780 I QMI-RIL : qmi_ril(1/246): RIL[1] qcril_qmi_pbm_emergency_list_ind_hdlr: Updated ril.ecclist= 911,112,000,08,110,999,118,119,120,122
12-05 12:01:50.686   246   780 I QMI-RIL : qmi_ril(1/246): RIL[1] qcril_qmi_pbm_emergency_list_ind_hdlr: function exit
12-05 12:01:50.686   246   780 I QMI-RIL : qmi_ril(1/246): RIL[1] qcril_qmi_pbm_unsol_ind_cb: function exit with ret 0
12-05 12:01:50.686   246   780 D QC-QMI  : qmi_client [246] 2: Received 78 bytes on fd = 20
12-05 12:01:50.686   246   780 D QC-QMI  :  API Flag .............. 1 
12-05 12:01:50.686   246   780 D QC-QMI  :  Message ID ............... 33 
12-05 12:01:50.686   246   780 D QC-QMI  :  Calling cooked async Callback 
12-05 12:01:50.686   246   780 D QC-QMI  :  Inside qmi_client_decode_msg_async  Callback 
12-05 12:01:50.686   246   780 I QMI-RIL : qmi_ril(1/246): RIL[1][qmi_cb] qcril_qmi_qmi_thread_name_init_cb: transp_err 0
12-05 12:01:50.686   246   780 I QMI-RIL : qmi_ril(1/246): RIL[1][qmi_cb] qcril_qmi_util_convert_qmi_response_codes_to_ril_result_ex: ctx check 0
12-05 12:01:50.686   246   780 I QMI-RIL : qmi_ril(1/246): RIL[1][qmi_cb] qcril_qmi_qmi_thread_name_init_cb: Device Manufacturer : QUALCOMM INCORPORATED
12-05 12:01:50.686   246   780 I QMI-RIL : qmi_ril(1/246): RIL[1][qmi_cb] qcril_qmi_qmi_thread_name_init_cb: function exit
12-05 12:01:50.686   243   725 D QC-QMI  : QMI platform I/O... blocking on read  port[/dev/hsicctl0] conn_id[9]
12-05 12:01:50.686   243   725 D QC-QMI  : qmi_qmux: TX/RX - RX 158 bytes on conn_id=9
12-05 12:01:50.686   243   725 D QC-QMI  : QMI_Msg Len: [158], Serv_ID: [CTL(0x0)], Msg_ID: [GET_VER_INFO(0x21)], Trans_ID: [30][Response], Conn_ID:[9]
12-05 12:01:50.686   243   725 D QC-QMI  : 01 9D 00 80 00 00 01 1E 21 00 92 00 02 04 00 00 00 00 00 01 88 00 1B 00 01 00 05 00 01 01 00 17 
12-05 12:01:50.686   243   725 D QC-QMI  : 00 02 01 00 0D 00 03 01 00 19 00 04 01 00 03 00 05 01 00 0A 00 07 01 00 02 00 08 01 00 02 00 09 
12-05 12:01:50.686   243   725 D QC-QMI  : 02 00 01 00 0A 02 00 10 00 0B 01 00 19 00 0C 01 00 04 00 0F 01 00 00 00 10 02 00 00 00 11 01 00 
12-05 12:01:50.686   243   725 D QC-QMI  : 00 00 12 01 00 00 00 14 01 00 00 00 17 01 00 00 00 18 01 00 00 00 1A 01 00 03 00 1D 01 00 00 00 
12-05 12:01:50.686   243   725 D QC-QMI  : 1F 01 00 00 00 20 01 00 00 00 21 01 00 00 00 24 01 00 00 00 29 01 00 00 00 E5 01 00 00 00 
12-05 12:01:50.686   243   725 D QC-QMI  :  Striping of the standard result code ...
12-05 12:01:50.686   243   725 D QC-QMI  :  Parsing the version information ...
12-05 12:01:50.686   243   725 D QC-QMI  : Parsing the version list 
12-05 12:01:50.686   243   725 D QC-QMI  : Number of instances is :27
12-05 12:01:50.686   243   725 D QC-QMI  : Service ID ........0
12-05 12:01:50.686   243   725 D QC-QMI  : Major Number.......1
12-05 12:01:50.686   243   725 D QC-QMI  : Minor Number.......5
12-05 12:01:50.686   243   725 D QC-QMI  : Service ID ........1
12-05 12:01:50.686   243   725 D QC-QMI  : Major Number.......1
12-05 12:01:50.686   243   725 D QC-QMI  : Minor Number.......23
12-05 12:01:50.686   243   725 D QC-QMI  : Service ID ........2
12-05 12:01:50.686   243   725 D QC-QMI  : Major Number.......1
12-05 12:01:50.686   243   725 D QC-QMI  : Minor Number.......13
12-05 12:01:50.686   243   725 D QC-QMI  : Service ID ........3
12-05 12:01:50.686   243   725 D QC-QMI  : Major Number.......1
12-05 12:01:50.686   243   725 D QC-QMI  : Minor Number.......25
12-05 12:01:50.686   243   725 D QC-QMI  : Service ID ........4
12-05 12:01:50.686   243   725 D QC-QMI  : Major Number.......1
12-05 12:01:50.686   243   725 D QC-QMI  : Minor Number.......3
12-05 12:01:50.686   243   725 D QC-QMI  : Service ID ........5
12-05 12:01:50.686   243   725 D QC-QMI  : Major Number.......1
12-05 12:01:50.686   243   725 D QC-QMI  : Minor Number.......10
12-05 12:01:50.686   243   725 D QC-QMI  : Service ID ........7
12-05 12:01:50.686   243   725 D QC-QMI  : Major Number.......1
12-05 12:01:50.686   243   725 D QC-QMI  : Minor Number.......2
12-05 12:01:50.686   243   725 D QC-QMI  : Service ID ........8
12-05 12:01:50.686   243   725 D QC-QMI  : Major Number.......1
12-05 12:01:50.686   243   725 D QC-QMI  : Minor Number.......2
12-05 12:01:50.686   243   725 D QC-QMI  : Service ID ........9
12-05 12:01:50.686   243   725 D QC-QMI  : Major Number.......2
12-05 12:01:50.686   243   725 D QC-QMI  : Minor Number.......1
12-05 12:01:50.686   243   725 D QC-QMI  : Service ID ........10
12-05 12:01:50.686   243   725 D QC-QMI  : Major Number.......2
12-05 12:01:50.686   243   725 D QC-QMI  : Minor Number.......16
12-05 12:01:50.686   243   725 D QC-QMI  : Service ID ........11
12-05 12:01:50.686   243   725 D QC-QMI  : Major Number.......1
12-05 12:01:50.686   243   725 D QC-QMI  : Minor Number.......25
12-05 12:01:50.686   243   725 D QC-QMI  : Service ID ........12
12-05 12:01:50.686   243   725 D QC-QMI  : Major Number.......1
12-05 12:01:50.686   243   725 D QC-QMI  : Minor Number.......4
12-05 12:01:50.686   243   725 D QC-QMI  : Service ID ........15
12-05 12:01:50.686   243   725 D QC-QMI  : Major Number.......1
12-05 12:01:50.686   243   725 D QC-QMI  : Minor Number.......0
12-05 12:01:50.686   243   725 D QC-QMI  : Service ID ........16
12-05 12:01:50.686   243   725 D QC-QMI  : Major Number.......2
12-05 12:01:50.686   243   725 D QC-QMI  : Minor Number.......0
12-05 12:01:50.686   243   725 D QC-QMI  : Service ID ........17
12-05 12:01:50.686   243   725 D QC-QMI  : Major Number.......1
12-05 12:01:50.686   243   725 D QC-QMI  : Minor Number.......0
12-05 12:01:50.686   243   725 D QC-QMI  : Service ID ........18
12-05 12:01:50.686   243   725 D QC-QMI  : Major Number.......1
12-05 12:01:50.686   243   725 D QC-QMI  : Minor Number.......0
12-05 12:01:50.686   243   725 D QC-QMI  : Service ID ........20
12-05 12:01:50.686   243   725 D QC-QMI  : Major Number.......1
12-05 12:01:50.686   243   725 D QC-QMI  : Minor Number.......0
12-05 12:01:50.686   243   725 D QC-QMI  : Service ID ........23
12-05 12:01:50.686   243   725 D QC-QMI  : Major Number.......1
12-05 12:01:50.686   243   725 D QC-QMI  : Minor Number.......0
12-05 12:01:50.686   243   725 D QC-QMI  : Service ID ........24
12-05 12:01:50.686   243   725 D QC-QMI  : Major Number.......1
12-05 12:01:50.686   243   725 D QC-QMI  : Minor Number.......0
12-05 12:01:50.686   243   725 D QC-QMI  : Service ID ........26
12-05 12:01:50.686   243   725 D QC-QMI  : Major Number.......1
12-05 12:01:50.686   243   725 D QC-QMI  : Minor Number.......3
12-05 12:01:50.686   243   725 D QC-QMI  : Service ID ........29
12-05 12:01:50.686   243   725 D QC-QMI  : Major Number.......1
12-05 12:01:50.686   243   725 D QC-QMI  : Minor Number.......0
12-05 12:01:50.686   243   725 D QC-QMI  : Service ID ........31
12-05 12:01:50.686   243   725 D QC-QMI  : Major Number.......1
12-05 12:01:50.686   243   725 D QC-QMI  : Minor Number.......0
12-05 12:01:50.686   243   725 D QC-QMI  : Service ID ........32
12-05 12:01:50.686   243   725 D QC-QMI  : Major Number.......1
12-05 12:01:50.686   243   725 D QC-QMI  : Minor Number.......0
12-05 12:01:50.686   243   725 D QC-QMI  : Service ID ........33
12-05 12:01:50.686   243   725 D QC-QMI  : Major Number.......1
12-05 12:01:50.686   243   725 D QC-QMI  : Minor Number.......0
12-05 12:01:50.686   243   725 D QC-QMI  : Service ID ........36
12-05 12:01:50.686   243   725 D QC-QMI  : Major Number.......1
12-05 12:01:50.686   243   725 D QC-QMI  : Minor Number.......0
12-05 12:01:50.686   243   725 D QC-QMI  : Service ID ........41
12-05 12:01:50.686   243   725 D QC-QMI  : Major Number.......1
12-05 12:01:50.686   243   725 D QC-QMI  : Minor Number.......0
12-05 12:01:50.686   243   725 D QC-QMI  : Service ID ........229
12-05 12:01:50.686   243   725 D QC-QMI  : Major Number.......1
12-05 12:01:50.686   243   725 D QC-QMI  : Minor Number.......0
12-05 12:01:50.686   243   725 D QC-QMI  : Parsing successful ........
12-05 12:01:50.686   243   725 D QC-QMI  : qmuxd: TX message on fd=22, to clientID = 3, len=856
12-05 12:01:50.686   243   725 E QC-QMI  : QMI platform I/O... blocking on poll fds
12-05 12:01:50.686   235   781 D QC-QMI  : qmi_client [235] 3: Received 856 bytes on fd = 25
12-05 12:01:50.686   235   781 D QC-QMI  : Sending signal ...... to read cmd data 
12-05 12:01:50.686   235   346 D QC-QMI  : qmi error code.........:0
12-05 12:01:50.686   235   346 D QC-QMI  : qmi sys error code.........:0
12-05 12:01:50.686   235   346 D QC-QMI  :  Number of services:27
12-05 12:01:50.686   235   346 D QC-QMI  : qmi_client [235] 3: sending 856 bytes on fd = 25
12-05 12:01:50.686   243   243 D QC-QMI  : qmuxd: RX 856 bytes on fd=22 from qmux_client_id=3
12-05 12:01:50.686   243   243 D QC-QMI  : Sending control message with message id:22
12-05 12:01:50.686   243   243 D QC-QMI  : qmi_qmux: TX/RX - TX 16 bytes on conn_id=9
12-05 12:01:50.686   243   243 D QC-QMI  : QMI_Msg Len: [16], Serv_ID: [CTL(0x0)], Msg_ID: [GET_CLIENT_ID(0x22)], Trans_ID: [31][Request], Conn_ID:[9]
12-05 12:01:50.686   243   243 D QC-QMI  : 01 0F 00 00 00 00 00 1F 22 00 04 00 01 01 00 13 
12-05 12:01:50.686   246   343 D QC-QMI  : qmi_init:  Already initialized, not calling process init sequence
12-05 12:01:50.686   246   343 D QC-QMI  : qmi_init:  Created client handle 41913598
12-05 12:01:50.686   246   343 D QC-QMI  : qmi_client [246] 2: sending 856 bytes on fd = 20
12-05 12:01:50.686   243   243 D QC-QMI  : qmuxd: RX 856 bytes on fd=21 from qmux_client_id=2
12-05 12:01:50.686   243   243 D QC-QMI  : Sending control message with message id:22
12-05 12:01:50.686   243   243 D QC-QMI  : qmi_qmux: TX/RX - TX 16 bytes on conn_id=19
12-05 12:01:50.686   243   243 D QC-QMI  : QMI_Msg Len: [16], Serv_ID: [CTL(0x0)], Msg_ID: [GET_CLIENT_ID(0x22)], Trans_ID: [20][Request], Conn_ID:[19]
12-05 12:01:50.686   243   243 D QC-QMI  : 01 0F 00 00 00 00 00 14 22 00 04 00 01 01 00 0B 
12-05 12:01:50.686   243   766 D QC-QMI  : QMI platform I/O... blocking on read  port[/dev/smuxctl32] conn_id[19]
12-05 12:01:50.686   243   766 D QC-QMI  : qmi_qmux: TX/RX - RX 24 bytes on conn_id=19
12-05 12:01:50.686   243   766 D QC-QMI  : QMI_Msg Len: [24], Serv_ID: [CTL(0x0)], Msg_ID: [GET_CLIENT_ID(0x22)], Trans_ID: [20][Response], Conn_ID:[19]
12-05 12:01:50.686   243   766 D QC-QMI  : 01 17 00 80 00 00 01 14 22 00 0C 00 02 04 00 00 00 00 00 01 02 00 0B 01 
12-05 12:01:50.686   243   766 D QC-QMI  :  Striping of the standard result code ...
12-05 12:01:50.686   243   766 D QC-QMI  : qmuxd: TX message on fd=21, to clientID = 2, len=856
12-05 12:01:50.686   243   766 E QC-QMI  : QMI platform I/O... blocking on poll fds
12-05 12:01:50.686   246   780 D QC-QMI  : qmi_client [246] 2: Received 856 bytes on fd = 20
12-05 12:01:50.686   246   780 D QC-QMI  : Sending signal ...... to read cmd data 
12-05 12:01:50.686   246   343 D QC-QMI  : qmi error code.........:0
12-05 12:01:50.686   246   343 D QC-QMI  : qmi sys error code.........:0
12-05 12:01:50.686   246   343 D QC-QMI  : Setting the api flag to : 1
12-05 12:01:50.686   246   343 D QC-QMI  : qmi_client [246] 2: sending 54 bytes on fd = 20
12-05 12:01:50.686   243   243 D QC-QMI  : qmuxd: RX 54 bytes on fd=21 from qmux_client_id=2
12-05 12:01:50.686   243   243 D QC-QMI  : qmi_qmux: TX/RX - TX 20 bytes on conn_id=19
12-05 12:01:50.686   243   243 D QC-QMI  : QMI_Msg Len: [20], Serv_ID: [UIM(0xb)], Msg_ID: [EVENT_REG(0x2e)], Trans_ID: [1][Request], Conn_ID:[19]
12-05 12:01:50.686   243   243 D QC-QMI  : 01 13 00 00 0B 01 00 01 00 2E 00 07 00 01 04 00 01 00 00 00 
12-05 12:01:50.696   243   766 D QC-QMI  : QMI platform I/O... blocking on read  port[/dev/smuxctl32] conn_id[19]
12-05 12:01:50.696   243   766 D QC-QMI  : qmi_qmux: TX/RX - RX 27 bytes on conn_id=19
12-05 12:01:50.696   243   766 D QC-QMI  : QMI_Msg Len: [27], Serv_ID: [UIM(0xb)], Msg_ID: [EVENT_REG(0x2e)], Trans_ID: [1][Response], Conn_ID:[19]
12-05 12:01:50.696   243   766 D QC-QMI  : 01 1A 00 80 0B 01 02 01 00 2E 00 0E 00 02 04 00 00 00 00 00 10 04 00 01 00 00 00 
12-05 12:01:50.696   243   766 D QC-QMI  : qmuxd: TX message on fd=21, to clientID = 2, len=61
12-05 12:01:50.696   243   766 E QC-QMI  : QMI platform I/O... blocking on poll fds
12-05 12:01:50.696   246   780 D QC-QMI  : qmi_client [246] 2: Received 61 bytes on fd = 20
12-05 12:01:50.696   246   780 D QC-QMI  :  API Flag .............. 1 
12-05 12:01:50.696   246   780 D QC-QMI  :  Message ID ............... 46 
12-05 12:01:50.696   246   343 D QC-QMI  :  Getting maximum message length
12-05 12:01:50.696   246   343 D QC-QMI  :  The maximum message length is : 0
12-05 12:01:50.696   246   343 D QC-QMI  :  Service id: 11
12-05 12:01:50.696   246   343 D QC-QMI  :  Setting up transaction 
12-05 12:01:50.696   246   343 D QC-QMI  :  Message ID .....................47
12-05 12:01:50.696   246   343 D QC-QMI  :  Setting up api flag ........... 1
12-05 12:01:50.696   246   343 D QC-QMI  :  Sending message 
12-05 12:01:50.696   246   343 D QC-QMI  : qmi_client [246] 2: sending 47 bytes on fd = 20
12-05 12:01:50.696   246   343 D QC-QMI  :  Releasing Transaction 
12-05 12:01:50.696   243   243 D QC-QMI  : qmuxd: RX 47 bytes on fd=21 from qmux_client_id=2
12-05 12:01:50.696   243   243 D QC-QMI  : qmi_qmux: TX/RX - TX 13 bytes on conn_id=19
12-05 12:01:50.696   243   243 D QC-QMI  : QMI_Msg Len: [13], Serv_ID: [UIM(0xb)], Msg_ID: [GET_CARD_STATUS(0x2f)], Trans_ID: [2][Request], Conn_ID:[19]
12-05 12:01:50.696   243   243 D QC-QMI  : 01 0C 00 00 0B 01 00 02 00 2F 00 00 00 
12-05 12:01:50.696   246   343 D QMI-RIL : qmi_ril(1/246): RIL[1][main] qcril_gstk_qmi_init: qcril_gstk_qmi_init
12-05 12:01:50.696   246   343 I QMI-RIL : qmi_ril(1/246): RIL[1][main] qcril_gstk_find_slot_mask: slot_mask found: 0x1
12-05 12:01:50.696   246   343 D QC-QMI  : qmi_client [246] 2: sending 856 bytes on fd = 20
12-05 12:01:50.696   243   243 D QC-QMI  : qmuxd: RX 856 bytes on fd=21 from qmux_client_id=2
12-05 12:01:50.696   243   243 D QC-QMI  : Sending control message with message id:22
12-05 12:01:50.696   243   243 D QC-QMI  : qmi_qmux: TX/RX - TX 16 bytes on conn_id=19
12-05 12:01:50.696   243   243 D QC-QMI  : QMI_Msg Len: [16], Serv_ID: [CTL(0x0)], Msg_ID: [GET_CLIENT_ID(0x22)], Trans_ID: [21][Request], Conn_ID:[19]
12-05 12:01:50.696   243   243 D QC-QMI  : 01 0F 00 00 00 00 00 15 22 00 04 00 01 01 00 0A 
12-05 12:01:50.696   243   766 D QC-QMI  : QMI platform I/O... blocking on read  port[/dev/smuxctl32] conn_id[19]
12-05 12:01:50.696   243   766 D QC-QMI  : qmi_qmux: TX/RX - RX 38 bytes on conn_id=19
12-05 12:01:50.696   243   766 D QC-QMI  : QMI_Msg Len: [38], Serv_ID: [UIM(0xb)], Msg_ID: [GET_CARD_STATUS(0x2f)], Trans_ID: [2][Response], Conn_ID:[19]
12-05 12:01:50.696   243   766 D QC-QMI  : 01 25 00 80 0B 01 02 02 00 2F 00 19 00 02 04 00 00 00 00 00 10 0F 00 FF FF FF FF FF FF FF FF 01 
12-05 12:01:50.696   243   766 D QC-QMI  : 02 00 00 00 03 00 
12-05 12:01:50.696   243   766 D QC-QMI  : qmuxd: TX message on fd=21, to clientID = 2, len=72
12-05 12:01:50.696   243   766 E QC-QMI  : QMI platform I/O... blocking on poll fds
12-05 12:01:50.696   246   780 D QC-QMI  : qmi_client [246] 2: Received 72 bytes on fd = 20
12-05 12:01:50.696   246   780 D QC-QMI  :  API Flag .............. 1 
12-05 12:01:50.696   246   780 D QC-QMI  :  Message ID ............... 47 
12-05 12:01:50.696   246   780 D QC-QMI  :  Calling cooked async Callback 
12-05 12:01:50.696   246   780 D QC-QMI  :  Inside qmi_client_decode_msg_async  Callback 
12-05 12:01:50.696   246   780 I QMI-RIL : qmi_ril(1/246): RIL[1][qmi_cb] qmi_uim_client_async_cb: qmi_uim_client_async_cb: msg_id = 0x2f 
12-05 12:01:50.696   246   780 I QMI-RIL : qmi_ril(1/246): RIL[1][qmi_cb] qmi_uim_card_init_callback: qmi_uim_card_init_callback
12-05 12:01:50.696   246   780 I QMI-RIL : qmi_ril(1/246): RIL[1][qmi_cb] qcril_uim_indication_cb: qcril_uim_indication_cb: ind = 0x1
12-05 12:01:50.696   246   780 I QMI-RIL : qmi_ril(1/246): RIL[1][qmi_cb] qcril_uim_indication_cb: qcril_uim_indication_cb qcril_event_queue
12-05 12:01:50.696   246   780 D QMI-RIL : qmi_ril(1/246): RIL[1][qmi_cb] qcril_event_queue: RID 1 MID 0 Queued event UIM_QMI_INDICATION (1160 bytes)(obj 0x4192ca60)
12-05 12:01:50.696   246   780 I QMI-RIL : qmi_ril(1/246): RIL[1][qmi_cb] qcril_uim_qmi_free_data: qcril_uim_qmi_free_data: requires no data to be freed
12-05 12:01:50.696   243   766 D QC-QMI  : QMI platform I/O... blocking on read  port[/dev/smuxctl32] conn_id[19]
12-05 12:01:50.696   243   766 D QC-QMI  : qmi_qmux: TX/RX - RX 24 bytes on conn_id=19
12-05 12:01:50.696   243   766 D QC-QMI  : QMI_Msg Len: [24], Serv_ID: [CTL(0x0)], Msg_ID: [GET_CLIENT_ID(0x22)], Trans_ID: [21][Response], Conn_ID:[19]
12-05 12:01:50.696   243   766 D QC-QMI  : 01 17 00 80 00 00 01 15 22 00 0C 00 02 04 00 00 00 00 00 01 02 00 0A 01 
12-05 12:01:50.696   243   766 D QC-QMI  :  Striping of the standard result code ...
12-05 12:01:50.696   243   766 D QC-QMI  : qmuxd: TX message on fd=21, to clientID = 2, len=856
12-05 12:01:50.696   243   766 E QC-QMI  : QMI platform I/O... blocking on poll fds
12-05 12:01:50.696   246   780 D QC-QMI  : qmi_client [246] 2: Received 856 bytes on fd = 20
12-05 12:01:50.696   246   780 D QC-QMI  : Sending signal ...... to read cmd data 
12-05 12:01:50.696   246   343 D QC-QMI  : qmi error code.........:0
12-05 12:01:50.696   246   343 D QC-QMI  : qmi sys error code.........:0
12-05 12:01:50.696   246   343 D QC-QMI  : Setting the api flag to : 0
12-05 12:01:50.696   246   343 D QC-QMI  : qmi_client [246] 2: sending 58 bytes on fd = 20
12-05 12:01:50.696   243   243 D QC-QMI  : qmuxd: RX 58 bytes on fd=21 from qmux_client_id=2
12-05 12:01:50.696   243   243 D QC-QMI  : qmi_qmux: TX/RX - TX 24 bytes on conn_id=19
12-05 12:01:50.696   243   243 D QC-QMI  : QMI_Msg Len: [24], Serv_ID: [CAT(0xa)], Msg_ID: [SET_EVENT_REPORT(0x1)], Trans_ID: [1][Request], Conn_ID:[19]
12-05 12:01:50.696   243   243 D QC-QMI  : 01 17 00 00 0A 01 00 01 00 01 00 0B 00 10 04 00 FF F7 7F 00 12 01 00 01 
12-05 12:01:50.696   243   766 D QC-QMI  : QMI platform I/O... blocking on read  port[/dev/smuxctl32] conn_id[19]
12-05 12:01:50.696   243   766 D QC-QMI  : qmi_qmux: TX/RX - RX 20 bytes on conn_id=19
12-05 12:01:50.696   243   766 D QC-QMI  : QMI_Msg Len: [20], Serv_ID: [CAT(0xa)], Msg_ID: [SET_EVENT_REPORT(0x1)], Trans_ID: [1][Response], Conn_ID:[19]
12-05 12:01:50.696   243   766 D QC-QMI  : 01 13 00 80 0A 01 02 01 00 01 00 07 00 02 04 00 00 00 00 00 
12-05 12:01:50.696   243   766 D QC-QMI  : qmuxd: TX message on fd=21, to clientID = 2, len=54
12-05 12:01:50.696   243   725 D QC-QMI  : QMI platform I/O... blocking on read  port[/dev/hsicctl0] conn_id[9]
12-05 12:01:50.696   243   766 E QC-QMI  : QMI platform I/O... blocking on poll fds
12-05 12:01:50.696   243   725 D QC-QMI  : qmi_qmux: TX/RX - RX 19 bytes on conn_id=9
12-05 12:01:50.696   243   725 D QC-QMI  : QMI_Msg Len: [19], Serv_ID: [CTL(0x0)], Msg_ID: [GET_CLIENT_ID(0x22)], Trans_ID: [31][Response], Conn_ID:[9]
12-05 12:01:50.696   243   725 D QC-QMI  : 01 12 00 80 00 00 01 1F 22 00 07 00 02 04 00 01 00 1F 00 
12-05 12:01:50.696   243   725 D QC-QMI  :  Striping of the standard result code ...
12-05 12:01:50.696   246   780 D QC-QMI  : qmi_client [246] 2: Received 54 bytes on fd = 20
12-05 12:01:50.696   243   725 D QC-QMI  : qmuxd: TX message on fd=22, to clientID = 3, len=856
12-05 12:01:50.696   246   780 D QC-QMI  :  API Flag .............. 0 
12-05 12:01:50.696   246   780 D QC-QMI  :  Message ID ............... 1 
12-05 12:01:50.696   246   780 D QC-QMI  :  Striping off the standard result code 
12-05 12:01:50.696   243   725 E QC-QMI  : QMI platform I/O... blocking on poll fds
12-05 12:01:50.696   235   781 D QC-QMI  : qmi_client [235] 3: Received 856 bytes on fd = 25
12-05 12:01:50.696   235   781 D QC-QMI  : Sending signal ...... to read cmd data 
12-05 12:01:50.696   235   346 D QC-QMI  : qmi error code.........:31
12-05 12:01:50.696   235   346 D QC-QMI  : qmi sys error code.........:-2
12-05 12:01:50.696   235   346 E QC-QMI  : qmi_qmux_if_alloc_service_client return code=-2
12-05 12:01:50.696   235   346 I QMI-RIL : qmi_ril(0/235): RIL[0][main] qcril_qmi_init_core_client_handles: qcril_qmi_vt_init returned failure(31)
12-05 12:01:50.696   235   346 D QC-QMI  : qmi_client [235] 3: sending 856 bytes on fd = 25
12-05 12:01:50.696   243   243 D QC-QMI  : qmuxd: RX 856 bytes on fd=22 from qmux_client_id=3
12-05 12:01:50.696   243   243 D QC-QMI  : Sending control message with message id:22
12-05 12:01:50.696   243   243 D QC-QMI  : qmi_qmux: TX/RX - TX 16 bytes on conn_id=9
12-05 12:01:50.696   243   243 D QC-QMI  : QMI_Msg Len: [16], Serv_ID: [CTL(0x0)], Msg_ID: [GET_CLIENT_ID(0x22)], Trans_ID: [32][Request], Conn_ID:[9]
12-05 12:01:50.696   243   243 D QC-QMI  : 01 0F 00 00 00 00 00 20 22 00 04 00 01 01 00 1F 
12-05 12:01:50.696   246   343 D QMI-RIL : qmi_ril(1/246): RIL[1][main] qcril_scws_initalize: qcril_scws initalized
12-05 12:01:50.696   246   343 I QMI-RIL : qmi_ril(1/246): RIL[1][main] qcril_gstk_find_slot_mask: slot_mask found: 0x1
12-05 12:01:50.696   246   343 D QC-QMI  : Setting the api flag to : 0
12-05 12:01:50.696   246   343 D QC-QMI  : qmi_client [246] 2: sending 58 bytes on fd = 20
12-05 12:01:50.696   243   243 D QC-QMI  : qmuxd: RX 58 bytes on fd=21 from qmux_client_id=2
12-05 12:01:50.696   243   243 D QC-QMI  : qmi_qmux: TX/RX - TX 24 bytes on conn_id=19
12-05 12:01:50.696   243   243 D QC-QMI  : QMI_Msg Len: [24], Serv_ID: [CAT(0xa)], Msg_ID: [SET_EVENT_REPORT(0x1)], Trans_ID: [2][Request], Conn_ID:[19]
12-05 12:01:50.696   243   243 D QC-QMI  : 01 17 00 00 0A 01 00 02 00 01 00 0B 00 11 04 00 00 00 80 00 12 01 00 01 
12-05 12:01:50.706   243   766 D QC-QMI  : QMI platform I/O... blocking on read  port[/dev/smuxctl32] conn_id[19]
12-05 12:01:50.706   243   766 D QC-QMI  : qmi_qmux: TX/RX - RX 20 bytes on conn_id=19
12-05 12:01:50.706   243   766 D QC-QMI  : QMI_Msg Len: [20], Serv_ID: [CAT(0xa)], Msg_ID: [SET_EVENT_REPORT(0x1)], Trans_ID: [2][Response], Conn_ID:[19]
12-05 12:01:50.706   243   766 D QC-QMI  : 01 13 00 80 0A 01 02 02 00 01 00 07 00 02 04 00 00 00 00 00 
12-05 12:01:50.706   243   766 D QC-QMI  : qmuxd: TX message on fd=21, to clientID = 2, len=54
12-05 12:01:50.706   243   766 E QC-QMI  : QMI platform I/O... blocking on poll fds
12-05 12:01:50.706   246   780 D QC-QMI  : qmi_client [246] 2: Received 54 bytes on fd = 20
12-05 12:01:50.706   246   780 D QC-QMI  :  API Flag .............. 0 
12-05 12:01:50.706   246   780 D QC-QMI  :  Message ID ............... 1 
12-05 12:01:50.706   246   780 D QC-QMI  :  Striping off the standard result code 
12-05 12:01:50.706   246   343 I QMI-RIL : qmi_ril(1/246): RIL[1][main] qcril_gstk_qmi_init: QCRIL_GSTK_QMI_INIT success
12-05 12:01:50.706   246   343 D QMI-RIL : qmi_ril(1/246): RIL[1][main] qcril_data_init: qcril_data_init: ENTRY
12-05 12:01:50.706   246   343 E QC-DS-LIB: dsi_process_baseband(): ENTRY
12-05 12:01:50.706   246   343 E QC-DS-LIB: baseband property is set to [dsda]
12-05 12:01:50.706   246   343 E QC-DS-LIB: dsi_get_ril_instance: instance 1
12-05 12:01:50.706   246   343 E QC-DS-LIB: QOS property is set to [] enable [0]
12-05 12:01:50.706   246   343 E QC-DS-LIB: dsi_iface_tbl[0].wds_dev_str is set to [rmnet_smux0]
12-05 12:01:50.706   246   343 E QC-DS-LIB: dsi_iface_tbl[1].wds_dev_str is set to []
12-05 12:01:50.706   246   343 E QC-DS-LIB: dsi_iface_tbl[2].wds_dev_str is set to []
12-05 12:01:50.706   246   343 E QC-DS-LIB: dsi_iface_tbl[3].wds_dev_str is set to []
12-05 12:01:50.706   246   343 E QC-DS-LIB: dsi_iface_tbl[4].wds_dev_str is set to []
12-05 12:01:50.706   246   343 E QC-DS-LIB: dsi_iface_tbl[5].wds_dev_str is set to []
12-05 12:01:50.706   246   343 E QC-DS-LIB: dsi_iface_tbl[6].wds_dev_str is set to []
12-05 12:01:50.706   246   343 E QC-DS-LIB: dsi_iface_tbl[7].wds_dev_str is set to []
12-05 12:01:50.706   246   343 E QC-DS-LIB: dsi_iface_tbl[8].wds_dev_str is set to []
12-05 12:01:50.706   246   343 E QC-DS-LIB: dsi_iface_tbl[9].wds_dev_str is set to []
12-05 12:01:50.706   246   343 E QC-DS-LIB: dsi_iface_tbl[10].wds_dev_str is set to []
12-05 12:01:50.706   246   343 E QC-DS-LIB: dsi_iface_tbl[11].wds_dev_str is set to []
12-05 12:01:50.706   246   343 E QC-DS-LIB: dsi_iface_tbl[12].wds_dev_str is set to []
12-05 12:01:50.706   246   343 E QC-DS-LIB: dsi_iface_tbl[13].wds_dev_str is set to []
12-05 12:01:50.706   246   343 E QC-DS-LIB: dsi_iface_tbl[14].wds_dev_str is set to []
12-05 12:01:50.706   246   343 E QC-DS-LIB: dsi_iface_tbl[15].wds_dev_str is set to []
12-05 12:01:50.706   246   343 E QC-DS-LIB: dsi_init init modem DSI_RADIO_4GMODEM with LTE/DO technology support cotains iface ids 8..15
12-05 12:01:50.706   246   343 E QC-DS-LIB: dsi_init init modem DSI_RADIO_3GMODEM with 1X technology support  contains iface id 0..7
12-05 12:01:50.706   246   343 E QC-DS-LIB: dsi_mni_init: ENTRY
12-05 12:01:50.706   246   343 D QC-QMI  : qmi_init:  Already initialized, not calling process init sequence
12-05 12:01:50.706   246   343 D QC-QMI  : qmi_init:  Created client handle 4192cab8
12-05 12:01:50.706   246   343 E QC-DS-LIB: dsi_mni_init_clients: ENTRY
12-05 12:01:50.706   246   343 E QC-DS-LIB: dsi_mni_init_clients: init iface [0]: START
12-05 12:01:50.706   246   343 E QC-DS-LIB: dsi_mni_init_clients: init qmi connection [rmnet_smux0]
12-05 12:01:50.706   246   343 E QC-DS-LIB: dsi_mni_init_clients: init wds srvc clientwith name [rmnet_smux0]
12-05 12:01:50.706   246   343 D QC-QMI  : qmi_client [246] 2: sending 856 bytes on fd = 20
12-05 12:01:50.706   243   243 D QC-QMI  : qmuxd: RX 856 bytes on fd=21 from qmux_client_id=2
12-05 12:01:50.706   243   243 D QC-QMI  : Sending control message with message id:22
12-05 12:01:50.706   243   243 D QC-QMI  : qmi_qmux: TX/RX - TX 16 bytes on conn_id=19
12-05 12:01:50.706   243   243 D QC-QMI  : QMI_Msg Len: [16], Serv_ID: [CTL(0x0)], Msg_ID: [GET_CLIENT_ID(0x22)], Trans_ID: [22][Request], Conn_ID:[19]
12-05 12:01:50.706   243   243 D QC-QMI  : 01 0F 00 00 00 00 00 16 22 00 04 00 01 01 00 01 
12-05 12:01:50.706   243   766 D QC-QMI  : QMI platform I/O... blocking on read  port[/dev/smuxctl32] conn_id[19]
12-05 12:01:50.706   243   766 D QC-QMI  : qmi_qmux: TX/RX - RX 24 bytes on conn_id=19
12-05 12:01:50.706   243   766 D QC-QMI  : QMI_Msg Len: [24], Serv_ID: [CTL(0x0)], Msg_ID: [GET_CLIENT_ID(0x22)], Trans_ID: [22][Response], Conn_ID:[19]
12-05 12:01:50.706   243   766 D QC-QMI  : 01 17 00 80 00 00 01 16 22 00 0C 00 02 04 00 00 00 00 00 01 02 00 01 02 
12-05 12:01:50.706   243   766 D QC-QMI  :  Striping of the standard result code ...
12-05 12:01:50.706   243   766 D QC-QMI  : qmuxd: TX message on fd=21, to clientID = 2, len=856
12-05 12:01:50.706   243   766 E QC-QMI  : QMI platform I/O... blocking on poll fds
12-05 12:01:50.706   246   780 D QC-QMI  : qmi_client [246] 2: Received 856 bytes on fd = 20
12-05 12:01:50.706   246   780 D QC-QMI  : Sending signal ...... to read cmd data 
12-05 12:01:50.706   246   343 D QC-QMI  : qmi error code.........:0
12-05 12:01:50.706   246   343 D QC-QMI  : qmi sys error code.........:0
12-05 12:01:50.706   246   343 D QC-QMI  : qmi_client [246] 2: sending 856 bytes on fd = 20
12-05 12:01:50.706   243   243 D QC-QMI  : qmuxd: RX 856 bytes on fd=21 from qmux_client_id=2
12-05 12:01:50.706   243   243 D QC-QMI  : Sending control message with message id:22
12-05 12:01:50.706   243   243 D QC-QMI  : qmi_qmux: TX/RX - TX 16 bytes on conn_id=19
12-05 12:01:50.706   243   243 D QC-QMI  : QMI_Msg Len: [16], Serv_ID: [CTL(0x0)], Msg_ID: [GET_CLIENT_ID(0x22)], Trans_ID: [23][Request], Conn_ID:[19]
12-05 12:01:50.706   243   243 D QC-QMI  : 01 0F 00 00 00 00 00 17 22 00 04 00 01 01 00 01 
12-05 12:01:50.706   243   766 D QC-QMI  : QMI platform I/O... blocking on read  port[/dev/smuxctl32] conn_id[19]
12-05 12:01:50.706   243   766 D QC-QMI  : qmi_qmux: TX/RX - RX 24 bytes on conn_id=19
12-05 12:01:50.706   243   766 D QC-QMI  : QMI_Msg Len: [24], Serv_ID: [CTL(0x0)], Msg_ID: [GET_CLIENT_ID(0x22)], Trans_ID: [23][Response], Conn_ID:[19]
12-05 12:01:50.706   243   766 D QC-QMI  : 01 17 00 80 00 00 01 17 22 00 0C 00 02 04 00 00 00 00 00 01 02 00 01 03 
12-05 12:01:50.706   243   766 D QC-QMI  :  Striping of the standard result code ...
12-05 12:01:50.706   243   766 D QC-QMI  : Adding client 3, service 1, conn_id=19...
12-05 12:01:50.706   243   766 D QC-QMI  : .... for qmux_client_id = 2, in slot 1, for clnt_srv_info=41dec4b0
12-05 12:01:50.706   243   766 D QC-QMI  : qmuxd: TX message on fd=21, to clientID = 2, len=856
12-05 12:01:50.706   243   766 E QC-QMI  : QMI platform I/O... blocking on poll fds
12-05 12:01:50.706   246   780 D QC-QMI  : qmi_client [246] 2: Received 856 bytes on fd = 20
12-05 12:01:50.706   246   780 D QC-QMI  : Sending signal ...... to read cmd data 
12-05 12:01:50.706   246   343 D QC-QMI  : qmi error code.........:0
12-05 12:01:50.706   246   343 D QC-QMI  : qmi sys error code.........:0
12-05 12:01:50.706   246   343 E QC-DS-LIB: qdi hndl is [0x00000001]
12-05 12:01:50.706   246   343 E QC-DS-LIB: wds hndl is [0x13020100]
12-05 12:01:50.706   246   343 E QC-DS-LIB: dsi_mni_init: init iface [0]: END
12-05 12:01:50.706   246   343 E QC-DS-LIB: dsi_mni_init_clients: init iface [1]: START
12-05 12:01:50.706   246   343 E QC-DS-LIB: dsi_mni_init_clients: init qmi connection []
12-05 12:01:50.706   246   343 E QC-QMI  : qmi_dev_connection_init: failed to find device[]
12-05 12:01:50.706   246   343 E QC-DS-LIB: dsi_mni_init_clients: qmi_connection_init failed with error 0
12-05 12:01:50.706   246   343 E QC-DS-LIB: dsi_mni_init_clients: init iface [2]: START
12-05 12:01:50.706   246   343 E QC-DS-LIB: dsi_mni_init_clients: init qmi connection []
12-05 12:01:50.706   246   343 E QC-QMI  : qmi_dev_connection_init: failed to find device[]
12-05 12:01:50.706   246   343 E QC-DS-LIB: dsi_mni_init_clients: qmi_connection_init failed with error 0
12-05 12:01:50.706   246   343 E QC-DS-LIB: dsi_mni_init_clients: init iface [3]: START
12-05 12:01:50.706   246   343 E QC-DS-LIB: dsi_mni_init_clients: init qmi connection []
12-05 12:01:50.706   246   343 E QC-QMI  : qmi_dev_connection_init: failed to find device[]
12-05 12:01:50.716   246   343 E QC-DS-LIB: dsi_mni_init_clients: qmi_connection_init failed with error 0
12-05 12:01:50.716   246   343 E QC-DS-LIB: dsi_mni_init_clients: init iface [4]: START
12-05 12:01:50.716   246   343 E QC-DS-LIB: dsi_mni_init_clients: init qmi connection []
12-05 12:01:50.716   246   343 E QC-QMI  : qmi_dev_connection_init: failed to find device[]
12-05 12:01:50.716   246   343 E QC-DS-LIB: dsi_mni_init_clients: qmi_connection_init failed with error 0
12-05 12:01:50.716   246   343 E QC-DS-LIB: dsi_mni_init_clients: init iface [5]: START
12-05 12:01:50.716   246   343 E QC-DS-LIB: dsi_mni_init_clients: init qmi connection []
12-05 12:01:50.716   246   343 E QC-QMI  : qmi_dev_connection_init: failed to find device[]
12-05 12:01:50.716   246   343 E QC-DS-LIB: dsi_mni_init_clients: qmi_connection_init failed with error 0
12-05 12:01:50.716   246   343 E QC-DS-LIB: dsi_mni_init_clients: init iface [6]: START
12-05 12:01:50.716   246   343 E QC-DS-LIB: dsi_mni_init_clients: init qmi connection []
12-05 12:01:50.716   246   343 E QC-QMI  : qmi_dev_connection_init: failed to find device[]
12-05 12:01:50.716   246   343 E QC-DS-LIB: dsi_mni_init_clients: qmi_connection_init failed with error 0
12-05 12:01:50.716   246   343 E QC-DS-LIB: dsi_mni_init_clients: init iface [7]: START
12-05 12:01:50.716   246   343 E QC-DS-LIB: dsi_mni_init_clients: init qmi connection []
12-05 12:01:50.716   246   343 E QC-QMI  : qmi_dev_connection_init: failed to find device[]
12-05 12:01:50.716   246   343 E QC-DS-LIB: dsi_mni_init_clients: qmi_connection_init failed with error 0
12-05 12:01:50.716   246   343 E QC-DS-LIB: dsi_mni_init_clients: init iface [8]: START
12-05 12:01:50.716   246   343 E QC-DS-LIB: dsi_mni_init_clients: init qmi connection []
12-05 12:01:50.716   246   343 E QC-QMI  : qmi_dev_connection_init: failed to find device[]
12-05 12:01:50.716   246   343 E QC-DS-LIB: dsi_mni_init_clients: qmi_connection_init failed with error 0
12-05 12:01:50.716   246   343 E QC-DS-LIB: dsi_mni_init_clients: init iface [9]: START
12-05 12:01:50.716   246   343 E QC-DS-LIB: dsi_mni_init_clients: init qmi connection []
12-05 12:01:50.716   246   343 E QC-QMI  : qmi_dev_connection_init: failed to find device[]
12-05 12:01:50.716   246   343 E QC-DS-LIB: dsi_mni_init_clients: qmi_connection_init failed with error 0
12-05 12:01:50.716   246   343 E QC-DS-LIB: dsi_mni_init_clients: init iface [10]: START
12-05 12:01:50.716   246   343 E QC-DS-LIB: dsi_mni_init_clients: init qmi connection []
12-05 12:01:50.716   246   343 E QC-QMI  : qmi_dev_connection_init: failed to find device[]
12-05 12:01:50.716   246   343 E QC-DS-LIB: dsi_mni_init_clients: qmi_connection_init failed with error 0
12-05 12:01:50.716   246   343 E QC-DS-LIB: dsi_mni_init_clients: init iface [11]: START
12-05 12:01:50.716   246   343 E QC-DS-LIB: dsi_mni_init_clients: init qmi connection []
12-05 12:01:50.716   246   343 E QC-QMI  : qmi_dev_connection_init: failed to find device[]
12-05 12:01:50.716   246   343 E QC-DS-LIB: dsi_mni_init_clients: qmi_connection_init failed with error 0
12-05 12:01:50.716   246   343 E QC-DS-LIB: dsi_mni_init_clients: init iface [12]: START
12-05 12:01:50.716   246   343 E QC-DS-LIB: dsi_mni_init_clients: init qmi connection []
12-05 12:01:50.716   246   343 E QC-QMI  : qmi_dev_connection_init: failed to find device[]
12-05 12:01:50.716   246   343 E QC-DS-LIB: dsi_mni_init_clients: qmi_connection_init failed with error 0
12-05 12:01:50.716   246   343 E QC-DS-LIB: dsi_mni_init_clients: init iface [13]: START
12-05 12:01:50.716   246   343 E QC-DS-LIB: dsi_mni_init_clients: init qmi connection []
12-05 12:01:50.716   246   343 E QC-QMI  : qmi_dev_connection_init: failed to find device[]
12-05 12:01:50.716   246   343 E QC-DS-LIB: dsi_mni_init_clients: qmi_connection_init failed with error 0
12-05 12:01:50.716   246   343 E QC-DS-LIB: dsi_mni_init_clients: init iface [14]: START
12-05 12:01:50.716   246   343 E QC-DS-LIB: dsi_mni_init_clients: init qmi connection []
12-05 12:01:50.716   246   343 E QC-QMI  : qmi_dev_connection_init: failed to find device[]
12-05 12:01:50.716   246   343 E QC-DS-LIB: dsi_mni_init_clients: qmi_connection_init failed with error 0
12-05 12:01:50.716   246   343 E QC-DS-LIB: dsi_mni_init_clients: init iface [15]: START
12-05 12:01:50.716   246   343 E QC-DS-LIB: dsi_mni_init_clients: init qmi connection []
12-05 12:01:50.716   246   343 E QC-QMI  : qmi_dev_connection_init: failed to find device[]
12-05 12:01:50.716   246   343 E QC-DS-LIB: dsi_mni_init_clients: qmi_connection_init failed with error 0
12-05 12:01:50.716   246   343 E QC-DS-LIB: dsi_mni_init: EXIT with success
12-05 12:01:50.716   246   343 E QC-DS-LIB: dsi_netctrl_cb_init ENTRY
12-05 12:01:50.716   246   343 E QC-DS-LIB: dsi_netctrl_cb_init EXIT
12-05 12:01:50.716   246   343 E QC-DS-LIB: dsi_init: EXIT with success
12-05 12:01:50.716   246   343 E QC-DS-LIB: dsi_netctrl_init: EXIT with suc
12-05 12:01:50.716   246   343 D QMI-RIL : qmi_ril(1/246): RIL[1][main] qcril_data_set_default_port: qcril_data_set_default_port: ENTRY
12-05 12:01:50.716   246   343 D QMI-RIL : qmi_ril(1/246): RIL[1][main] qcril_data_set_default_port: ro.baseband.arch property has dsda value set on it
12-05 12:01:50.716   246   343 D QMI-RIL : qmi_ril(1/246): RIL[1][main] qcril_data_set_default_port: default_qmi_port set to rmnet_smux0
12-05 12:01:50.716   246   343 D QMI-RIL : qmi_ril(1/246): RIL[1][main] qcril_data_set_default_port: qcril_data_set_default_port: EXIT
12-05 12:01:50.716   246   343 D QMI-RIL : qmi_ril(1/246): RIL[1][main] qcril_data_qmi_wds_init: qcril_data_qmi_wds_init: entry
12-05 12:01:50.716   246   343 D QC-QMI  : qmi_client [246] 2: sending 856 bytes on fd = 20
12-05 12:01:50.716   243   243 D QC-QMI  : qmuxd: RX 856 bytes on fd=21 from qmux_client_id=2
12-05 12:01:50.716   243   243 D QC-QMI  : Sending control message with message id:22
12-05 12:01:50.716   243   243 D QC-QMI  : qmi_qmux: TX/RX - TX 16 bytes on conn_id=19
12-05 12:01:50.716   243   243 D QC-QMI  : QMI_Msg Len: [16], Serv_ID: [CTL(0x0)], Msg_ID: [GET_CLIENT_ID(0x22)], Trans_ID: [24][Request], Conn_ID:[19]
12-05 12:01:50.716   243   243 D QC-QMI  : 01 0F 00 00 00 00 00 18 22 00 04 00 01 01 00 01 
12-05 12:01:50.716   243   766 D QC-QMI  : QMI platform I/O... blocking on read  port[/dev/smuxctl32] conn_id[19]
12-05 12:01:50.716   243   766 D QC-QMI  : qmi_qmux: TX/RX - RX 24 bytes on conn_id=19
12-05 12:01:50.716   243   766 D QC-QMI  : QMI_Msg Len: [24], Serv_ID: [CTL(0x0)], Msg_ID: [GET_CLIENT_ID(0x22)], Trans_ID: [24][Response], Conn_ID:[19]
12-05 12:01:50.716   243   766 D QC-QMI  : 01 17 00 80 00 00 01 18 22 00 0C 00 02 04 00 00 00 00 00 01 02 00 01 04 
12-05 12:01:50.716   243   766 D QC-QMI  :  Striping of the standard result code ...
12-05 12:01:50.716   243   766 D QC-QMI  : Adding client 4, service 1, conn_id=19...
12-05 12:01:50.716   243   766 D QC-QMI  : .... for qmux_client_id = 2, in slot 2, for clnt_srv_info=41dec4b0
12-05 12:01:50.716   243   766 D QC-QMI  : qmuxd: TX message on fd=21, to clientID = 2, len=856
12-05 12:01:50.716   243   766 E QC-QMI  : QMI platform I/O... blocking on poll fds
12-05 12:01:50.716   246   780 D QC-QMI  : qmi_client [246] 2: Received 856 bytes on fd = 20
12-05 12:01:50.716   246   780 D QC-QMI  : Sending signal ...... to read cmd data 
12-05 12:01:50.716   246   343 D QC-QMI  : qmi error code.........:0
12-05 12:01:50.716   246   343 D QC-QMI  : qmi sys error code.........:0
12-05 12:01:50.716   243   725 D QC-QMI  : QMI platform I/O... blocking on read  port[/dev/hsicctl0] conn_id[9]
12-05 12:01:50.716   246   343 D QMI-RIL : qmi_ril(1/246): RIL[1][main] qcril_data_qmi_wds_init: global qmi_wds_hndl [319029504] initialized. qmi_err_code is set to [0]
12-05 12:01:50.716   243   725 D QC-QMI  : qmi_qmux: TX/RX - RX 24 bytes on conn_id=9
12-05 12:01:50.716   243   725 D QC-QMI  : QMI_Msg Len: [24], Serv_ID: [CTL(0x0)], Msg_ID: [GET_CLIENT_ID(0x22)], Trans_ID: [32][Response], Conn_ID:[9]
12-05 12:01:50.716   243   725 D QC-QMI  : 01 17 00 80 00 00 01 20 22 00 0C 00 02 04 00 00 00 00 00 01 02 00 1F 01 
