12-05 12:01:50.776   246   345 I QMI-RIL : qmi_ril(1/246): RIL[1][event] qcril_reqlist_find_by_event: [RID 0] Not found ReqList entry waiting for RIL_REQUEST_OEM_HOOK_RAW(INFORM_SHUTDOWN) (524298)
12-05 12:01:50.776   246   345 I QMI-RIL : qmi_ril(1/246): RIL[1][event] qcril_qmi_nas_dms_event_card_status_updated: found qcril request 1
12-05 12:01:50.776   246   345 I QMI-RIL : qmi_ril(1/246): RIL[1][event] qcril_qmi_nas_dms_event_card_status_updated: function exit
12-05 12:01:50.776   246   345 I QMI-RIL : qmi_ril(1/246): RIL[1][event] qcril_process_event: Exit CM_CARD_STATUS_UPDATED, err_no 0
12-05 12:01:50.776   246   345 I QMI-RIL : qmi_ril(1/246): RIL[1][event] qcril_scws_card_error: qcril_scws_card_error, slot_id: 0x0 
12-05 12:01:50.776   246   345 I QMI-RIL : qmi_ril(1/246): RIL[1][event] qcril_uim_handle_card_state_change: Setting QMI_UIM_CARD_STATE_ABSENT, card_error: 3, Slot: 0 
12-05 12:01:50.776   246   345 I QMI-RIL : qmi_ril(1/246): RIL[1][event] qcril_uim_refresh_register: Session type not valid for refresh registration: 0x0
12-05 12:01:50.776   246   345 I QMI-RIL : qmi_ril(1/246): RIL[1][event] qcril_uim_refresh_register: Session type not valid for refresh registration: 0x1
12-05 12:01:50.776   246   345 I QMI-RIL : qmi_ril(1/246): RIL[1][event] qmi_ril_check_android_unsol_resp_dispatchable: function exit with ret 1
12-05 12:01:50.776   246   345 D QMI-RIL : qmi_ril(1/246): RIL[1][event] qcril_send_unsol_response_epilog: UI <--- RIL_UNSOL_RESPONSE_SIM_STATUS_CHANGED (1019) --- RIL [RID 1, Len 0, (null)]
12-05 12:01:50.776   246   345 D RILC_QSC: [UNSL]< UNSOL_RESPONSE_SIM_STATUS_CHANGED 
12-05 12:01:50.776   246   345 I QMI-RIL : qmi_ril(1/246): RIL[1][event] qcril_uim_print_card_status: qcril_uim_print_card_status
12-05 12:01:50.776   246   345 D QMI-RIL : qmi_ril(1/246): RIL[1][event] qcril_uim_print_card_status: Index of GW primary prov: 0Xffff, 1X primary prov: 0Xffff 
12-05 12:01:50.776   246   345 D QMI-RIL : qmi_ril(1/246): RIL[1][event] qcril_uim_print_card_status: Index of GW secondary prov: 0Xffff, 1X secondary prov: 0Xffff 
12-05 12:01:50.776   246   345 D QMI-RIL : qmi_ril(1/246): RIL[1][event] qcril_uim_print_card_status: Number of slots: 1 
12-05 12:01:50.776   246   345 D QMI-RIL : qmi_ril(1/246): RIL[1][event] qcril_uim_print_card_status: card[0].card_state: 2, upin_state: 0, upin_num_retries: 0, upuk_num_retries: 0, card_error: 3 
12-05 12:01:50.776   246   345 D QMI-RIL : qmi_ril(1/246): RIL[1][event] qcril_uim_print_card_status: card[0].card_error: No ATR received
12-05 12:01:50.776   246   345 D QMI-RIL : qmi_ril(1/246): RIL[1][event] qcril_uim_print_card_status: Number of apps: 0 
12-05 12:01:50.776   246   345 I QMI-RIL : qmi_ril(1/246): RIL[1][event] qcril_uim_process_status_change_ind:  new modem state 0x3db88d, new pri GW sim state 0x1, new pri CDMA sim state 0x1, new sec GW sim state 0x1 curr sec CDMA sim state 0x1
12-05 12:01:50.776   246   345 I QMI-RIL : qmi_ril(1/246): RIL[1][event] qcril_process_event: Exit UIM_QMI_INDICATION, err_no 0
12-05 12:01:50.776   246   345 D QMI-RIL : qmi_ril(1/246): RIL[1][event] qcril_event_main: RID 0 MID 0 De-queued event QCRIL_EVT_QMI_RIL_PRL_VER_FETCH_ATTEMPT (655397)(obj 0x4192bc58)
12-05 12:01:50.776   246   345 D QMI-RIL : qmi_ril(1/246): RIL[1][event] qcril_process_event: RIL <--- QCRIL_EVT_QMI_RIL_PRL_VER_FETCH_ATTEMPT(655397), RID 0, MID 0 --- AMSS
12-05 12:01:50.776   246   345 I QMI-RIL : qmi_ril(1/246): RIL[1][event] qcril_qmi_nas_dms_handle_fetch_prl_request: function entry
12-05 12:01:50.776   246   345 I QMI-RIL : qmi_ril(1/246): RIL[1][event] qcril_qmi_nas_dms_handle_prl_change_helper: function entry
12-05 12:01:50.776   246   345 D QC-QMI  : Setting the api flag to : 1
12-05 12:01:50.776   246   345 D QC-QMI  : qmi_client [246] 2: sending 47 bytes on fd = 20
12-05 12:01:50.776   243   243 D QC-QMI  : qmuxd: RX 47 bytes on fd=21 from qmux_client_id=2
12-05 12:01:50.776   243   243 D QC-QMI  : qmi_qmux: TX/RX - TX 13 bytes on conn_id=19
12-05 12:01:50.776   243   243 D QC-QMI  : QMI_Msg Len: [13], Serv_ID: [DMS(0x2)], Msg_ID: [GET_CURRENT_PRL_INFO(0x53)], Trans_ID: [6][Request], Conn_ID:[19]
12-05 12:01:50.776   243   243 D QC-QMI  : 01 0C 00 00 02 01 00 06 00 53 00 00 00 
12-05 12:01:50.776   243   766 D QC-QMI  : QMI platform I/O... blocking on read  port[/dev/smuxctl32] conn_id[19]
12-05 12:01:50.776   243   766 D QC-QMI  : qmi_qmux: TX/RX - RX 70 bytes on conn_id=19
12-05 12:01:50.776   243   766 D QC-QMI  : QMI_Msg Len: [70], Serv_ID: [NAS(0x3)], Msg_ID: [GET_SYSTEM_SELECTION_PREFERENCE(0x34)], Trans_ID: [7][Response], Conn_ID:[19]
12-05 12:01:50.776   243   766 D QC-QMI  : 01 45 00 80 03 01 02 07 00 34 00 39 00 02 04 00 00 00 00 00 10 01 00 00 11 02 00 04 00 12 08 00 
12-05 12:01:50.776   243   766 D QC-QMI  : FF FF FF BF FF FF FF FF 14 02 00 FF 00 16 01 00 00 18 04 00 02 00 00 00 19 04 00 01 00 00 00 1D 
12-05 12:01:50.776   243   766 D QC-QMI  : 04 00 00 00 00 00 
12-05 12:01:50.776   243   766 D QC-QMI  : qmuxd: TX message on fd=21, to clientID = 2, len=104
12-05 12:01:50.776   243   766 E QC-QMI  : QMI platform I/O... blocking on poll fds
12-05 12:01:50.776   246   780 D QC-QMI  : qmi_client [246] 2: Received 104 bytes on fd = 20
12-05 12:01:50.776   246   780 D QC-QMI  :  API Flag .............. 1 
12-05 12:01:50.776   246   780 D QC-QMI  :  Message ID ............... 52 
12-05 12:01:50.776   246   343 I QMI-RIL : qmi_ril(1/246): RIL[1][main] qcril_qmi_util_convert_qmi_response_codes_to_ril_result_ex: ctx check 0
12-05 12:01:50.776   246   343 I QMI-RIL : qmi_ril(1/246): RIL[1][main] qcril_qmi_fetch_system_selection_preference: function exit with ret 0
12-05 12:01:50.776   246   343 I QMI-RIL : qmi_ril(1/246): RIL[1][main] qcril_qmi_get_voice_radio_technology: function entry
12-05 12:01:50.776   246   343 I QMI-RIL : qmi_ril(1/246): RIL[1][main] qcril_qmi_get_voice_radio_technology: .. is ICS 0
12-05 12:01:50.776   246   343 I QMI-RIL : qmi_ril(1/246): RIL[1][main] qcril_qmi_get_voice_radio_technology: .. domestic radio tech 0
12-05 12:01:50.776   246   343 I QMI-RIL : qmi_ril(1/246): RIL[1][main] qcril_qmi_get_voice_radio_technology: .. mode_pref valid 1
12-05 12:01:50.776   246   343 I QMI-RIL : qmi_ril(1/246): RIL[1][main] qcril_qmi_get_voice_radio_technology: .. mode_pref 4
12-05 12:01:50.776   246   343 I QMI-RIL : qmi_ril(1/246): RIL[1][main] qcril_qmi_get_voice_radio_technology: .. pre-intermediate non-ics answer_generated 0, response 0
12-05 12:01:50.776   246   343 I QMI-RIL : qmi_ril(1/246): RIL[1][main] qcril_qmi_get_voice_radio_technology: .. post-pre-intermediate non-ics answer_generated 0, response 0
12-05 12:01:50.776   246   343 I QMI-RIL : qmi_ril(1/246): RIL[1][main] qcril_qmi_get_voice_radio_technology: .. intermediate answer_generated 1, response 1
12-05 12:01:50.776   246   343 I QMI-RIL : qmi_ril(1/246): RIL[1][main] qcril_qmi_get_voice_radio_technology: .. result 1, answer_generated 1
12-05 12:01:50.776   246   343 I QMI-RIL : qmi_ril(1/246): RIL[1][main] qcril_qmi_get_voice_radio_technology: function exit with ret 0
12-05 12:01:50.776   246   343 D QMI-RIL : qmi_ril(1/246): RIL[1][main] qmi_ril_nw_reg_perform_final_initialization_under_no_restrictions: a-vrte 1, status 0
12-05 12:01:50.776   243   766 D QC-QMI  : QMI platform I/O... blocking on read  port[/dev/smuxctl32] conn_id[19]
12-05 12:01:50.776   243   766 D QC-QMI  : qmi_qmux: TX/RX - RX 20 bytes on conn_id=19
12-05 12:01:50.776   243   766 D QC-QMI  : QMI_Msg Len: [20], Serv_ID: [DMS(0x2)], Msg_ID: [GET_CURRENT_PRL_INFO(0x53)], Trans_ID: [6][Response], Conn_ID:[19]
12-05 12:01:50.776   243   766 D QC-QMI  : 01 13 00 80 02 01 02 06 00 53 00 07 00 02 04 00 01 00 47 00 
12-05 12:01:50.776   243   766 D QC-QMI  : qmuxd: TX message on fd=21, to clientID = 2, len=54
12-05 12:01:50.776   243   766 E QC-QMI  : QMI platform I/O... blocking on poll fds
12-05 12:01:50.776   246   780 D QC-QMI  : qmi_client [246] 2: Received 54 bytes on fd = 20
12-05 12:01:50.776   246   780 D QC-QMI  :  API Flag .............. 1 
12-05 12:01:50.776   246   780 D QC-QMI  :  Message ID ............... 83 
12-05 12:01:50.776   246   345 I QMI-RIL : qmi_ril(1/246): RIL[1][event] qcril_qmi_util_convert_qmi_response_codes_to_ril_result_ex: ctx check 0
12-05 12:01:50.776   246   345 I QMI-RIL : qmi_ril(1/246): RIL[1][event] qcril_qmi_nas_dms_fetch_cur_prl_version: function exit with ret 2
12-05 12:01:50.776   246   343 I QMI-RIL : qmi_ril(1/246): RIL[1][main] qcril_qmi_nas_set_calculated_voice_radio_tech: entered voice_radio_tech 1
12-05 12:01:50.776   246   343 I QMI-RIL : qmi_ril(1/246): RIL[1][main] qcril_qmi_nas_set_calculated_voice_radio_tech: function exit
12-05 12:01:50.776   246   345 I QMI-RIL : qmi_ril(1/246): RIL[1][event] qcril_qmi_nas_dms_handle_prl_change_helper: function exit
12-05 12:01:50.776   246   345 I QMI-RIL : qmi_ril(1/246): RIL[1][event] qcril_qmi_nas_dms_handle_fetch_prl_request: function exit
12-05 12:01:50.776   246   343 I QMI-RIL : qmi_ril(1/246): RIL[1][main] qcril_qmi_nas_set_reported_voice_radio_tech: entered voice_radio_tech 1
12-05 12:01:50.776   246   345 I QMI-RIL : qmi_ril(1/246): RIL[1][event] qcril_process_event: Exit QCRIL_EVT_QMI_RIL_PRL_VER_FETCH_ATTEMPT, err_no 0
12-05 12:01:50.776   246   343 I QMI-RIL : qmi_ril(1/246): RIL[1][main] qcril_qmi_nas_set_reported_voice_radio_tech: function exit
12-05 12:01:50.776   246   345 D QMI-RIL : qmi_ril(1/246): RIL[1][event] qcril_event_main: Waiting...
12-05 12:01:50.776   246   343 I QMI-RIL : qmi_ril(1/246): RIL[1][main] qmi_ril_check_android_unsol_resp_dispatchable: function exit with ret 1
12-05 12:01:50.776   246   345 D QMI-RIL : qmi_ril(1/246): RIL[1][event] qcril_event_main: 1 items on queue
12-05 12:01:50.776   246   343 D QMI-RIL : qmi_ril(1/246): RIL[1][main] qcril_send_unsol_response_epilog: UI <--- RIL_UNSOL_UNKOWN (1035) --- RIL [RID 0, Len 4, (null)]
12-05 12:01:50.776   246   345 D QMI-RIL : qmi_ril(1/246): RIL[1][event] qcril_event_main: Waiting...
12-05 12:01:50.776   246   343 D RILC_QSC: [UNSL]< UNSOL_VOICE_RADIO_TECH_CHANGED {1}
12-05 12:01:50.776   246   343 I QMI-RIL : qmi_ril(1/246): RIL[1][main] qmi_ril_nw_reg_perform_final_initialization_under_no_restrictions: function exit
12-05 12:01:50.776   246   343 D QC-QMI  : Setting the api flag to : 1
12-05 12:01:50.776   246   343 D QC-QMI  : qmi_client [246] 2: sending 51 bytes on fd = 20
12-05 12:01:50.776   243   243 D QC-QMI  : qmuxd: RX 51 bytes on fd=21 from qmux_client_id=2
12-05 12:01:50.776   243   243 D QC-QMI  : qmi_qmux: TX/RX - TX 17 bytes on conn_id=19
12-05 12:01:50.776   243   243 D QC-QMI  : QMI_Msg Len: [17], Serv_ID: [WMS(0x5)], Msg_ID: [SET_PRIMARY_CLIENT(0x45)], Trans_ID: [1][Request], Conn_ID:[19]
12-05 12:01:50.776   243   243 D QC-QMI  : 01 10 00 00 05 01 00 01 00 45 00 04 00 01 01 00 01 
12-05 12:01:50.776   243   725 D QC-QMI  : QMI platform I/O... blocking on read  port[/dev/hsicctl0] conn_id[9]
12-05 12:01:50.776   243   725 D QC-QMI  : qmi_qmux: TX/RX - RX 158 bytes on conn_id=9
12-05 12:01:50.776   243   725 D QC-QMI  : QMI_Msg Len: [158], Serv_ID: [CTL(0x0)], Msg_ID: [GET_VER_INFO(0x21)], Trans_ID: [35][Response], Conn_ID:[9]
12-05 12:01:50.776   243   725 D QC-QMI  : 01 9D 00 80 00 00 01 23 21 00 92 00 02 04 00 00 00 00 00 01 88 00 1B 00 01 00 05 00 01 01 00 17 
12-05 12:01:50.776   243   725 D QC-QMI  : 00 02 01 00 0D 00 03 01 00 19 00 04 01 00 03 00 05 01 00 0A 00 07 01 00 02 00 08 01 00 02 00 09 
12-05 12:01:50.776   243   725 D QC-QMI  : 02 00 01 00 0A 02 00 10 00 0B 01 00 19 00 0C 01 00 04 00 0F 01 00 00 00 10 02 00 00 00 11 01 00 
12-05 12:01:50.776   243   725 D QC-QMI  : 00 00 12 01 00 00 00 14 01 00 00 00 17 01 00 00 00 18 01 00 00 00 1A 01 00 03 00 1D 01 00 00 00 
12-05 12:01:50.776   243   725 D QC-QMI  : 1F 01 00 00 00 20 01 00 00 00 21 01 00 00 00 24 01 00 00 00 29 01 00 00 00 E5 01 00 00 00 
12-05 12:01:50.776   243   725 D QC-QMI  :  Striping of the standard result code ...
12-05 12:01:50.776   243   725 D QC-QMI  :  Parsing the version information ...
12-05 12:01:50.776   243   725 D QC-QMI  : Parsing the version list 
12-05 12:01:50.776   243   725 D QC-QMI  : Number of instances is :27
12-05 12:01:50.776   243   725 D QC-QMI  : Service ID ........0
12-05 12:01:50.776   243   725 D QC-QMI  : Major Number.......1
12-05 12:01:50.776   243   725 D QC-QMI  : Minor Number.......5
12-05 12:01:50.776   243   725 D QC-QMI  : Service ID ........1
12-05 12:01:50.776   243   725 D QC-QMI  : Major Number.......1
12-05 12:01:50.776   243   725 D QC-QMI  : Minor Number.......23
12-05 12:01:50.776   243   725 D QC-QMI  : Service ID ........2
12-05 12:01:50.776   243   725 D QC-QMI  : Major Number.......1
12-05 12:01:50.776   243   725 D QC-QMI  : Minor Number.......13
12-05 12:01:50.776   243   725 D QC-QMI  : Service ID ........3
12-05 12:01:50.776   243   725 D QC-QMI  : Major Number.......1
12-05 12:01:50.776   243   725 D QC-QMI  : Minor Number.......25
12-05 12:01:50.776   243   725 D QC-QMI  : Service ID ........4
12-05 12:01:50.776   243   725 D QC-QMI  : Major Number.......1
12-05 12:01:50.776   243   725 D QC-QMI  : Minor Number.......3
12-05 12:01:50.776   243   725 D QC-QMI  : Service ID ........5
12-05 12:01:50.776   243   725 D QC-QMI  : Major Number.......1
12-05 12:01:50.776   243   725 D QC-QMI  : Minor Number.......10
12-05 12:01:50.776   243   725 D QC-QMI  : Service ID ........7
12-05 12:01:50.776   243   725 D QC-QMI  : Major Number.......1
12-05 12:01:50.776   243   725 D QC-QMI  : Minor Number.......2
12-05 12:01:50.776   243   725 D QC-QMI  : Service ID ........8
12-05 12:01:50.776   243   725 D QC-QMI  : Major Number.......1
12-05 12:01:50.776   243   725 D QC-QMI  : Minor Number.......2
12-05 12:01:50.776   243   725 D QC-QMI  : Service ID ........9
12-05 12:01:50.776   243   725 D QC-QMI  : Major Number.......2
12-05 12:01:50.776   243   725 D QC-QMI  : Minor Number.......1
12-05 12:01:50.776   243   725 D QC-QMI  : Service ID ........10
12-05 12:01:50.776   243   725 D QC-QMI  : Major Number.......2
12-05 12:01:50.776   243   725 D QC-QMI  : Minor Number.......16
12-05 12:01:50.776   243   725 D QC-QMI  : Service ID ........11
12-05 12:01:50.776   243   725 D QC-QMI  : Major Number.......1
12-05 12:01:50.776   243   725 D QC-QMI  : Minor Number.......25
12-05 12:01:50.776   243   725 D QC-QMI  : Service ID ........12
12-05 12:01:50.776   243   725 D QC-QMI  : Major Number.......1
12-05 12:01:50.776   243   725 D QC-QMI  : Minor Number.......4
12-05 12:01:50.776   243   725 D QC-QMI  : Service ID ........15
12-05 12:01:50.776   243   725 D QC-QMI  : Major Number.......1
12-05 12:01:50.776   243   725 D QC-QMI  : Minor Number.......0
12-05 12:01:50.776   243   725 D QC-QMI  : Service ID ........16
12-05 12:01:50.776   243   725 D QC-QMI  : Major Number.......2
12-05 12:01:50.776   243   725 D QC-QMI  : Minor Number.......0
12-05 12:01:50.776   243   725 D QC-QMI  : Service ID ........17
12-05 12:01:50.776   243   725 D QC-QMI  : Major Number.......1
12-05 12:01:50.776   243   725 D QC-QMI  : Minor Number.......0
12-05 12:01:50.776   243   725 D QC-QMI  : Service ID ........18
12-05 12:01:50.776   243   725 D QC-QMI  : Major Number.......1
12-05 12:01:50.776   243   725 D QC-QMI  : Minor Number.......0
12-05 12:01:50.776   243   725 D QC-QMI  : Service ID ........20
12-05 12:01:50.776   243   725 D QC-QMI  : Major Number.......1
12-05 12:01:50.776   243   725 D QC-QMI  : Minor Number.......0
12-05 12:01:50.776   243   725 D QC-QMI  : Service ID ........23
12-05 12:01:50.776   243   725 D QC-QMI  : Major Number.......1
12-05 12:01:50.776   243   725 D QC-QMI  : Minor Number.......0
12-05 12:01:50.776   243   725 D QC-QMI  : Service ID ........24
12-05 12:01:50.776   243   725 D QC-QMI  : Major Number.......1
12-05 12:01:50.776   243   725 D QC-QMI  : Minor Number.......0
12-05 12:01:50.776   243   725 D QC-QMI  : Service ID ........26
12-05 12:01:50.776   243   725 D QC-QMI  : Major Number.......1
12-05 12:01:50.776   243   725 D QC-QMI  : Minor Number.......3
12-05 12:01:50.776   243   725 D QC-QMI  : Service ID ........29
12-05 12:01:50.776   243   725 D QC-QMI  : Major Number.......1
12-05 12:01:50.776   243   725 D QC-QMI  : Minor Number.......0
12-05 12:01:50.776   243   725 D QC-QMI  : Service ID ........31
12-05 12:01:50.776   243   725 D QC-QMI  : Major Number.......1
12-05 12:01:50.776   243   725 D QC-QMI  : Minor Number.......0
12-05 12:01:50.776   243   725 D QC-QMI  : Service ID ........32
12-05 12:01:50.776   243   725 D QC-QMI  : Major Number.......1
12-05 12:01:50.776   243   725 D QC-QMI  : Minor Number.......0
12-05 12:01:50.776   243   725 D QC-QMI  : Service ID ........33
12-05 12:01:50.776   243   725 D QC-QMI  : Major Number.......1
12-05 12:01:50.776   243   725 D QC-QMI  : Minor Number.......0
12-05 12:01:50.776   243   725 D QC-QMI  : Service ID ........36
12-05 12:01:50.776   243   725 D QC-QMI  : Major Number.......1
12-05 12:01:50.776   243   725 D QC-QMI  : Minor Number.......0
12-05 12:01:50.776   243   725 D QC-QMI  : Service ID ........41
12-05 12:01:50.776   243   725 D QC-QMI  : Major Number.......1
12-05 12:01:50.776   243   725 D QC-QMI  : Minor Number.......0
12-05 12:01:50.776   243   725 D QC-QMI  : Service ID ........229
12-05 12:01:50.776   243   725 D QC-QMI  : Major Number.......1
12-05 12:01:50.776   243   725 D QC-QMI  : Minor Number.......0
12-05 12:01:50.776   243   725 D QC-QMI  : Parsing successful ........
12-05 12:01:50.776   243   725 D QC-QMI  : qmuxd: TX message on fd=22, to clientID = 3, len=856
12-05 12:01:50.776   243   725 E QC-QMI  : QMI platform I/O... blocking on poll fds
12-05 12:01:50.776   235   781 D QC-QMI  : qmi_client [235] 3: Received 856 bytes on fd = 25
12-05 12:01:50.776   235   781 D QC-QMI  : Sending signal ...... to read cmd data 
12-05 12:01:50.776   235   346 D QC-QMI  : qmi error code.........:0
12-05 12:01:50.776   235   346 D QC-QMI  : qmi sys error code.........:0
12-05 12:01:50.776   235   346 D QC-QMI  :  Number of services:27
12-05 12:01:50.776   243   766 D QC-QMI  : QMI platform I/O... blocking on read  port[/dev/smuxctl32] conn_id[19]
12-05 12:01:50.776   243   766 D QC-QMI  : qmi_qmux: TX/RX - RX 20 bytes on conn_id=19
12-05 12:01:50.776   243   766 D QC-QMI  : QMI_Msg Len: [20], Serv_ID: [WMS(0x5)], Msg_ID: [SET_PRIMARY_CLIENT(0x45)], Trans_ID: [1][Response], Conn_ID:[19]
12-05 12:01:50.776   243   766 D QC-QMI  : 01 13 00 80 05 01 02 01 00 45 00 07 00 02 04 00 00 00 00 00 
12-05 12:01:50.776   243   766 D QC-QMI  : qmuxd: TX message on fd=21, to clientID = 2, len=54
12-05 12:01:50.776   243   766 E QC-QMI  : QMI platform I/O... blocking on poll fds
12-05 12:01:50.776   246   780 D QC-QMI  : qmi_client [246] 2: Received 54 bytes on fd = 20
12-05 12:01:50.776   246   780 D QC-QMI  :  API Flag .............. 1 
12-05 12:01:50.776   246   780 D QC-QMI  :  Message ID ............... 69 
12-05 12:01:50.776   246   343 I QMI-RIL : qmi_ril(1/246): RIL[1][main] qcril_qmi_util_convert_qmi_response_codes_to_ril_result_ex: ctx check 0
12-05 12:01:50.776   246   343 D QC-QMI  : Setting the api flag to : 1
12-05 12:01:50.776   246   343 D QC-QMI  : qmi_client [246] 2: sending 80 bytes on fd = 20
12-05 12:01:50.776   243   243 D QC-QMI  : qmuxd: RX 80 bytes on fd=21 from qmux_client_id=2
12-05 12:01:50.776   243   243 D QC-QMI  : qmi_qmux: TX/RX - TX 46 bytes on conn_id=19
12-05 12:01:50.776   243   243 D QC-QMI  : QMI_Msg Len: [46], Serv_ID: [WMS(0x5)], Msg_ID: [SET_ROUTES(0x32)], Trans_ID: [2][Request], Conn_ID:[19]
12-05 12:01:50.776   243   243 D QC-QMI  : 01 2D 00 00 05 01 00 02 00 32 00 21 00 01 1A 00 06 00 00 00 FF 02 00 01 FF 02 00 02 00 01 00 03 
12-05 12:01:50.776   243   243 D QC-QMI  : FF 02 00 04 FF 02 00 05 FF 02 10 01 00 01 
12-05 12:01:50.786   235   346 I QMI-RIL : qmi_ril(0/235): RIL[0][main] qcril_qmi_extend_init: qcril_qmi_extend_init entered
12-05 12:01:50.786   235   346 I QMI-RIL : qmi_ril(0/235): RIL[0][main] qcril_qmi_extend_init_htcmask: len(cust_disable_sync_lte_profile_content)=0
12-05 12:01:50.786   235   346 I QMI-RIL : qmi_ril(0/235): RIL[0][main] qcril_qmi_extend_init_htcmask: due to no CID property, we ref none-CID property
12-05 12:01:50.786   235   346 I QMI-RIL : qmi_ril(0/235): RIL[0][main] qcril_qmi_extend_init_htcmask: htcmaskW1: 0xb871, htcmaskW2:  0xc100
12-05 12:01:50.786   235   346 D QC-QMI  : Setting the api flag to : 1
12-05 12:01:50.786   235   346 D QC-QMI  : qmi_client [235] 3: sending 65 bytes on fd = 25
12-05 12:01:50.786   243   243 D QC-QMI  : qmuxd: RX 65 bytes on fd=22 from qmux_client_id=3
12-05 12:01:50.786   243   243 D QC-QMI  : qmi_qmux: TX/RX - TX 31 bytes on conn_id=9
12-05 12:01:50.786   243   243 D QC-QMI  : QMI_Msg Len: [31], Serv_ID: [EXTEND(0xe5)], Msg_ID: [UMTS_SET_HTCMASK(0x3)], Trans_ID: [1][Request], Conn_ID:[9]
12-05 12:01:50.786   243   243 D QC-QMI  : 01 1E 00 00 E5 01 00 01 00 03 00 12 00 01 01 00 01 02 04 00 71 B8 00 00 03 04 00 00 C1 00 00 
12-05 12:01:50.786   243   766 D QC-QMI  : QMI platform I/O... blocking on read  port[/dev/smuxctl32] conn_id[19]
12-05 12:01:50.786   243   766 D QC-QMI  : qmi_qmux: TX/RX - RX 20 bytes on conn_id=19
12-05 12:01:50.786   243   766 D QC-QMI  : QMI_Msg Len: [20], Serv_ID: [WMS(0x5)], Msg_ID: [SET_ROUTES(0x32)], Trans_ID: [2][Response], Conn_ID:[19]
12-05 12:01:50.786   243   766 D QC-QMI  : 01 13 00 80 05 01 02 02 00 32 00 07 00 02 04 00 00 00 00 00 
12-05 12:01:50.786   243   766 D QC-QMI  : qmuxd: TX message on fd=21, to clientID = 2, len=54
12-05 12:01:50.786   243   766 E QC-QMI  : QMI platform I/O... blocking on poll fds
12-05 12:01:50.786   246   780 D QC-QMI  : qmi_client [246] 2: Received 54 bytes on fd = 20
12-05 12:01:50.786   246   780 D QC-QMI  :  API Flag .............. 1 
12-05 12:01:50.786   246   780 D QC-QMI  :  Message ID ............... 50 
12-05 12:01:50.786   246   343 I QMI-RIL : qmi_ril(1/246): RIL[1][main] qcril_qmi_util_convert_qmi_response_codes_to_ril_result_ex: ctx check 0
12-05 12:01:50.786   246   343 D QC-QMI  : Setting the api flag to : 1
12-05 12:01:50.786   246   343 D QC-QMI  : qmi_client [246] 2: sending 51 bytes on fd = 20
12-05 12:01:50.786   243   243 D QC-QMI  : qmuxd: RX 51 bytes on fd=21 from qmux_client_id=2
12-05 12:01:50.786   243   243 D QC-QMI  : qmi_qmux: TX/RX - TX 17 bytes on conn_id=19
12-05 12:01:50.786   243   243 D QC-QMI  : QMI_Msg Len: [17], Serv_ID: [WMS(0x5)], Msg_ID: [SET_EVENT_REPORT(0x1)], Trans_ID: [3][Request], Conn_ID:[19]
12-05 12:01:50.786   243   243 D QC-QMI  : 01 10 00 00 05 01 00 03 00 01 00 04 00 10 01 00 01 
12-05 12:01:50.786   243   766 D QC-QMI  : QMI platform I/O... blocking on read  port[/dev/smuxctl32] conn_id[19]
12-05 12:01:50.786   243   766 D QC-QMI  : qmi_qmux: TX/RX - RX 20 bytes on conn_id=19
12-05 12:01:50.786   243   766 D QC-QMI  : QMI_Msg Len: [20], Serv_ID: [WMS(0x5)], Msg_ID: [SET_EVENT_REPORT(0x1)], Trans_ID: [3][Response], Conn_ID:[19]
12-05 12:01:50.786   243   766 D QC-QMI  : 01 13 00 80 05 01 02 03 00 01 00 07 00 02 04 00 00 00 00 00 
12-05 12:01:50.786   243   766 D QC-QMI  : qmuxd: TX message on fd=21, to clientID = 2, len=54
12-05 12:01:50.786   243   766 E QC-QMI  : QMI platform I/O... blocking on poll fds
12-05 12:01:50.796   246   780 D QC-QMI  : qmi_client [246] 2: Received 54 bytes on fd = 20
12-05 12:01:50.796   246   780 D QC-QMI  :  API Flag .............. 1 
12-05 12:01:50.796   246   780 D QC-QMI  :  Message ID ............... 1 
12-05 12:01:50.796   246   343 I QMI-RIL : qmi_ril(1/246): RIL[1][main] qcril_qmi_util_convert_qmi_response_codes_to_ril_result_ex: ctx check 0
12-05 12:01:50.796   246   343 D QC-QMI  : Setting the api flag to : 1
12-05 12:01:50.796   246   343 D QC-QMI  : qmi_client [246] 2: sending 51 bytes on fd = 20
12-05 12:01:50.796   243   243 D QC-QMI  : qmuxd: RX 51 bytes on fd=21 from qmux_client_id=2
12-05 12:01:50.796   243   243 D QC-QMI  : qmi_qmux: TX/RX - TX 17 bytes on conn_id=19
12-05 12:01:50.796   243   243 D QC-QMI  : QMI_Msg Len: [17], Serv_ID: [WMS(0x5)], Msg_ID: [INDICATION_REGISTER(0x47)], Trans_ID: [4][Request], Conn_ID:[19]
12-05 12:01:50.796   243   243 D QC-QMI  : 01 10 00 00 05 01 00 04 00 47 00 04 00 10 01 00 01 
12-05 12:01:50.796   243   766 D QC-QMI  : QMI platform I/O... blocking on read  port[/dev/smuxctl32] conn_id[19]
12-05 12:01:50.796   243   766 D QC-QMI  : qmi_qmux: TX/RX - RX 20 bytes on conn_id=19
12-05 12:01:50.796   243   766 D QC-QMI  : QMI_Msg Len: [20], Serv_ID: [WMS(0x5)], Msg_ID: [INDICATION_REGISTER(0x47)], Trans_ID: [4][Response], Conn_ID:[19]
12-05 12:01:50.796   243   766 D QC-QMI  : 01 13 00 80 05 01 02 04 00 47 00 07 00 02 04 00 00 00 00 00 
12-05 12:01:50.796   243   766 D QC-QMI  : qmuxd: TX message on fd=21, to clientID = 2, len=54
12-05 12:01:50.796   243   766 E QC-QMI  : QMI platform I/O... blocking on poll fds
12-05 12:01:50.796   246   780 D QC-QMI  : qmi_client [246] 2: Received 54 bytes on fd = 20
12-05 12:01:50.796   246   780 D QC-QMI  :  API Flag .............. 1 
12-05 12:01:50.796   246   780 D QC-QMI  :  Message ID ............... 71 
12-05 12:01:50.796   246   343 I QMI-RIL : qmi_ril(1/246): RIL[1][main] qcril_qmi_util_convert_qmi_response_codes_to_ril_result_ex: ctx check 0
12-05 12:01:50.796   246   343 I QMI-RIL : qmi_ril(1/246): RIL[1][main] qmi_ril_set_sms_svc_status: new_status 2
12-05 12:01:50.796   246   343 I QMI-RIL : qmi_ril(1/246): RIL[1][main] qmi_ril_core_init_enter_warp: !QMI RIL! 2nd phase SMS init for NON - DSDS
12-05 12:01:50.796   246   343 I QMI-RIL : qmi_ril(1/246): RIL[1][main] qmi_ril_core_init_enter_warp: function exit
12-05 12:01:50.796   246   343 I QMI-RIL : qmi_ril(1/246): RIL[1][main] qmi_ril_bootup_perform_core_or_start_polling: function exit
12-05 12:01:50.796   246   343 V RILC_QSC: processWakeupCallback
12-05 12:01:50.796   246   343 D QMI-RIL : qmi_ril(1/246): RIL[1][main] qcril_delay_timed_cb: Delay Timer expired with ID 0
12-05 12:01:50.806   243   725 D QC-QMI  : QMI platform I/O... blocking on read  port[/dev/hsicctl0] conn_id[9]
12-05 12:01:50.806   243   725 D QC-QMI  : qmi_qmux: TX/RX - RX 20 bytes on conn_id=9
12-05 12:01:50.806   243   725 D QC-QMI  : QMI_Msg Len: [20], Serv_ID: [EXTEND(0xe5)], Msg_ID: [UMTS_SET_HTCMASK(0x3)], Trans_ID: [1][Response], Conn_ID:[9]
12-05 12:01:50.806   243   725 D QC-QMI  : 01 13 00 80 E5 01 02 01 00 03 00 07 00 02 04 00 00 00 00 00 
12-05 12:01:50.806   243   725 D QC-QMI  : qmuxd: TX message on fd=22, to clientID = 3, len=54
12-05 12:01:50.806   243   725 E QC-QMI  : QMI platform I/O... blocking on poll fds
12-05 12:01:50.806   235   781 D QC-QMI  : qmi_client [235] 3: Received 54 bytes on fd = 25
12-05 12:01:50.806   235   781 D QC-QMI  :  API Flag .............. 1 
12-05 12:01:50.806   235   781 D QC-QMI  :  Message ID ............... 3 
12-05 12:01:50.806   235   346 I QMI-RIL : qmi_ril(0/235): RIL[0][main] qcril_qmi_util_convert_qmi_response_codes_to_ril_result_ex: ctx check 0
12-05 12:01:50.806   235   346 I QMI-RIL : qmi_ril(0/235): RIL[0][main] qcril_qmi_extend_request_set_htcmask: qcril_qmi_extend_request_set_htcmask completed 0, 0
12-05 12:01:50.806   235   346 I QMI-RIL : qmi_ril(0/235): RIL[0][main] qcril_qmi_extend_init_nv_setting: dtm: 0, msc: 12, hsdpa: 8, hsupa: -1, if_att_feature: 0, rrc_version: -1
12-05 12:01:50.806   235   346 D QC-QMI  : Setting the api flag to : 1
12-05 12:01:50.806   235   346 D QC-QMI  : qmi_client [235] 3: sending 62 bytes on fd = 25
12-05 12:01:50.806   243   243 D QC-QMI  : qmuxd: RX 62 bytes on fd=22 from qmux_client_id=3
12-05 12:01:50.806   243   243 D QC-QMI  : qmi_qmux: TX/RX - TX 28 bytes on conn_id=9
12-05 12:01:50.806   243   243 D QC-QMI  : QMI_Msg Len: [28], Serv_ID: [EXTEND(0xe5)], Msg_ID: [UMTS_SET_NV_SETTING(0x1)], Trans_ID: [2][Request], Conn_ID:[9]
12-05 12:01:50.806   243   243 D QC-QMI  : 01 1B 00 00 E5 01 00 02 00 01 00 0F 00 02 04 00 00 0C 08 FF 03 01 00 00 04 01 00 FF 
12-05 12:01:50.816   243   725 D QC-QMI  : QMI platform I/O... blocking on read  port[/dev/hsicctl0] conn_id[9]
12-05 12:01:50.816   243   725 D QC-QMI  : qmi_qmux: TX/RX - RX 20 bytes on conn_id=9
12-05 12:01:50.816   243   725 D QC-QMI  : QMI_Msg Len: [20], Serv_ID: [EXTEND(0xe5)], Msg_ID: [UMTS_SET_NV_SETTING(0x1)], Trans_ID: [2][Response], Conn_ID:[9]
12-05 12:01:50.816   243   725 D QC-QMI  : 01 13 00 80 E5 01 02 02 00 01 00 07 00 02 04 00 01 00 30 00 
12-05 12:01:50.816   243   725 D QC-QMI  : qmuxd: TX message on fd=22, to clientID = 3, len=54
12-05 12:01:50.816   243   725 E QC-QMI  : QMI platform I/O... blocking on poll fds
12-05 12:01:50.816   235   781 D QC-QMI  : qmi_client [235] 3: Received 54 bytes on fd = 25
12-05 12:01:50.816   235   781 D QC-QMI  :  API Flag .............. 1 
12-05 12:01:50.816   235   781 D QC-QMI  :  Message ID ............... 1 
12-05 12:01:50.816   235   346 I QMI-RIL : qmi_ril(0/235): RIL[0][main] qcril_qmi_util_convert_qmi_response_codes_to_ril_result_ex: ctx check 0
12-05 12:01:50.816   235   346 I QMI-RIL : qmi_ril(0/235): RIL[0][main] qcril_qmi_extend_request_set_nv_setting: qcril_qmi_extend_request_set_nv_setting completed 2, 0
12-05 12:01:50.816   235   346 I QMI-RIL : qmi_ril(0/235): RIL[0][main] qcril_qmi_extend_init_agps_mode: agps mode: 1
12-05 12:01:50.816   235   346 D QC-QMI  : Setting the api flag to : 1
12-05 12:01:50.816   235   346 D QC-QMI  : qmi_client [235] 3: sending 51 bytes on fd = 25
12-05 12:01:50.816   243   243 D QC-QMI  : qmuxd: RX 51 bytes on fd=22 from qmux_client_id=3
12-05 12:01:50.816   243   243 D QC-QMI  : qmi_qmux: TX/RX - TX 17 bytes on conn_id=9
12-05 12:01:50.816   243   243 D QC-QMI  : QMI_Msg Len: [17], Serv_ID: [EXTEND(0xe5)], Msg_ID: [SET_HTCAGPS(0x7)], Trans_ID: [3][Request], Conn_ID:[9]
12-05 12:01:50.816   243   243 D QC-QMI  : 01 10 00 00 E5 01 00 03 00 07 00 04 00 01 01 00 01 
12-05 12:01:50.846   243   725 D QC-QMI  : QMI platform I/O... blocking on read  port[/dev/hsicctl0] conn_id[9]
12-05 12:01:50.846   243   725 D QC-QMI  : qmi_qmux: TX/RX - RX 20 bytes on conn_id=9
12-05 12:01:50.846   243   725 D QC-QMI  : QMI_Msg Len: [20], Serv_ID: [EXTEND(0xe5)], Msg_ID: [SET_HTCAGPS(0x7)], Trans_ID: [3][Response], Conn_ID:[9]
12-05 12:01:50.846   243   725 D QC-QMI  : 01 13 00 80 E5 01 02 03 00 07 00 07 00 02 04 00 00 00 00 00 
12-05 12:01:50.846   243   725 D QC-QMI  : qmuxd: TX message on fd=22, to clientID = 3, len=54
12-05 12:01:50.846   243   725 E QC-QMI  : QMI platform I/O... blocking on poll fds
12-05 12:01:50.846   235   781 D QC-QMI  : qmi_client [235] 3: Received 54 bytes on fd = 25
12-05 12:01:50.846   235   781 D QC-QMI  :  API Flag .............. 1 
12-05 12:01:50.846   235   781 D QC-QMI  :  Message ID ............... 7 
12-05 12:01:50.846   235   346 I QMI-RIL : qmi_ril(0/235): RIL[0][main] qcril_qmi_util_convert_qmi_response_codes_to_ril_result_ex: ctx check 0
12-05 12:01:50.846   235   346 I QMI-RIL : qmi_ril(0/235): RIL[0][main] qcril_qmi_extend_request_set_htcagps: qcril_qmi_extend_request_set_htcagps completed 0, 0
12-05 12:01:50.846   235   346 I QMI-RIL : qmi_ril(0/235): RIL[0][main] qcril_qmi_extend_request_set_fast_dormancy_timer: pre_r8_screen_on/off_timer: 3,2 r8_screen_on/off_timer: 3, 2
12-05 12:01:50.846   235   346 D QC-QMI  : Setting the api flag to : 1
12-05 12:01:50.846   235   346 D QC-QMI  : qmi_client [235] 3: sending 63 bytes on fd = 25
12-05 12:01:50.846   243   243 D QC-QMI  : qmuxd: RX 63 bytes on fd=22 from qmux_client_id=3
12-05 12:01:50.846   243   243 D QC-QMI  : qmi_qmux: TX/RX - TX 29 bytes on conn_id=9
12-05 12:01:50.846   243   243 D QC-QMI  : QMI_Msg Len: [29], Serv_ID: [EXTEND(0xe5)], Msg_ID: [UMTS_SET_FAST_DORMANCY_TIMER(0x191)], Trans_ID: [4][Request], Conn_ID:[9]
12-05 12:01:50.846   243   243 D QC-QMI  : 01 1C 00 00 E5 01 00 04 00 91 01 10 00 01 01 00 03 02 01 00 02 03 01 00 03 04 01 00 02 
12-05 12:01:50.856   243   725 D QC-QMI  : QMI platform I/O... blocking on read  port[/dev/hsicctl0] conn_id[9]
12-05 12:01:50.856   243   725 D QC-QMI  : qmi_qmux: TX/RX - RX 20 bytes on conn_id=9
12-05 12:01:50.856   243   725 D QC-QMI  : QMI_Msg Len: [20], Serv_ID: [EXTEND(0xe5)], Msg_ID: [UMTS_SET_FAST_DORMANCY_TIMER(0x191)], Trans_ID: [4][Response], Conn_ID:[9]
12-05 12:01:50.856   243   725 D QC-QMI  : 01 13 00 80 E5 01 02 04 00 91 01 07 00 02 04 00 00 00 00 00 
12-05 12:01:50.856   243   725 D QC-QMI  : qmuxd: TX message on fd=22, to clientID = 3, len=54
12-05 12:01:50.856   243   725 E QC-QMI  : QMI platform I/O... blocking on poll fds
12-05 12:01:50.856   235   781 D QC-QMI  : qmi_client [235] 3: Received 54 bytes on fd = 25
12-05 12:01:50.856   235   781 D QC-QMI  :  API Flag .............. 1 
12-05 12:01:50.856   235   781 D QC-QMI  :  Message ID ............... 401 
12-05 12:01:50.856   235   346 I QMI-RIL : qmi_ril(0/235): RIL[0][main] qcril_qmi_util_convert_qmi_response_codes_to_ril_result_ex: ctx check 0
12-05 12:01:50.856   235   346 I QMI-RIL : qmi_ril(0/235): RIL[0][main] qcril_qmi_extend_request_set_fast_dormancy_timer: qcril_qmi_extend_request_set_fast_dormancy_timer completed 0, 0
12-05 12:01:50.856   235   346 D QC-QMI  : Setting the api flag to : 1
12-05 12:01:50.856   235   346 D QC-QMI  : qmi_client [235] 3: sending 51 bytes on fd = 25
12-05 12:01:50.856   243   243 D QC-QMI  : qmuxd: RX 51 bytes on fd=22 from qmux_client_id=3
12-05 12:01:50.856   243   243 D QC-QMI  : qmi_qmux: TX/RX - TX 17 bytes on conn_id=9
12-05 12:01:50.856   243   243 D QC-QMI  : QMI_Msg Len: [17], Serv_ID: [EXTEND(0xe5)], Msg_ID: [UMTS_SET_FAST_DORMANCY_ENABLE(0x192)], Trans_ID: [5][Request], Conn_ID:[9]
12-05 12:01:50.856   243   243 D QC-QMI  : 01 10 00 00 E5 01 00 05 00 92 01 04 00 01 01 00 01 
12-05 12:01:50.876   243   725 D QC-QMI  : QMI platform I/O... blocking on read  port[/dev/hsicctl0] conn_id[9]
12-05 12:01:50.876   243   725 D QC-QMI  : qmi_qmux: TX/RX - RX 20 bytes on conn_id=9
12-05 12:01:50.876   243   725 D QC-QMI  : QMI_Msg Len: [20], Serv_ID: [EXTEND(0xe5)], Msg_ID: [UMTS_SET_FAST_DORMANCY_ENABLE(0x192)], Trans_ID: [5][Response], Conn_ID:[9]
12-05 12:01:50.876   243   725 D QC-QMI  : 01 13 00 80 E5 01 02 05 00 92 01 07 00 02 04 00 00 00 00 00 
12-05 12:01:50.876   243   725 D QC-QMI  : qmuxd: TX message on fd=22, to clientID = 3, len=54
12-05 12:01:50.876   243   725 E QC-QMI  : QMI platform I/O... blocking on poll fds
12-05 12:01:50.876   235   781 D QC-QMI  : qmi_client [235] 3: Received 54 bytes on fd = 25
12-05 12:01:50.876   235   781 D QC-QMI  :  API Flag .............. 1 
12-05 12:01:50.876   235   781 D QC-QMI  :  Message ID ............... 402 
12-05 12:01:50.876   235   346 I QMI-RIL : qmi_ril(0/235): RIL[0][main] qcril_qmi_util_convert_qmi_response_codes_to_ril_result_ex: ctx check 0
12-05 12:01:50.876   235   346 I QMI-RIL : qmi_ril(0/235): RIL[0][main] qcril_qmi_extend_request_set_fast_dormancy_enable: qcril_qmi_extend_request_set_fast_dormancy_enable completed 0, 0
12-05 12:01:50.876   235   346 I QMI-RIL : qmi_ril(0/235): RIL[0][main] qcril_qmi_extend_init_enroam: qcril_qmi_extend_init_enroam domestic=1,international=0
12-05 12:01:50.876   235   346 D QC-QMI  : Setting the api flag to : 1
12-05 12:01:50.876   235   346 D QC-QMI  : qmi_client [235] 3: sending 57 bytes on fd = 25
12-05 12:01:50.876   243   243 D QC-QMI  : qmuxd: RX 57 bytes on fd=22 from qmux_client_id=3
12-05 12:01:50.876   243   243 D QC-QMI  : qmi_qmux: TX/RX - TX 23 bytes on conn_id=9
12-05 12:01:50.876   243   243 D QC-QMI  : QMI_Msg Len: [23], Serv_ID: [EXTEND(0xe5)], Msg_ID: [CDMA_SET_HTC_ENROAM(0x107)], Trans_ID: [6][Request], Conn_ID:[9]
12-05 12:01:50.876   243   243 D QC-QMI  : 01 16 00 00 E5 01 00 06 00 07 01 0A 00 01 02 00 01 00 02 02 00 00 00 
12-05 12:01:50.896   243   725 D QC-QMI  : QMI platform I/O... blocking on read  port[/dev/hsicctl0] conn_id[9]
12-05 12:01:50.896   243   725 D QC-QMI  : qmi_qmux: TX/RX - RX 20 bytes on conn_id=9
12-05 12:01:50.896   243   725 D QC-QMI  : QMI_Msg Len: [20], Serv_ID: [EXTEND(0xe5)], Msg_ID: [CDMA_SET_HTC_ENROAM(0x107)], Trans_ID: [6][Response], Conn_ID:[9]
12-05 12:01:50.896   243   725 D QC-QMI  : 01 13 00 80 E5 01 02 06 00 07 01 07 00 02 04 00 01 00 47 00 
12-05 12:01:50.896   243   725 D QC-QMI  : qmuxd: TX message on fd=22, to clientID = 3, len=54
12-05 12:01:50.896   243   725 E QC-QMI  : QMI platform I/O... blocking on poll fds
12-05 12:01:50.896   235   781 D QC-QMI  : qmi_client [235] 3: Received 54 bytes on fd = 25
12-05 12:01:50.896   235   781 D QC-QMI  :  API Flag .............. 1 
12-05 12:01:50.896   235   781 D QC-QMI  :  Message ID ............... 263 
12-05 12:01:50.896   235   346 I QMI-RIL : qmi_ril(0/235): RIL[0][main] qcril_qmi_util_convert_qmi_response_codes_to_ril_result_ex: ctx check 0
12-05 12:01:50.896   235   346 I QMI-RIL : qmi_ril(0/235): RIL[0][main] qcril_qmi_extend_init_enroam: qcril_qmi_extend_request_cdma_set_htc_enroam completed 2, 0
12-05 12:01:50.896   235   346 I QMI-RIL : qmi_ril(0/235): RIL[0][main] qcril_qmi_extend_init: qcril_qmi_extend_init exit
12-05 12:01:50.896   235   346 I QMI-RIL : qmi_ril(0/235): RIL[0][main] qcril_qmi_voice_init: function entry
12-05 12:01:50.896   235   346 D QC-QMI  : Setting the api flag to : 1
12-05 12:01:50.896   235   346 D QC-QMI  : qmi_client [235] 3: sending 51 bytes on fd = 25
12-05 12:01:50.896   243   243 D QC-QMI  : qmuxd: RX 51 bytes on fd=22 from qmux_client_id=3
12-05 12:01:50.896   243   243 D QC-QMI  : qmi_qmux: TX/RX - TX 17 bytes on conn_id=9
12-05 12:01:50.896   243   243 D QC-QMI  : QMI_Msg Len: [17], Serv_ID: [VOICE(0x9)], Msg_ID: [INDICATION_REGISTER(0x3)], Trans_ID: [1][Request], Conn_ID:[9]
12-05 12:01:50.896   243   243 D QC-QMI  : 01 10 00 00 09 01 00 01 00 03 00 04 00 11 01 00 01 
12-05 12:01:50.926   243   725 D QC-QMI  : QMI platform I/O... blocking on read  port[/dev/hsicctl0] conn_id[9]
12-05 12:01:50.926   243   725 D QC-QMI  : qmi_qmux: TX/RX - RX 20 bytes on conn_id=9
12-05 12:01:50.926   243   725 D QC-QMI  : QMI_Msg Len: [20], Serv_ID: [VOICE(0x9)], Msg_ID: [INDICATION_REGISTER(0x3)], Trans_ID: [1][Response], Conn_ID:[9]
12-05 12:01:50.926   243   725 D QC-QMI  : 01 13 00 80 09 01 02 01 00 03 00 07 00 02 04 00 00 00 00 00 
12-05 12:01:50.926   243   725 D QC-QMI  : qmuxd: TX message on fd=22, to clientID = 3, len=54
12-05 12:01:50.926   243   725 E QC-QMI  : QMI platform I/O... blocking on poll fds
12-05 12:01:50.926   235   781 D QC-QMI  : qmi_client [235] 3: Received 54 bytes on fd = 25
12-05 12:01:50.926   235   781 D QC-QMI  :  API Flag .............. 1 
12-05 12:01:50.926   235   781 D QC-QMI  :  Message ID ............... 3 
12-05 12:01:50.926   235   346 I QMI-RIL : qmi_ril(0/235): RIL[0][main] qcril_qmi_voice_init: Indication register successful
12-05 12:01:50.926   235   346 D QMI-RIL : qmi_ril(0/235): RIL[0][main] qcril_qmi_voice_init: CLIR=0
12-05 12:01:50.926   235   346 I QMI-RIL : qmi_ril(0/235): RIL[0][main] qcril_qmi_voice_init: function exit with ret 0
12-05 12:01:50.926   235   346 D QMI-RIL : qmi_ril(0/235): RIL[0][main] qcril_qmi_voice_init: [HTC.QCRIL.CLIP] QCRIL QMI VOICE CLIP at qcril_qmi_voice_init=1
12-05 12:01:50.926   235   346 D QC-QMI  : Setting the api flag to : 1
12-05 12:01:50.926   235   346 D QC-QMI  : qmi_client [235] 3: sending 55 bytes on fd = 25
12-05 12:01:50.926   243   243 D QC-QMI  : qmuxd: RX 55 bytes on fd=22 from qmux_client_id=3
12-05 12:01:50.926   243   243 D QC-QMI  : qmi_qmux: TX/RX - TX 21 bytes on conn_id=9
12-05 12:01:50.926   243   243 D QC-QMI  : QMI_Msg Len: [21], Serv_ID: [DMS(0x2)], Msg_ID: [SET_EVENT_REPORT(0x1)], Trans_ID: [1][Request], Conn_ID:[9]
12-05 12:01:50.926   243   243 D QC-QMI  : 01 14 00 00 02 01 00 01 00 01 00 08 00 14 01 00 01 17 01 00 01 
12-05 12:01:50.946   243   725 D QC-QMI  : QMI platform I/O... blocking on read  port[/dev/hsicctl0] conn_id[9]
12-05 12:01:50.946   243   725 D QC-QMI  : qmi_qmux: TX/RX - RX 20 bytes on conn_id=9
12-05 12:01:50.946   243   725 D QC-QMI  : QMI_Msg Len: [20], Serv_ID: [DMS(0x2)], Msg_ID: [SET_EVENT_REPORT(0x1)], Trans_ID: [1][Response], Conn_ID:[9]
12-05 12:01:50.946   243   725 D QC-QMI  : 01 13 00 80 02 01 02 01 00 01 00 07 00 02 04 00 00 00 00 00 
12-05 12:01:50.946   243   725 D QC-QMI  : qmuxd: TX message on fd=22, to clientID = 3, len=54
12-05 12:01:50.946   243   725 E QC-QMI  : QMI platform I/O... blocking on poll fds
12-05 12:01:50.946   235   781 D QC-QMI  : qmi_client [235] 3: Received 54 bytes on fd = 25
12-05 12:01:50.946   235   781 D QC-QMI  :  API Flag .............. 1 
12-05 12:01:50.946   235   781 D QC-QMI  :  Message ID ............... 1 
12-05 12:01:50.946   235   346 I QMI-RIL : qmi_ril(0/235): RIL[0][main] qcril_qmi_util_convert_qmi_response_codes_to_ril_result_ex: ctx check 0
12-05 12:01:50.946   235   346 I QMI-RIL : qmi_ril(0/235): RIL[0][main] qcril_qmi_dms_8960_init: function entry
12-05 12:01:50.946   235   346 D QC-QMI  : Setting the api flag to : 1
12-05 12:01:50.946   235   346 D QC-QMI  : qmi_client [235] 3: sending 47 bytes on fd = 25
12-05 12:01:50.946   243   243 D QC-QMI  : qmuxd: RX 47 bytes on fd=22 from qmux_client_id=3
12-05 12:01:50.946   243   243 D QC-QMI  : qmi_qmux: TX/RX - TX 13 bytes on conn_id=9
12-05 12:01:50.946   243   243 D QC-QMI  : QMI_Msg Len: [13], Serv_ID: [DMS(0x2)], Msg_ID: [GET_DEVICE_CAP(0x20)], Trans_ID: [2][Request], Conn_ID:[9]
12-05 12:01:50.946   243   243 D QC-QMI  : 01 0C 00 00 02 01 00 02 00 20 00 00 00 
12-05 12:01:50.966   243   725 D QC-QMI  : QMI platform I/O... blocking on read  port[/dev/hsicctl0] conn_id[9]
12-05 12:01:50.966   243   725 D QC-QMI  : qmi_qmux: TX/RX - RX 66 bytes on conn_id=9
12-05 12:01:50.966   243   725 D QC-QMI  : QMI_Msg Len: [66], Serv_ID: [DMS(0x2)], Msg_ID: [GET_DEVICE_CAP(0x20)], Trans_ID: [2][Response], Conn_ID:[9]
12-05 12:01:50.966   243   725 D QC-QMI  : 01 41 00 80 02 01 02 02 00 20 00 35 00 02 04 00 00 00 00 00 01 0E 00 80 84 1E 00 C0 EB 83 02 04 
12-05 12:01:50.966   243   725 D QC-QMI  : 02 03 04 05 09 10 04 00 04 00 00 00 11 08 00 03 00 00 00 00 00 00 00 12 08 00 00 00 00 00 00 00 
12-05 12:01:50.966   243   725 D QC-QMI  : 00 00 
12-05 12:01:50.966   243   725 D QC-QMI  : qmuxd: TX message on fd=22, to clientID = 3, len=100
12-05 12:01:50.966   243   725 E QC-QMI  : QMI platform I/O... blocking on poll fds
12-05 12:01:50.966   235   781 D QC-QMI  : qmi_client [235] 3: Received 100 bytes on fd = 25
12-05 12:01:50.966   235   781 D QC-QMI  :  API Flag .............. 1 
12-05 12:01:50.966   235   781 D QC-QMI  :  Message ID ............... 32 
12-05 12:01:50.966   235   346 I QMI-RIL : qmi_ril(0/235): RIL[0][main] qcril_qmi_util_convert_qmi_response_codes_to_ril_result_ex: ctx check 0
12-05 12:01:50.966   235   346 I QMI-RIL : qmi_ril(0/235): RIL[0][main] qcril_qmi_dms_8960_init: requested device caps 0, 0
12-05 12:01:50.966   235   346 I QMI-RIL : qmi_ril(0/235): RIL[0][main] qcril_qmi_dms_set_simo_cs_ps_property: function entry
12-05 12:01:50.966   235   346 I QMI-RIL : qmi_ril(0/235): RIL[0][main] qcril_qmi_dms_set_simo_cs_ps_property: simul cap 0
12-05 12:01:50.966   235   346 I QMI-RIL : qmi_ril(0/235): RIL[0][main] qcril_qmi_dms_set_simo_cs_ps_property: Setting ro.ril.svlte1x property to false
12-05 12:01:50.966   235   346 I QMI-RIL : qmi_ril(0/235): RIL[0][main] qcril_qmi_dms_set_simo_cs_ps_property: Setting ro.ril.svdo property to false
12-05 12:01:50.966   235   346 I QMI-RIL : qmi_ril(0/235): RIL[0][main] qcril_qmi_dms_set_simo_cs_ps_property: function exit
12-05 12:01:50.966   235   346 I QMI-RIL : qmi_ril(0/235): RIL[0][main] qcril_qmi_dms_8960_init: function exit with ret 0
12-05 12:01:50.966   235   346 I QMI-RIL : qmi_ril(0/235): RIL[0][main] qcril_qmi_dms_init: requested dms indication reports 0, 0
12-05 12:01:50.966   235   346 I QMI-RIL : qmi_ril(0/235): RIL[0][main] qcril_qmi_nas_init: function entry
12-05 12:01:50.966   235   346 D QMI-RIL : qmi_ril(0/235): RIL[0][main] qcril_qmi_nas_init: APM_SIM_NOT_PWDN=0
12-05 12:01:50.966   235   346 D QMI-RIL : qmi_ril(0/235): RIL[0][main] qcril_qmi_nas_init: ADD_POWER_SAVE=1
12-05 12:01:50.966   235   346 D QMI-RIL : qmi_ril(0/235): RIL[0][main] qcril_qmi_nas_init: FORCE_NW_SEARCH=0
12-05 12:01:50.966   235   346 D QMI-RIL : qmi_ril(0/235): RIL[0][main] qcril_qmi_nas_init: VOICE_SUPPORT_ON_LTE=0
12-05 12:01:50.966   235   346 D QMI-RIL : qmi_ril(0/235): RIL[0][main] qcril_qmi_nas_init: QCRIL_ALWAYS_REPORT_RESTRICTED_STATE=0
12-05 12:01:50.966   235   346 D QMI-RIL : qmi_ril(0/235): RIL[0][main] qcril_qmi_nas_init: FILL_EONS=0
12-05 12:01:50.966   235   346 D QMI-RIL : qmi_ril(0/235): RIL[0][main] qcril_qmi_nas_init: VRTE_LOGIC=0
12-05 12:01:50.966   235   346 D QMI-RIL : qmi_ril(0/235): RIL[0][main] qcril_qmi_nas_init: NO_WAIT_FOR_CARD=0
12-05 12:01:50.966   235   346 D QMI-RIL : qmi_ril(0/235): RIL[0][main] qcril_qmi_nas_init: SNAPSHOT_TIMER=0
12-05 12:01:50.966   235   346 D QMI-RIL : qmi_ril(0/235): RIL[0][main] qcril_qmi_nas_init: SNAPSHOT_FEATURE_ENABLED=0
12-05 12:01:50.966   235   346 D QMI-RIL : qmi_ril(0/235): RIL[0][main] qcril_qmi_nas_init: DATA_DORMANCY_NO_TOGGLE=0
12-05 12:01:50.966   235   346 D QMI-RIL : qmi_ril(0/235): RIL[0][main] qcril_qmi_nas_init: USE_SE_TABLE_ONLY=0
12-05 12:01:50.966   235   346 D QMI-RIL : qmi_ril(0/235): RIL[0][main] qcril_qmi_nas_init: QCRIL_LEGACY_LTE_VOICE_RADIO_TECH_REPORT=0
12-05 12:01:50.966   235   346 D QMI-RIL : qmi_ril(0/235): RIL[0][main] qcril_qmi_nas_init: SKIP_DATA_CALL_CHECK=0
12-05 12:01:50.966   235   346 D QMI-RIL : qmi_ril(0/235): RIL[0][main] qcril_qmi_nas_init: GET_MODE_PREF_FROM_NV_10=0
12-05 12:01:50.966   235   346 D QMI-RIL : qmi_ril(0/235): RIL[0][main] qcril_qmi_nas_init: TDSCDMA_SUPPORT_PRESENT=2
12-05 12:01:50.966   235   346 D QMI-RIL : qmi_ril(0/235): RIL[0][main] qcril_qmi_nas_init: SGLTE_EONS_PREF_DOMAIN_PROPERTY=1
12-05 12:01:50.966   235   346 D QMI-RIL : qmi_ril(0/235): RIL[0][main] qcril_qmi_nas_init: SGLTE_EONS_PREF_ROAMING_PROPERTY=1
12-05 12:01:50.966   235   346 D QMI-RIL : qmi_ril(0/235): RIL[0][main] qcril_qmi_nas_sglte_init: qcril_qmi_nas_sglte_init
12-05 12:01:50.966   235   346 D QMI-RIL : qmi_ril(0/235): RIL[0][main] qcril_qmi_nas_init: DFR_MODE_PREF_SET_UNTIL_ONLINE=0
12-05 12:01:50.966   235   346 I QMI-RIL : qmi_ril(0/235): RIL[0][main] qcril_qmi_nas_init: Cell Info Sweep limit: 10000
12-05 12:01:50.966   235   346 I QMI-RIL : qmi_ril(0/235): RIL[0][main] qcril_qmi_nas_nitz_persistent_cache_fetch_to_shadow: persistent_cached_nitz_op_name_long: 0, persistent_cached_nitz_op_name_short: 0
12-05 12:01:50.966   235   346 I QMI-RIL : qmi_ril(0/235): RIL[0][main] qcril_qmi_nas_nitz_persistent_cache_fetch_to_shadow: .. load from prop - 0
12-05 12:01:50.966   235   346 I QMI-RIL : qmi_ril(0/235): RIL[0][main] qcril_qmi_nas_nitz_persistent_cache_fetch_to_shadow: .. master mccmnc prop get 0, persist.radio.nitz_plmn_0 - 
12-05 12:01:50.966   235   346 I QMI-RIL : qmi_ril(0/235): RIL[0][main] qcril_qmi_nas_nitz_persistent_cache_fetch_to_shadow: .. prop fetch res 1
12-05 12:01:50.966   235   346 I QMI-RIL : qmi_ril(0/235): RIL[0][main] qcril_qmi_nas_nitz_persistent_cache_fetch_to_shadow: function exit
12-05 12:01:50.966   235   346 I QMI-RIL : qmi_ril(0/235): RIL[0][main] qcril_qmi_nas_dsds_persistent_cache_fetch_to_shadow: dsds_is_tune_away = 0, priority_paging = 0
12-05 12:01:50.966   235   346 I QMI-RIL : qmi_ril(0/235): RIL[0][main] qcril_qmi_nas_dsds_persistent_cache_fetch_to_shadow: .. load from prop - 0
12-05 12:01:50.966   235   346 I QMI-RIL : qmi_ril(0/235): RIL[0][main] qcril_qmi_nas_dsds_persistent_cache_fetch_to_shadow: .. master tuneaway prop get 0, persist.radio.tuneaway_0 - 
12-05 12:01:50.966   235   346 I QMI-RIL : qmi_ril(0/235): RIL[0][main] qcril_qmi_nas_dsds_persistent_cache_fetch_to_shadow: ..  tuneaway value after reading from property 255
12-05 12:01:50.966   235   346 I QMI-RIL : qmi_ril(0/235): RIL[0][main] qcril_qmi_nas_dsds_persistent_cache_fetch_to_shadow: .. master priority paging prop get 0, persist.radio.paging_priority_0 - 
12-05 12:01:50.966   235   346 I QMI-RIL : qmi_ril(0/235): RIL[0][main] qcril_qmi_nas_dsds_persistent_cache_fetch_to_shadow: ..  paging priority value after reading from property 255
12-05 12:01:50.966   235   346 I QMI-RIL : qmi_ril(0/235): RIL[0][main] qcril_qmi_nas_initiate_radio_power_process: function entry
12-05 12:01:50.966   235   346 I QMI-RIL : qmi_ril(0/235): RIL[0][main] qcril_qmi_nas_initiate_radio_power_process: function exit
12-05 12:01:50.976   235   346 I QMI-RIL : qmi_ril(0/235): RIL[0][main] qmi_ril_nwr_set_eme_cbm: entered, mode requested 1
12-05 12:01:50.976   235   346 I QMI-RIL : qmi_ril(0/235): RIL[0][main] qmi_ril_nwr_set_eme_cbm: .. cur 0
12-05 12:01:50.976   235   346 I QMI-RIL : qmi_ril(0/235): RIL[0][main] qmi_ril_nwr_set_eme_cbm: .. go_on, rule 1, 1
12-05 12:01:50.976   235   346 I QMI-RIL : qmi_ril(0/235): RIL[0][main] qmi_ril_nwr_set_eme_cbm: completed, new mode 1
12-05 12:01:50.976   235   346 D QC-QMI  : Setting the api flag to : 1
12-05 12:01:50.976   235   346 D QC-QMI  : qmi_client [235] 3: sending 47 bytes on fd = 25
12-05 12:01:50.976   243   243 D QC-QMI  : qmuxd: RX 47 bytes on fd=22 from qmux_client_id=3
12-05 12:01:50.976   243   243 D QC-QMI  : qmi_qmux: TX/RX - TX 13 bytes on conn_id=9
12-05 12:01:50.976   243   243 D QC-QMI  : QMI_Msg Len: [13], Serv_ID: [NAS(0x3)], Msg_ID: [GET_SYSTEM_SELECTION_PREFERENCE(0x34)], Trans_ID: [1][Request], Conn_ID:[9]
12-05 12:01:50.976   243   243 D QC-QMI  : 01 0C 00 00 03 01 00 01 00 34 00 00 00 
12-05 12:01:50.986   243   725 D QC-QMI  : QMI platform I/O... blocking on read  port[/dev/hsicctl0] conn_id[9]
12-05 12:01:50.986   243   725 D QC-QMI  : qmi_qmux: TX/RX - RX 92 bytes on conn_id=9
12-05 12:01:50.986   243   725 D QC-QMI  : QMI_Msg Len: [92], Serv_ID: [NAS(0x3)], Msg_ID: [GET_SYSTEM_SELECTION_PREFERENCE(0x34)], Trans_ID: [1][Response], Conn_ID:[9]
12-05 12:01:50.986   243   725 D QC-QMI  : 01 5B 00 80 03 01 02 01 00 34 00 4F 00 02 04 00 00 00 00 00 10 01 00 00 11 02 00 24 00 12 08 00 
12-05 12:01:50.986   243   725 D QC-QMI  : FF FF FF BF FF FF FF FF 14 02 00 FF 00 15 08 00 FF 3F DF 03 FF 07 00 00 16 01 00 00 18 04 00 02 
