12-05 12:01:36.651   243   243 D QC-QMI  : qmuxd: Android baseband property[dsda]
12-05 12:01:36.651   243   243 D QC-QMI  : qmuxd:  qmi proxy daemon expected 0
12-05 12:01:36.651   243   243 E QC-QMI  : qmuxd: linux_qmi_read_sysfs_config: couldn't open file /sys/module/f_rmnet/parameters/rmnet_ctl_ch
12-05 12:01:36.651   243   243 E QC-QMI  : qmuxd: linux_qmi_read_sysfs_config: couldn't open /sys/module/rmnet/parameters/rmnet_ctl_ch
12-05 12:01:36.651   243   243 D QC-QMI  : qmuxd:  Disable port 0
12-05 12:01:36.651   243   243 D QC-QMI  : qmi_qmux_disable_port:  Sucessfully disabled port_id=0
12-05 12:01:36.651   243   243 D QC-QMI  : qmuxd:  Disable port 1
12-05 12:01:36.651   243   243 D QC-QMI  : qmi_qmux_disable_port:  Sucessfully disabled port_id=1
12-05 12:01:36.651   243   243 D QC-QMI  : qmuxd:  Disable port 2
12-05 12:01:36.651   243   243 D QC-QMI  : qmi_qmux_disable_port:  Sucessfully disabled port_id=2
12-05 12:01:36.651   243   243 D QC-QMI  : qmuxd:  Disable port 3
12-05 12:01:36.651   243   243 D QC-QMI  : qmi_qmux_disable_port:  Sucessfully disabled port_id=3
12-05 12:01:36.651   243   243 D QC-QMI  : qmuxd:  Disable port 4
12-05 12:01:36.651   243   243 D QC-QMI  : qmi_qmux_disable_port:  Sucessfully disabled port_id=4
12-05 12:01:36.651   243   243 D QC-QMI  : qmuxd:  Disable port 5
12-05 12:01:36.651   243   243 D QC-QMI  : qmi_qmux_disable_port:  Sucessfully disabled port_id=5
12-05 12:01:36.651   243   243 D QC-QMI  : qmuxd:  Disable port 6
12-05 12:01:36.651   243   243 D QC-QMI  : qmi_qmux_disable_port:  Sucessfully disabled port_id=6
12-05 12:01:36.651   243   243 D QC-QMI  : qmuxd:  Disable port 7
12-05 12:01:36.651   243   243 D QC-QMI  : qmi_qmux_disable_port:  Sucessfully disabled port_id=7
12-05 12:01:36.651   243   243 D QC-QMI  : qmuxd:  Disable port 8
12-05 12:01:36.651   243   243 D QC-QMI  : qmi_qmux_disable_port:  Sucessfully disabled port_id=8
12-05 12:01:36.651   243   243 D QC-QMI  : qmuxd:  Disable port 13
12-05 12:01:36.651   243   243 D QC-QMI  : qmi_qmux_disable_port:  Sucessfully disabled port_id=13
12-05 12:01:36.651   243   243 D QC-QMI  : qmuxd:  Disable port 14
12-05 12:01:36.651   243   243 D QC-QMI  : qmi_qmux_disable_port:  Sucessfully disabled port_id=14
12-05 12:01:36.651   243   243 D QC-QMI  : qmuxd:  Disable port 15
12-05 12:01:36.651   243   243 D QC-QMI  : qmi_qmux_disable_port:  Sucessfully disabled port_id=15
12-05 12:01:36.651   243   243 D QC-QMI  : qmuxd:  Disable port 16
12-05 12:01:36.651   243   243 D QC-QMI  : qmi_qmux_disable_port:  Sucessfully disabled port_id=16
12-05 12:01:36.651   243   243 D QC-QMI  : qmuxd:  Disable port 17
12-05 12:01:36.651   243   243 D QC-QMI  : qmi_qmux_disable_port:  Sucessfully disabled port_id=17
12-05 12:01:36.651   243   243 D QC-QMI  : qmuxd:  Disable port 18
12-05 12:01:36.651   243   243 D QC-QMI  : qmi_qmux_disable_port:  Sucessfully disabled port_id=18
12-05 12:01:36.651   243   243 D QC-QMI  : qmuxd: Enabled SMUX/USB transport on QSC/MDM ports
12-05 12:01:36.651   243   243 D QC-QMI  : linux_qmi_qmux_if_configure_port_timeout: mode=0, smd_timeout=20, hsic_timeout=60
12-05 12:01:36.651   243   243 E QC-QMI  : linux_qmi_qmux_if_configure_port_timeout: failed to open HSIC timeout config=/sys/devices/virtual/hsicctl/hsicctl0/modem_wait errno [13:Permission denied]
12-05 12:01:36.651   243   243 D QC-QMI  : qmuxd:  skipping opening conn_id=0, enabled=0, open_at_powerup=1
12-05 12:01:36.651   243   243 D QC-QMI  : qmuxd:  skipping opening conn_id=1, enabled=0, open_at_powerup=1
12-05 12:01:36.651   243   243 D QC-QMI  : qmuxd:  skipping opening conn_id=2, enabled=0, open_at_powerup=1
12-05 12:01:36.651   243   243 D QC-QMI  : qmuxd:  skipping opening conn_id=3, enabled=0, open_at_powerup=1
12-05 12:01:36.651   243   243 D QC-QMI  : qmuxd:  skipping opening conn_id=4, enabled=0, open_at_powerup=1
12-05 12:01:36.651   243   243 D QC-QMI  : qmuxd:  skipping opening conn_id=5, enabled=0, open_at_powerup=1
12-05 12:01:36.651   243   243 D QC-QMI  : qmuxd:  skipping opening conn_id=6, enabled=0, open_at_powerup=1
12-05 12:01:36.651   243   243 D QC-QMI  : qmuxd:  skipping opening conn_id=7, enabled=0, open_at_powerup=1
12-05 12:01:36.651   243   243 D QC-QMI  : qmuxd:  skipping opening conn_id=8, enabled=0, open_at_powerup=0
12-05 12:01:36.651   243   243 D QC-QMI  : qmuxd: processing device[MDM_DATA1_CNTL] connid[9] transport[0x8] wait[1]
12-05 12:01:36.651   243   243 E QC-QMI  : linux_qmi_qmux_io.c: Unable to open port id /dev/hsicctl0, error [110:Connection timed out]
12-05 12:01:36.651   243   243 E QC-QMI  : qmi_qmux_open_connection: QMI_QMUX_IO_PLATFORM_OPEN_CONN failed -1 
12-05 12:01:36.651   243   243 E QC-QMI  : qmuxd:  opening connection for RMNET9 failed on attempt 0, Waiting 500 milliseconds before retry
12-05 12:01:37.151   246   246 D RILD_QSC: persist.radio.ds.test=0
12-05 12:01:37.151   243   243 E QC-QMI  : linux_qmi_qmux_io.c: Unable to open port id /dev/hsicctl0, error [110:Connection timed out]
12-05 12:01:37.151   243   243 E QC-QMI  : qmi_qmux_open_connection: QMI_QMUX_IO_PLATFORM_OPEN_CONN failed -1 
12-05 12:01:37.151   243   243 E QC-QMI  : qmuxd:  opening connection for RMNET9 failed on attempt 1, Waiting 500 milliseconds before retry
12-05 12:01:37.172   237   298 D QC-QMI  : Setting internal use port to rmnet_usb0
12-05 12:01:37.172   237   298 D QC-QMI  : linux_qmi_qmux_if_client_get_proc_name: pid=237, proc_name=thermald
12-05 12:01:37.172   237   298 D QC-QMI  : linux_qmi_qmux_if_client_get_socket_paths: num_grps=1
12-05 12:01:37.172   237   298 D QC-QMI  : linux_qmi_qmux_if_client_get_proc_group_name: gid=0, grp_name=root
12-05 12:01:37.172   237   298 D QC-QMI  : using socket paths bind=/dev/socket/qmux_radio/qmux_client_socket, connect=/dev/socket/qmux_radio/qmux_connect_socket
12-05 12:01:37.172   237   298 E QC-QMI  : qmi_client [237]: unable to connect to server, errno=[2:No such file or directory], attempt=1
12-05 12:01:37.242   246   246 D RILD_QSC: RILHOOK_init()
12-05 12:01:37.252   246   246 D RILHOOK_QSC: /system/bin/rild (20131205,04:16:59),1386188219
12-05 12:01:37.252   246   246 D RILHOOK_QSC: /system/bin/qmuxd (20131205,04:16:48),1386188208
12-05 12:01:37.252   246   246 D RILHOOK_QSC: /system/bin/netmgrd (20131205,04:16:48),1386188208
12-05 12:01:37.252   246   246 D RILHOOK_QSC: /system/lib/libril.so (20131205,04:16:55),1386188215
12-05 12:01:37.252   246   246 D RILHOOK_QSC: /system/lib/libhtc_rilhook.so (20131205,04:16:58),1386188218
12-05 12:01:37.252   246   246 D RILHOOK_QSC: /system/lib/libril-qc-qmi-1.so (20131205,04:17:00),1386188220
12-05 12:01:37.252   246   246 D RILHOOK_QSC: /system/lib/libril-qcril-hook-oem.so (20131205,04:16:57),1386188217
12-05 12:01:37.252   246   246 D RILHOOK_QSC: /system/lib/libdsi_netctrl.so (20131205,04:16:48),1386188208
12-05 12:01:37.252   246   246 D RILHOOK_QSC: /system/lib/libnetmgr.so (20131205,04:16:47),1386188207
12-05 12:01:37.252   246   246 D RILHOOK_QSC: /system/lib/libhardware_legacy.so (20131205,04:16:47),1386188207
12-05 12:01:37.252   246   246 D RILHOOK_QSC: /system/lib/libnetutils.so (20131205,04:16:45),1386188205
12-05 12:01:37.252   246   246 D RILHOOK_QSC: /system/lib/libqcci_legacy.so (20131205,04:16:48),1386188208
12-05 12:01:37.252   246   246 D RILHOOK_QSC: /system/lib/libqdi.so (20131205,04:16:48),1386188208
12-05 12:01:37.252   246   246 D RILHOOK_QSC: /system/lib/libqdp.so (20131205,04:16:48),1386188208
12-05 12:01:37.252   246   246 D RILHOOK_QSC: /system/lib/libqmi.so (20131205,04:16:47),1386188207
12-05 12:01:37.252   246   246 D RILHOOK_QSC: /system/lib/libbinder.so (20131205,04:16:47),1386188207
12-05 12:01:37.252   246   246 D RILHOOK_QSC: /system/lib/libidl.so (20131205,04:16:07),1386188167
12-05 12:01:37.252   246   246 D RILHOOK_QSC: /system/lib/libcutils.so (20131205,04:16:41),1386188201
12-05 12:01:37.252   246   246 D RILHOOK_QSC: /system/lib/libqmi_client_qmux.so (20131205,04:16:47),1386188207
12-05 12:01:37.252   246   246 D RILHOOK_QSC: /system/lib/libqmiservices.so (20131205,04:16:42),1386188202
12-05 12:01:37.252   246   246 D RILHOOK_QSC: /system/lib/libwpa_client.so (20131205,04:16:45),1386188205
12-05 12:01:37.252   246   246 D RILHOOK_QSC: fopen fail:/sys/htc_monitor_status/htc_monitor_param, ent:Permission denied
12-05 12:01:37.252   246   246 D QMI-RIL : qmi_ril(0/246): RIL[0][rild] qcril_log_init: qcril_log_init() 1
12-05 12:01:37.252   246   246 D QMI-RIL : qmi_ril(0/246): RIL[0][rild] qcril_log_init: qcril_log_init() 2
12-05 12:01:37.252   246   246 D QMI-RIL : qmi_ril(0/246): RIL[0][rild] qcril_log_init: adb_log_on = 1
12-05 12:01:37.252   246   246 I QMI-RIL : qmi_ril(0/246): RIL[0][rild] RIL_Init: RIL client opt: 100 not handled intreseted only -c option
12-05 12:01:37.252   246   246 I QMI-RIL : qmi_ril(0/246): RIL[0][rild] RIL_Init: RIL client : 1, running RIL_Init()
12-05 12:01:37.252   246   246 D QMI-RIL : qmi_ril(1/246): RIL[1][rild] RIL_Init: RIL 1, running RIL_Init()
12-05 12:01:37.252   246   246 I QMI-RIL : qmi_ril(1/246): RIL[1][rild] qmi_ril_fw_android_request_flow_control_init: function entry
12-05 12:01:37.272   246   246 I QMI-RIL : qmi_ril(1/246): RIL[1][rild] qmi_ril_fw_android_request_flow_control_init: function exit
12-05 12:01:37.272   246   246 I QMI-RIL : qmi_ril(1/246): RIL[1][rild] qmi_ril_init_android_unsol_resp_pending_list: function entry
12-05 12:01:37.272   246   246 I QMI-RIL : qmi_ril(1/246): RIL[1][rild] qmi_ril_init_android_unsol_resp_pending_list: function exit
12-05 12:01:37.272   246   345 I QMI-RIL : qmi_ril(1/246): RIL[1][event] qcril_event_main: Event thread waiting for started == 2 (1)
12-05 12:01:37.272   246   246 I QMI-RIL : qmi_ril(1/246): RIL[1][rild] qcril_event_init: event thread started
12-05 12:01:37.272   246   246 I QMI-RIL : qmi_ril(1/246): RIL[1][rild] qcril_arb_init: function entry
12-05 12:01:37.282   246   343 V RILC_QSC: processWakeupCallback
12-05 12:01:37.282   246   246 D QMI-RIL : qmi_ril(1/246): RIL[1][rild] qcril_setup_timed_callback: Set timer with ID 0
12-05 12:01:37.282   246   246 I QMI-RIL : qmi_ril(1/246): RIL[1][rild] qcril_reqlist_init: function entry
12-05 12:01:37.282   235   235 D RILD    : RILHOOK_init()
12-05 12:01:37.292   235   235 D RILHOOK : /system/bin/rild (20131205,04:16:59),1386188219
12-05 12:01:37.292   235   235 D RILHOOK : /system/bin/qmuxd (20131205,04:16:48),1386188208
12-05 12:01:37.292   235   235 D RILHOOK : /system/bin/netmgrd (20131205,04:16:48),1386188208
12-05 12:01:37.292   235   235 D RILHOOK : /system/lib/libril.so (20131205,04:16:55),1386188215
12-05 12:01:37.292   235   235 D RILHOOK : /system/lib/libhtc_rilhook.so (20131205,04:16:58),1386188218
12-05 12:01:37.292   235   235 D RILHOOK : /system/lib/libril-qc-qmi-1.so (20131205,04:17:00),1386188220
12-05 12:01:37.292   235   235 D RILHOOK : /system/lib/libril-qcril-hook-oem.so (20131205,04:16:57),1386188217
12-05 12:01:37.292   235   235 D RILHOOK : /system/lib/libdsi_netctrl.so (20131205,04:16:48),1386188208
12-05 12:01:37.292   235   235 D RILHOOK : /system/lib/libnetmgr.so (20131205,04:16:47),1386188207
12-05 12:01:37.292   235   235 D RILHOOK : /system/lib/libhardware_legacy.so (20131205,04:16:47),1386188207
12-05 12:01:37.292   235   235 D RILHOOK : /system/lib/libnetutils.so (20131205,04:16:45),1386188205
12-05 12:01:37.292   235   235 D RILHOOK : /system/lib/libqcci_legacy.so (20131205,04:16:48),1386188208
12-05 12:01:37.292   235   235 D RILHOOK : /system/lib/libqdi.so (20131205,04:16:48),1386188208
12-05 12:01:37.292   235   235 D RILHOOK : /system/lib/libqdp.so (20131205,04:16:48),1386188208
12-05 12:01:37.292   235   235 D RILHOOK : /system/lib/libqmi.so (20131205,04:16:47),1386188207
12-05 12:01:37.292   235   235 D RILHOOK : /system/lib/libbinder.so (20131205,04:16:47),1386188207
12-05 12:01:37.292   235   235 D RILHOOK : /system/lib/libidl.so (20131205,04:16:07),1386188167
12-05 12:01:37.292   235   235 D RILHOOK : /system/lib/libcutils.so (20131205,04:16:41),1386188201
12-05 12:01:37.292   235   235 D RILHOOK : /system/lib/libqmi_client_qmux.so (20131205,04:16:47),1386188207
12-05 12:01:37.292   235   235 D RILHOOK : /system/lib/libqmiservices.so (20131205,04:16:42),1386188202
12-05 12:01:37.292   235   235 D RILHOOK : /system/lib/libwpa_client.so (20131205,04:16:45),1386188205
12-05 12:01:37.292   235   235 D RILHOOK : fopen fail:/sys/htc_monitor_status/htc_monitor_param, ent:Permission denied
12-05 12:01:37.292   246   246 I QMI-RIL : qmi_ril(1/246): RIL[1][rild] qcril_qmi_nas_dms_commmon_pre_init: function entry
12-05 12:01:37.292   246   246 I QMI-RIL : qmi_ril(1/246): RIL[1][rild] qcril_qmi_nas_dms_commmon_pre_init: function exit
12-05 12:01:37.292   246   246 I QMI-RIL : qmi_ril(1/246): RIL[1][rild] qcril_qmi_voice_pre_init: function entry
12-05 12:01:37.292   246   246 I QMI-RIL : qmi_ril(1/246): RIL[1][rild] qcril_qmi_voice_pre_init: qcril_qmi_voice_info.is_0x9e_not_treat_as_name set to: 0
12-05 12:01:37.292   246   246 I QMI-RIL : qmi_ril(1/246): RIL[1][rild] qcril_qmi_voice_pre_init: function exit with ret 0
12-05 12:01:37.292   246   246 I QMI-RIL : qmi_ril(1/246): RIL[1][rild] qcril_init: function exit
12-05 12:01:37.292   246   343 I QMI-RIL : qmi_ril(1/246): RIL[1][main] qmi_ril_bootup_perform_core_or_start_polling: function entry
12-05 12:01:37.292   246   343 I QMI-RIL : qmi_ril(1/246): RIL[1][main] qmi_ril_check_android_unsol_resp_dispatchable: function exit with ret 1
12-05 12:01:37.292   246   343 D QMI-RIL : qmi_ril(1/246): RIL[1][main] qcril_send_unsol_response_epilog: UI <--- RIL_UNSOL_RESPONSE_RADIO_STATE_CHANGED (1000) --- RIL [RID 0, Len 0, (null)]
12-05 12:01:37.292   246   343 W RILC_QSC: RIL_onUnsolicitedResponse called before RIL_register
12-05 12:01:37.292   246   343 I QMI-RIL : qmi_ril(1/246): RIL[1][main] qmi_ril_set_operational_status: new_status 1
12-05 12:01:37.292   246   343 I QMI-RIL : qmi_ril(1/246): RIL[1][main] qmi_ril_set_operational_status: new_status 2
12-05 12:01:37.292   246   343 I QMI-RIL : qmi_ril(1/246): RIL[1][main] qmi_ril_core_init: function entry
12-05 12:01:37.292   246   246 D QMI-RIL : qmi_ril(1/246): RIL[1][rild] qcril_setup_timed_callback: Set timer with ID 1
12-05 12:01:37.292   246   246 D QMI-RIL : qmi_ril(1/246): RIL[1][rild] RIL_Init: GEP
12-05 12:01:37.292   246   246 E RILC_QSC: RIL_register: RIL version 7
12-05 12:01:37.292   246   246 D RILC_QSC: GEP
12-05 12:01:37.292   246   246 D RILC_QSC: RIL_register()
12-05 12:01:37.292   246   345 D QMI-RIL : qmi_ril(1/246): RIL[1][event] qcril_event_main: Waiting...
12-05 12:01:37.292   235   235 D QMI-RIL : qmi_ril(0/235): RIL[0][rild] qcril_log_init: qcril_log_init() 1
12-05 12:01:37.292   235   235 D QMI-RIL : qmi_ril(0/235): RIL[0][rild] qcril_log_init: qcril_log_init() 2
12-05 12:01:37.292   235   235 D QMI-RIL : qmi_ril(0/235): RIL[0][rild] qcril_log_init: adb_log_on = 1
12-05 12:01:37.292   235   235 I QMI-RIL : qmi_ril(0/235): RIL[0][rild] RIL_Init: RIL client opt: 100 not handled intreseted only -c option
12-05 12:01:37.292   235   235 I QMI-RIL : qmi_ril(0/235): RIL[0][rild] RIL_Init: RIL client : 0, running RIL_Init()
12-05 12:01:37.292   235   235 D QMI-RIL : qmi_ril(0/235): RIL[0][rild] RIL_Init: RIL 0, running RIL_Init()
12-05 12:01:37.292   235   235 I QMI-RIL : qmi_ril(0/235): RIL[0][rild] qmi_ril_fw_android_request_flow_control_init: function entry
12-05 12:01:37.312   235   235 I QMI-RIL : qmi_ril(0/235): RIL[0][rild] qmi_ril_fw_android_request_flow_control_init: function exit
12-05 12:01:37.312   235   235 I QMI-RIL : qmi_ril(0/235): RIL[0][rild] qmi_ril_init_android_unsol_resp_pending_list: function entry
12-05 12:01:37.312   235   235 I QMI-RIL : qmi_ril(0/235): RIL[0][rild] qmi_ril_init_android_unsol_resp_pending_list: function exit
12-05 12:01:37.312   235   349 I QMI-RIL : qmi_ril(0/235): RIL[0][event] qcril_event_main: Event thread waiting for started == 2 (1)
12-05 12:01:37.312   235   235 I QMI-RIL : qmi_ril(0/235): RIL[0][rild] qcril_event_init: event thread started
12-05 12:01:37.312   235   235 I QMI-RIL : qmi_ril(0/235): RIL[0][rild] qcril_arb_init: function entry
12-05 12:01:37.312   235   235 D QMI-RIL : qmi_ril(0/235): RIL[0][rild] qcril_setup_timed_callback: Set timer with ID 0
12-05 12:01:37.312   235   346 V RILC    : processWakeupCallback
12-05 12:01:37.312   246   343 I QMI-RIL : qmi_ril(1/246): RIL[1][main] qcril_qmi_client_init: function entry
12-05 12:01:37.312   246   343 I QMI-RIL : qmi_ril(1/246): RIL[1][main] qcril_qmi_client_init: Trying qmi_init() for (0-referenced) try # 0 
12-05 12:01:37.312   246   343 D QC-QMI  : qmi_init:  Not initialized, calling process init sequence
12-05 12:01:37.312   246   343 D QC-QMI  : Setting internal use port to rmnet_usb0
12-05 12:01:37.312   246   343 D QC-QMI  : linux_qmi_qmux_if_client_get_proc_name: pid=246, proc_name=rild_qsc
12-05 12:01:37.312   246   343 D QC-QMI  : linux_qmi_qmux_if_client_get_socket_paths: num_grps=9
12-05 12:01:37.312   246   343 D QC-QMI  : linux_qmi_qmux_if_client_get_proc_group_name: gid=1001, grp_name=radio
12-05 12:01:37.312   246   343 D QC-QMI  : using socket paths bind=/dev/socket/qmux_radio/qmux_client_socket, connect=/dev/socket/qmux_radio/qmux_connect_socket
12-05 12:01:37.312   246   343 E QC-QMI  : qmi_client [246]: unable to connect to server, errno=[2:No such file or directory], attempt=1
12-05 12:01:37.312   235   235 I QMI-RIL : qmi_ril(0/235): RIL[0][rild] qcril_reqlist_init: function entry
12-05 12:01:37.322   235   235 I QMI-RIL : qmi_ril(0/235): RIL[0][rild] qcril_qmi_nas_dms_commmon_pre_init: function entry
12-05 12:01:37.322   235   235 I QMI-RIL : qmi_ril(0/235): RIL[0][rild] qcril_qmi_nas_dms_commmon_pre_init: function exit
12-05 12:01:37.322   235   235 I QMI-RIL : qmi_ril(0/235): RIL[0][rild] qcril_qmi_voice_pre_init: function entry
12-05 12:01:37.322   235   235 I QMI-RIL : qmi_ril(0/235): RIL[0][rild] qcril_qmi_voice_pre_init: qcril_qmi_voice_info.is_0x9e_not_treat_as_name set to: 0
12-05 12:01:37.322   235   235 I QMI-RIL : qmi_ril(0/235): RIL[0][rild] qcril_qmi_voice_pre_init: function exit with ret 0
12-05 12:01:37.322   235   235 I QMI-RIL : qmi_ril(0/235): RIL[0][rild] qcril_init: function exit
12-05 12:01:37.322   235   349 D QMI-RIL : qmi_ril(0/235): RIL[0][event] qcril_event_main: Waiting...
12-05 12:01:37.322   235   235 D QMI-RIL : qmi_ril(0/235): RIL[0][rild] qcril_setup_timed_callback: Set timer with ID 1
12-05 12:01:37.322   235   346 I QMI-RIL : qmi_ril(0/235): RIL[0][main] qmi_ril_bootup_perform_core_or_start_polling: function entry
12-05 12:01:37.322   235   346 I QMI-RIL : qmi_ril(0/235): RIL[0][main] qmi_ril_check_android_unsol_resp_dispatchable: function exit with ret 1
12-05 12:01:37.322   235   346 D QMI-RIL : qmi_ril(0/235): RIL[0][main] qcril_send_unsol_response_epilog: UI <--- RIL_UNSOL_RESPONSE_RADIO_STATE_CHANGED (1000) --- RIL [RID 0, Len 0, (null)]
12-05 12:01:37.322   235   346 W RILC    : RIL_onUnsolicitedResponse called before RIL_register
12-05 12:01:37.322   235   346 I QMI-RIL : qmi_ril(0/235): RIL[0][main] qmi_ril_set_operational_status: new_status 1
12-05 12:01:37.322   235   346 I QMI-RIL : qmi_ril(0/235): RIL[0][main] qmi_ril_set_operational_status: new_status 2
12-05 12:01:37.322   235   346 I QMI-RIL : qmi_ril(0/235): RIL[0][main] qmi_ril_core_init: function entry
12-05 12:01:37.322   235   351 I QMI-RIL : qmi_ril(0/235): RIL[0] uevent_listener_thread: Event thread waiting for started == 2 (0)
12-05 12:01:37.332   235   346 I QMI-RIL : qmi_ril(0/235): RIL[0][main] qcril_qmi_client_init: function entry
12-05 12:01:37.332   235   346 I QMI-RIL : qmi_ril(0/235): RIL[0][main] qcril_qmi_client_init: Trying qmi_init() for (0-referenced) try # 0 
12-05 12:01:37.332   235   346 D QC-QMI  : qmi_init:  Not initialized, calling process init sequence
12-05 12:01:37.332   235   346 D QC-QMI  : Setting internal use port to rmnet_usb0
12-05 12:01:37.332   235   346 D QC-QMI  : linux_qmi_qmux_if_client_get_proc_name: pid=235, proc_name=rild
12-05 12:01:37.332   235   346 D QC-QMI  : linux_qmi_qmux_if_client_get_socket_paths: num_grps=10
12-05 12:01:37.332   235   346 D QC-QMI  : linux_qmi_qmux_if_client_get_proc_group_name: gid=1001, grp_name=radio
12-05 12:01:37.332   235   346 D QC-QMI  : using socket paths bind=/dev/socket/qmux_radio/qmux_client_socket, connect=/dev/socket/qmux_radio/qmux_connect_socket
12-05 12:01:37.342   235   346 E QC-QMI  : qmi_client [235]: unable to connect to server, errno=[2:No such file or directory], attempt=1
12-05 12:01:37.652   243   243 E QC-QMI  : linux_qmi_qmux_io.c: Unable to open port id /dev/hsicctl0, error [110:Connection timed out]
12-05 12:01:37.652   243   243 E QC-QMI  : qmi_qmux_open_connection: QMI_QMUX_IO_PLATFORM_OPEN_CONN failed -1 
12-05 12:01:37.652   243   243 E QC-QMI  : qmuxd:  opening connection for RMNET9 failed on attempt 2, Waiting 500 milliseconds before retry
12-05 12:01:38.153   243   243 E QC-QMI  : linux_qmi_qmux_io.c: Unable to open port id /dev/hsicctl0, error [110:Connection timed out]
12-05 12:01:38.153   243   243 E QC-QMI  : qmi_qmux_open_connection: QMI_QMUX_IO_PLATFORM_OPEN_CONN failed -1 
12-05 12:01:38.153   243   243 E QC-QMI  : qmuxd:  opening connection for RMNET9 failed on attempt 3, Waiting 500 milliseconds before retry
12-05 12:01:38.173   237   298 E QC-QMI  : qmi_client [237]: unable to connect to server, errno=[2:No such file or directory], attempt=2
12-05 12:01:38.313   246   343 E QC-QMI  : qmi_client [246]: unable to connect to server, errno=[2:No such file or directory], attempt=2
12-05 12:01:38.343   235   346 E QC-QMI  : qmi_client [235]: unable to connect to server, errno=[2:No such file or directory], attempt=2
12-05 12:01:38.653   243   243 E QC-QMI  : linux_qmi_qmux_io.c: Unable to open port id /dev/hsicctl0, error [110:Connection timed out]
12-05 12:01:38.653   243   243 E QC-QMI  : qmi_qmux_open_connection: QMI_QMUX_IO_PLATFORM_OPEN_CONN failed -1 
12-05 12:01:38.653   243   243 E QC-QMI  : qmuxd:  opening connection for RMNET9 failed on attempt 4, Waiting 500 milliseconds before retry
12-05 12:01:39.124   254   548 D QC-QMI  : Setting internal use port to rmnet_usb0
12-05 12:01:39.124   254   548 D QC-QMI  : linux_qmi_qmux_if_client_get_proc_name: pid=254, proc_name=mediaserver
12-05 12:01:39.124   254   548 D QC-QMI  : linux_qmi_qmux_if_client_get_socket_paths: num_grps=12
12-05 12:01:39.124   254   548 D QC-QMI  : linux_qmi_qmux_if_client_get_proc_group_name: gid=1005, grp_name=audio
12-05 12:01:39.124   254   548 D QC-QMI  : using socket paths bind=/dev/socket/qmux_audio/qmux_client_socket, connect=/dev/socket/qmux_audio/qmux_connect_socket
12-05 12:01:39.124   254   548 E QC-QMI  : qmi_client [254]: unable to connect to server, errno=[2:No such file or directory], attempt=1
12-05 12:01:39.154   243   243 E QC-QMI  : linux_qmi_qmux_io.c: Unable to open port id /dev/hsicctl0, error [110:Connection timed out]
12-05 12:01:39.154   243   243 E QC-QMI  : qmi_qmux_open_connection: QMI_QMUX_IO_PLATFORM_OPEN_CONN failed -1 
12-05 12:01:39.154   243   243 E QC-QMI  : qmuxd:  opening connection for RMNET9 failed on attempt 5, Waiting 500 milliseconds before retry
12-05 12:01:39.174   237   298 E QC-QMI  : qmi_client [237]: unable to connect to server, errno=[2:No such file or directory], attempt=3
12-05 12:01:39.314   246   343 E QC-QMI  : qmi_client [246]: unable to connect to server, errno=[2:No such file or directory], attempt=3
12-05 12:01:39.344   235   346 E QC-QMI  : qmi_client [235]: unable to connect to server, errno=[2:No such file or directory], attempt=3
12-05 12:01:39.654   243   243 E QC-QMI  : linux_qmi_qmux_io.c: Unable to open port id /dev/hsicctl0, error [110:Connection timed out]
12-05 12:01:39.654   243   243 E QC-QMI  : qmi_qmux_open_connection: QMI_QMUX_IO_PLATFORM_OPEN_CONN failed -1 
12-05 12:01:39.654   243   243 E QC-QMI  : qmuxd:  opening connection for RMNET9 failed on attempt 6, Waiting 500 milliseconds before retry
12-05 12:01:39.974   254   548 E QC-QMI  : qmi_client [254]: unable to connect to server, errno=[2:No such file or directory], attempt=2
12-05 12:01:40.155   243   243 E QC-QMI  : linux_qmi_qmux_io.c: Unable to open port id /dev/hsicctl0, error [110:Connection timed out]
12-05 12:01:40.155   243   243 E QC-QMI  : qmi_qmux_open_connection: QMI_QMUX_IO_PLATFORM_OPEN_CONN failed -1 
12-05 12:01:40.155   243   243 E QC-QMI  : qmuxd:  opening connection for RMNET9 failed on attempt 7, Waiting 500 milliseconds before retry
12-05 12:01:40.175   237   298 E QC-QMI  : qmi_client [237]: unable to connect to server, errno=[2:No such file or directory], attempt=4
12-05 12:01:40.315   246   343 E QC-QMI  : qmi_client [246]: unable to connect to server, errno=[2:No such file or directory], attempt=4
12-05 12:01:40.345   235   346 E QC-QMI  : qmi_client [235]: unable to connect to server, errno=[2:No such file or directory], attempt=4
12-05 12:01:40.655   243   243 E QC-QMI  : linux_qmi_qmux_io.c: Unable to open port id /dev/hsicctl0, error [110:Connection timed out]
12-05 12:01:40.655   243   243 E QC-QMI  : qmi_qmux_open_connection: QMI_QMUX_IO_PLATFORM_OPEN_CONN failed -1 
12-05 12:01:40.655   243   243 E QC-QMI  : qmuxd:  opening connection for RMNET9 failed on attempt 8, Waiting 500 milliseconds before retry
12-05 12:01:41.126   254   548 E QC-QMI  : qmi_client [254]: unable to connect to server, errno=[2:No such file or directory], attempt=3
12-05 12:01:41.156   243   243 E QC-QMI  : linux_qmi_qmux_io.c: Unable to open port id /dev/hsicctl0, error [110:Connection timed out]
12-05 12:01:41.156   243   243 E QC-QMI  : qmi_qmux_open_connection: QMI_QMUX_IO_PLATFORM_OPEN_CONN failed -1 
12-05 12:01:41.156   243   243 E QC-QMI  : qmuxd:  opening connection for RMNET9 failed on attempt 9, Waiting 500 milliseconds before retry
12-05 12:01:41.176   237   298 E QC-QMI  : qmi_client [237]: unable to connect to server, errno=[2:No such file or directory], attempt=5
12-05 12:01:41.316   246   343 E QC-QMI  : qmi_client [246]: unable to connect to server, errno=[2:No such file or directory], attempt=5
12-05 12:01:41.346   235   346 E QC-QMI  : qmi_client [235]: unable to connect to server, errno=[2:No such file or directory], attempt=5
12-05 12:01:41.656   243   243 E QC-QMI  : linux_qmi_qmux_io.c: Unable to open port id /dev/hsicctl0, error [110:Connection timed out]
12-05 12:01:41.656   243   243 E QC-QMI  : qmi_qmux_open_connection: QMI_QMUX_IO_PLATFORM_OPEN_CONN failed -1 
12-05 12:01:41.656   243   243 E QC-QMI  : qmuxd:  opening connection for RMNET9 failed on attempt 10, Waiting 500 milliseconds before retry
12-05 12:01:41.676   244   244 E QC-NETMGR-LIB: System property persist.data_netmgrd_nint set (16)
12-05 12:01:41.676   244   244 E QC-NETMGR-LIB: netmgr_main_reset_links: reset netmgr_main_nint to 16
12-05 12:01:41.676   244   244 E QC-NETMGR-LIB: couldn't open file /sys/module/f_rmnet/parameters/rmnet_ctl_ch
12-05 12:01:41.676   244   244 E QC-NETMGR-LIB: couldn't open /sys/module/rmnet/parameters/rmnet_ctl_ch
12-05 12:01:41.676   244   244 E QC-NETMGR-LIB: baseband property is set to [dsda]
12-05 12:01:41.676   244   244 E QC-NETMGR-LIB: modem_enable[0]=[1]
12-05 12:01:41.676   244   244 E QC-NETMGR-LIB: modem_enable[1]=[1]
12-05 12:01:41.676   244   244 E QC-NETMGR-LIB: property [persist.data.netmgrd.qos.enable] value[false]
12-05 12:01:41.676   244   244 E QC-NETMGR-LIB: platform init completed
12-05 12:01:41.676   244   244 E QC-NETMGR-LIB: netmgr_kif named link 0 to rmnet_smux0
12-05 12:01:41.676   244   244 E QC-NETMGR-LIB: netmgr_kif named link 1 to rmnet_smux1
12-05 12:01:41.676   244   244 E QC-NETMGR-LIB: netmgr_kif named link 2 to rmnet_smux2
12-05 12:01:41.676   244   244 E QC-NETMGR-LIB: netmgr_kif named link 3 to rmnet_smux3
12-05 12:01:41.676   244   244 E QC-NETMGR-LIB: netmgr_kif named link 4 to rmnet_smux4
12-05 12:01:41.676   244   244 E QC-NETMGR-LIB: netmgr_kif named link 5 to rmnet_smux5
12-05 12:01:41.676   244   244 E QC-NETMGR-LIB: netmgr_kif named link 6 to rmnet_smux6
12-05 12:01:41.676   244   244 E QC-NETMGR-LIB: netmgr_kif named link 7 to rmnet_smux7
12-05 12:01:41.676   244   244 E QC-NETMGR-LIB: netmgr_kif named link 8 to rmnet_usb0
12-05 12:01:41.676   244   244 E QC-NETMGR-LIB: netmgr_kif named link 9 to rmnet_usb1
12-05 12:01:41.676   244   244 E QC-NETMGR-LIB: netmgr_kif named link 10 to rmnet_usb2
12-05 12:01:41.676   244   244 E QC-NETMGR-LIB: netmgr_kif named link 11 to rmnet_usb3
12-05 12:01:41.676   244   244 E QC-NETMGR-LIB: netmgr_kif named link 12 to rmnet_usb4
12-05 12:01:41.676   244   244 E QC-NETMGR-LIB: netmgr_kif named link 13 to rmnet_usb5
12-05 12:01:41.676   244   244 E QC-NETMGR-LIB: netmgr_kif named link 14 to rmnet_usb6
12-05 12:01:41.676   244   244 E QC-NETMGR-LIB: netmgr_kif named link 15 to rmnet_usb7
12-05 12:01:41.676   244   244 I QC-DS-LIB: system call: rm /data/data_test/modem_port_status
12-05 12:01:41.686   244   244 I QC-DS-LIB: system call: echo 120 > /data/data_test/modem_port_timeout
12-05 12:01:41.706   244   244 E QC-NETMGR-LIB: ifioctl_get: ioctl llp failed: (19)No such device
12-05 12:01:41.706   244   244 E QC-NETMGR-LIB: netmgr_kif_ifioctl_get_llpmode() failed for rmnet_usb0
12-05 12:01:41.706   244   244 E QC-NETMGR-LIB: ifioctl: close port failed: (19)No such device
12-05 12:01:41.706   244   244 E QC-NETMGR-LIB: ifioctl: close port failed: (19)No such device
12-05 12:01:41.706   244   244 E QC-NETMGR-LIB: ifioctl: close port failed: (19)No such device
12-05 12:01:41.706   244   244 E QC-NETMGR-LIB: ifioctl: close port failed: (19)No such device
12-05 12:01:41.706   244   244 E QC-NETMGR-LIB: ifioctl: close port failed: (19)No such device
12-05 12:01:41.706   244   244 E QC-NETMGR-LIB: ifioctl: close port failed: (19)No such device
12-05 12:01:41.716   244   244 E QC-NETMGR-LIB: ifioctl: close port failed: (19)No such device
12-05 12:01:41.716   244   244 E QC-NETMGR-LIB: ifioctl: close port failed: (19)No such device
12-05 12:01:41.716   244   244 E QC-NETMGR-LIB: ifioctl: close port failed: (19)No such device
12-05 12:01:41.716   244   244 E QC-NETMGR-LIB: ifioctl: close port failed: (19)No such device
12-05 12:01:41.716   244   244 E QC-NETMGR-LIB: ifioctl: close port failed: (19)No such device
12-05 12:01:41.716   244   244 E QC-NETMGR-LIB: ifioctl: close port failed: (19)No such device
12-05 12:01:41.716   244   244 E QC-NETMGR-LIB: ifioctl: close port failed: (19)No such device
12-05 12:01:41.716   244   244 E QC-NETMGR-LIB: ifioctl: close port failed: (19)No such device
12-05 12:01:41.726   244   244 E QC-NETMGR-LIB: ifioctl: close port failed: (19)No such device
12-05 12:01:41.726   244   244 E QC-NETMGR-LIB: ifioctl: open port failed: (19)No such device
12-05 12:01:41.726   244   244 E QC-NETMGR-LIB: netmgr_kif_ifioctl_open_port() failed for rmnet_smux0 on attempt 0
12-05 12:01:42.127   254   548 E QC-QMI  : qmi_client [254]: unable to connect to server, errno=[2:No such file or directory], attempt=4
12-05 12:01:42.157   243   243 E QC-QMI  : linux_qmi_qmux_io.c: Unable to open port id /dev/hsicctl0, error [110:Connection timed out]
12-05 12:01:42.157   243   243 E QC-QMI  : qmi_qmux_open_connection: QMI_QMUX_IO_PLATFORM_OPEN_CONN failed -1 
12-05 12:01:42.157   243   243 E QC-QMI  : qmuxd:  opening connection for RMNET9 failed on attempt 11, Waiting 500 milliseconds before retry
12-05 12:01:42.177   237   298 E QC-QMI  : qmi_client [237]: unable to connect to server, errno=[2:No such file or directory], attempt=6
12-05 12:01:42.227   244   244 E QC-NETMGR-LIB: ifioctl: open port failed: (19)No such device
12-05 12:01:42.227   244   244 E QC-NETMGR-LIB: netmgr_kif_ifioctl_open_port() failed for rmnet_smux0 on attempt 1
12-05 12:01:42.317   246   343 E QC-QMI  : qmi_client [246]: unable to connect to server, errno=[2:No such file or directory], attempt=6
12-05 12:01:42.347   235   346 E QC-QMI  : qmi_client [235]: unable to connect to server, errno=[2:No such file or directory], attempt=6
12-05 12:01:42.667   243   243 E QC-QMI  : linux_qmi_qmux_io.c: Unable to open port id /dev/hsicctl0, error [110:Connection timed out]
12-05 12:01:42.667   243   243 E QC-QMI  : qmi_qmux_open_connection: QMI_QMUX_IO_PLATFORM_OPEN_CONN failed -1 
12-05 12:01:42.667   243   243 E QC-QMI  : qmuxd:  opening connection for RMNET9 failed on attempt 12, Waiting 500 milliseconds before retry
12-05 12:01:42.727   244   244 E QC-NETMGR-LIB: ifioctl: open port failed: (19)No such device
12-05 12:01:42.727   244   244 E QC-NETMGR-LIB: netmgr_kif_ifioctl_open_port() failed for rmnet_smux0 on attempt 2
12-05 12:01:43.128   254   548 E QC-QMI  : qmi_client [254]: unable to connect to server, errno=[2:No such file or directory], attempt=5
12-05 12:01:43.168   243   243 E QC-QMI  : linux_qmi_qmux_io.c: Unable to open port id /dev/hsicctl0, error [110:Connection timed out]
12-05 12:01:43.168   243   243 E QC-QMI  : qmi_qmux_open_connection: QMI_QMUX_IO_PLATFORM_OPEN_CONN failed -1 
12-05 12:01:43.168   243   243 E QC-QMI  : qmuxd:  opening connection for RMNET9 failed on attempt 13, Waiting 500 milliseconds before retry
12-05 12:01:43.178   237   298 E QC-QMI  : qmi_client [237]: unable to connect to server, errno=[2:No such file or directory], attempt=7
12-05 12:01:43.228   244   244 E QC-NETMGR-LIB: ifioctl: open port failed: (19)No such device
12-05 12:01:43.228   244   244 E QC-NETMGR-LIB: netmgr_kif_ifioctl_open_port() failed for rmnet_smux0 on attempt 3
12-05 12:01:43.318   246   343 E QC-QMI  : qmi_client [246]: unable to connect to server, errno=[2:No such file or directory], attempt=7
12-05 12:01:43.348   235   346 E QC-QMI  : qmi_client [235]: unable to connect to server, errno=[2:No such file or directory], attempt=7
12-05 12:01:43.668   243   243 E QC-QMI  : linux_qmi_qmux_io.c: Unable to open port id /dev/hsicctl0, error [110:Connection timed out]
12-05 12:01:43.668   243   243 E QC-QMI  : qmi_qmux_open_connection: QMI_QMUX_IO_PLATFORM_OPEN_CONN failed -1 
12-05 12:01:43.668   243   243 E QC-QMI  : qmuxd:  opening connection for RMNET9 failed on attempt 14, Waiting 500 milliseconds before retry
12-05 12:01:43.728   244   244 E QC-NETMGR-LIB: ifioctl: open port failed: (19)No such device
12-05 12:01:43.728   244   244 E QC-NETMGR-LIB: netmgr_kif_ifioctl_open_port() failed for rmnet_smux0 on attempt 4
12-05 12:01:44.129   254   548 E QC-QMI  : qmi_client [254]: unable to connect to server, errno=[2:No such file or directory], attempt=6
12-05 12:01:44.169   243   243 E QC-QMI  : linux_qmi_qmux_io.c: Unable to open port id /dev/hsicctl0, error [110:Connection timed out]
12-05 12:01:44.169   243   243 E QC-QMI  : qmi_qmux_open_connection: QMI_QMUX_IO_PLATFORM_OPEN_CONN failed -1 
12-05 12:01:44.169   243   243 E QC-QMI  : qmuxd:  opening connection for RMNET9 failed on attempt 15, Waiting 500 milliseconds before retry
12-05 12:01:44.179   237   298 E QC-QMI  : qmi_client [237]: unable to connect to server, errno=[2:No such file or directory], attempt=8
12-05 12:01:44.229   244   244 E QC-NETMGR-LIB: ifioctl: open port failed: (19)No such device
12-05 12:01:44.229   244   244 E QC-NETMGR-LIB: netmgr_kif_ifioctl_open_port() failed for rmnet_smux0 on attempt 5
12-05 12:01:44.319   246   343 E QC-QMI  : qmi_client [246]: unable to connect to server, errno=[2:No such file or directory], attempt=8
12-05 12:01:44.349   235   346 E QC-QMI  : qmi_client [235]: unable to connect to server, errno=[2:No such file or directory], attempt=8
12-05 12:01:44.669   243   243 E QC-QMI  : linux_qmi_qmux_io.c: Unable to open port id /dev/hsicctl0, error [110:Connection timed out]
12-05 12:01:44.669   243   243 E QC-QMI  : qmi_qmux_open_connection: QMI_QMUX_IO_PLATFORM_OPEN_CONN failed -1 
12-05 12:01:44.669   243   243 E QC-QMI  : qmuxd:  opening connection for RMNET9 failed on attempt 16, Waiting 500 milliseconds before retry
12-05 12:01:44.730   244   244 E QC-NETMGR-LIB: ifioctl: open port failed: (19)No such device
12-05 12:01:44.730   244   244 E QC-NETMGR-LIB: netmgr_kif_ifioctl_open_port() failed for rmnet_smux0 on attempt 6
12-05 12:01:45.130   254   548 E QC-QMI  : qmi_client [254]: unable to connect to server, errno=[2:No such file or directory], attempt=7
12-05 12:01:45.170   243   243 E QC-QMI  : linux_qmi_qmux_io.c: Unable to open port id /dev/hsicctl0, error [110:Connection timed out]
12-05 12:01:45.170   243   243 E QC-QMI  : qmi_qmux_open_connection: QMI_QMUX_IO_PLATFORM_OPEN_CONN failed -1 
12-05 12:01:45.170   243   243 E QC-QMI  : qmuxd:  opening connection for RMNET9 failed on attempt 17, Waiting 500 milliseconds before retry
12-05 12:01:45.180   237   298 E QC-QMI  : qmi_client [237]: unable to connect to server, errno=[2:No such file or directory], attempt=9
12-05 12:01:45.230   244   244 E QC-NETMGR-LIB: ifioctl: open port failed: (19)No such device
12-05 12:01:45.230   244   244 E QC-NETMGR-LIB: netmgr_kif_ifioctl_open_port() failed for rmnet_smux0 on attempt 7
12-05 12:01:45.320   246   343 E QC-QMI  : qmi_client [246]: unable to connect to server, errno=[2:No such file or directory], attempt=9
12-05 12:01:45.350   235   346 E QC-QMI  : qmi_client [235]: unable to connect to server, errno=[2:No such file or directory], attempt=9
12-05 12:01:45.671   243   243 E QC-QMI  : linux_qmi_qmux_io.c: Unable to open port id /dev/hsicctl0, error [110:Connection timed out]
12-05 12:01:45.671   243   243 E QC-QMI  : qmi_qmux_open_connection: QMI_QMUX_IO_PLATFORM_OPEN_CONN failed -1 
12-05 12:01:45.671   243   243 E QC-QMI  : qmuxd:  opening connection for RMNET9 failed on attempt 18, Waiting 500 milliseconds before retry
12-05 12:01:45.731   244   244 E QC-NETMGR-LIB: ifioctl: open port failed: (19)No such device
12-05 12:01:45.731   244   244 E QC-NETMGR-LIB: netmgr_kif_ifioctl_open_port() failed for rmnet_smux0 on attempt 8
12-05 12:01:46.121   254   548 E QC-QMI  : qmi_client [254]: unable to connect to server, errno=[2:No such file or directory], attempt=8
12-05 12:01:46.161   243   243 E QC-QMI  : linux_qmi_qmux_io.c: Unable to open port id /dev/hsicctl0, error [110:Connection timed out]
12-05 12:01:46.161   243   243 E QC-QMI  : qmi_qmux_open_connection: QMI_QMUX_IO_PLATFORM_OPEN_CONN failed -1 
12-05 12:01:46.161   243   243 E QC-QMI  : qmuxd:  opening connection for RMNET9 failed on attempt 19, Waiting 500 milliseconds before retry
12-05 12:01:46.171   237   298 E QC-QMI  : qmi_client [237]: unable to connect to server, errno=[2:No such file or directory], attempt=10
12-05 12:01:46.221   244   244 E QC-NETMGR-LIB: ifioctl: open port failed: (19)No such device
12-05 12:01:46.221   244   244 E QC-NETMGR-LIB: netmgr_kif_ifioctl_open_port() failed for rmnet_smux0 on attempt 9
12-05 12:01:46.311   246   343 E QC-QMI  : qmi_client [246]: unable to connect to server, errno=[2:No such file or directory], attempt=10
12-05 12:01:46.341   235   346 E QC-QMI  : qmi_client [235]: unable to connect to server, errno=[2:No such file or directory], attempt=10
12-05 12:01:46.662   243   243 E QC-QMI  : linux_qmi_qmux_io.c: Unable to open port id /dev/hsicctl0, error [110:Connection timed out]
12-05 12:01:46.662   243   243 E QC-QMI  : qmi_qmux_open_connection: QMI_QMUX_IO_PLATFORM_OPEN_CONN failed -1 
12-05 12:01:46.662   243   243 E QC-QMI  : qmuxd:  opening connection for RMNET9 failed on attempt 20, Waiting 500 milliseconds before retry
12-05 12:01:46.722   244   244 E QC-NETMGR-LIB: ifioctl: open port failed: (19)No such device
12-05 12:01:46.722   244   244 E QC-NETMGR-LIB: netmgr_kif_ifioctl_open_port() failed for rmnet_smux0 on attempt 10
12-05 12:01:47.122   254   548 E QC-QMI  : qmi_client [254]: unable to connect to server, errno=[2:No such file or directory], attempt=9
12-05 12:01:47.162   243   243 E QC-QMI  : linux_qmi_qmux_io.c: Unable to open port id /dev/hsicctl0, error [110:Connection timed out]
12-05 12:01:47.162   243   243 E QC-QMI  : qmi_qmux_open_connection: QMI_QMUX_IO_PLATFORM_OPEN_CONN failed -1 
12-05 12:01:47.162   243   243 E QC-QMI  : qmuxd:  opening connection for RMNET9 failed on attempt 21, Waiting 500 milliseconds before retry
12-05 12:01:47.172   237   298 E QC-QMI  : qmi_client [237]: unable to connect to server, errno=[2:No such file or directory], attempt=11
12-05 12:01:47.322   246   343 E QC-QMI  : qmi_client [246]: unable to connect to server, errno=[2:No such file or directory], attempt=11
12-05 12:01:47.342   235   346 E QC-QMI  : qmi_client [235]: unable to connect to server, errno=[2:No such file or directory], attempt=11
12-05 12:01:47.663   243   243 E QC-QMI  : linux_qmi_qmux_io.c: Unable to open port id /dev/hsicctl0, error [110:Connection timed out]
12-05 12:01:47.663   243   243 E QC-QMI  : qmi_qmux_open_connection: QMI_QMUX_IO_PLATFORM_OPEN_CONN failed -1 
12-05 12:01:47.663   243   243 E QC-QMI  : qmuxd:  opening connection for RMNET9 failed on attempt 22, Waiting 500 milliseconds before retry
12-05 12:01:47.723   244   244 E QC-NETMGR-LIB: kif link [1] is disabled
12-05 12:01:47.723   244   244 E QC-NETMGR-LIB: kif link [2] is disabled
12-05 12:01:47.723   244   244 E QC-NETMGR-LIB: kif link [3] is disabled
12-05 12:01:47.723   244   244 E QC-NETMGR-LIB: kif link [4] is disabled
12-05 12:01:47.723   244   244 E QC-NETMGR-LIB: kif link [5] is disabled
12-05 12:01:47.723   244   244 E QC-NETMGR-LIB: kif link [6] is disabled
12-05 12:01:47.723   244   244 E QC-NETMGR-LIB: kif link [7] is disabled
12-05 12:01:48.133   254   548 E QC-QMI  : qmi_client [254]: unable to connect to server, errno=[2:No such file or directory], attempt=10
12-05 12:01:48.163   243   243 E QC-QMI  : linux_qmi_qmux_io.c: Unable to open port id /dev/hsicctl0, error [110:Connection timed out]
12-05 12:01:48.163   243   243 E QC-QMI  : qmi_qmux_open_connection: QMI_QMUX_IO_PLATFORM_OPEN_CONN failed -1 
12-05 12:01:48.163   243   243 E QC-QMI  : qmuxd:  opening connection for RMNET9 failed on attempt 23, Waiting 500 milliseconds before retry
12-05 12:01:48.173   237   298 E QC-QMI  : qmi_client [237]: unable to connect to server, errno=[2:No such file or directory], attempt=12
12-05 12:01:48.223   244   244 E QC-NETMGR-LIB: ifioctl: open port failed: (19)No such device
12-05 12:01:48.223   244   244 E QC-NETMGR-LIB: netmgr_kif_ifioctl_open_port() failed for rmnet_usb4
12-05 12:01:48.223   244   244 E QC-NETMGR-LIB: ifioctl: open port failed: (19)No such device
12-05 12:01:48.223   244   244 E QC-NETMGR-LIB: netmgr_kif_ifioctl_open_port() failed for rmnet_usb5
12-05 12:01:48.223   244   244 E QC-NETMGR-LIB: ifioctl: open port failed: (19)No such device
12-05 12:01:48.223   244   244 E QC-NETMGR-LIB: netmgr_kif_ifioctl_open_port() failed for rmnet_usb6
12-05 12:01:48.223   244   244 E QC-NETMGR-LIB: ifioctl: open port failed: (19)No such device
12-05 12:01:48.223   244   244 E QC-NETMGR-LIB: netmgr_kif_ifioctl_open_port() failed for rmnet_usb7
12-05 12:01:48.223   244   244 I QC-DS-LIB: system call: echo 1 > /data/data_test/modem_port_status
12-05 12:01:48.233   244   244 D QC-QMI  : qmi_init:  Not initialized, calling process init sequence
12-05 12:01:48.233   244   244 D QC-QMI  : Setting internal use port to rmnet_usb0
12-05 12:01:48.233   244   244 D QC-QMI  : linux_qmi_qmux_if_client_get_proc_name: pid=244, proc_name=netmgrd
12-05 12:01:48.233   244   244 D QC-QMI  : linux_qmi_qmux_if_client_get_socket_paths: num_grps=1
12-05 12:01:48.233   244   244 D QC-QMI  : linux_qmi_qmux_if_client_get_proc_group_name: gid=0, grp_name=root
12-05 12:01:48.233   244   244 D QC-QMI  : using socket paths bind=/dev/socket/qmux_radio/qmux_client_socket, connect=/dev/socket/qmux_radio/qmux_connect_socket
12-05 12:01:48.233   244   244 E QC-QMI  : qmi_client [244]: unable to connect to server, errno=[2:No such file or directory], attempt=1
12-05 12:01:48.323   246   343 E QC-QMI  : qmi_client [246]: unable to connect to server, errno=[2:No such file or directory], attempt=12
12-05 12:01:48.343   235   346 E QC-QMI  : qmi_client [235]: unable to connect to server, errno=[2:No such file or directory], attempt=12
12-05 12:01:48.664   243   243 E QC-QMI  : linux_qmi_qmux_io.c: Unable to open port id /dev/hsicctl0, error [110:Connection timed out]
12-05 12:01:48.664   243   243 E QC-QMI  : qmi_qmux_open_connection: QMI_QMUX_IO_PLATFORM_OPEN_CONN failed -1 
12-05 12:01:48.664   243   243 E QC-QMI  : qmuxd:  opening connection for RMNET9 failed on attempt 24, Waiting 500 milliseconds before retry
12-05 12:01:49.134   254   548 E QC-QMI  : qmi_client [254]: unable to connect to server, errno=[2:No such file or directory], attempt=11
12-05 12:01:49.164   243   243 D QC-QMI  : qmi_qmux: TX/RX - TX 12 bytes on conn_id=9
12-05 12:01:49.164   243   725 E QC-QMI  : QMI platform I/O... blocking on poll fds
12-05 12:01:49.164   243   243 D QC-QMI  : 01 0B 00 00 00 00 00 01 27 00 00 00 
12-05 12:01:49.164   243   725 D QC-QMI  : QMI platform I/O... blocking on read  port[/dev/hsicctl0] conn_id[9]
12-05 12:01:49.164   243   725 D QC-QMI  : qmi_qmux: TX/RX - RX 12 bytes on conn_id=9
12-05 12:01:49.164   243   725 D QC-QMI  : 01 0B 00 80 00 00 02 00 27 00 00 00 
12-05 12:01:49.164   243   243 D QC-QMI  : qmuxd:  successfully opened qmi conn id 9
12-05 12:01:49.164   243   725 D QC-QMI  : qmi_qmux: CTL indication received ind_id=39, conn_id=9
12-05 12:01:49.164   243   725 E QC-QMI  : QMI platform I/O... blocking on poll fds
12-05 12:01:49.174   237   298 E QC-QMI  : qmi_client [237]: unable to connect to server, errno=[2:No such file or directory], attempt=13
12-05 12:01:49.184   243   725 D QC-QMI  : QMI platform I/O... blocking on read  port[/dev/hsicctl0] conn_id[9]
12-05 12:01:49.184   243   725 D QC-QMI  : qmi_qmux: TX/RX - RX 19 bytes on conn_id=9
12-05 12:01:49.184   243   725 D QC-QMI  : QMI_Msg Len: [19], Serv_ID: [CTL(0x0)], Msg_ID: [SYNC(0x27)], Trans_ID: [1][Response], Conn_ID:[9]
12-05 12:01:49.184   243   725 D QC-QMI  : 01 12 00 80 00 00 01 01 27 00 07 00 02 04 00 00 00 00 00 
12-05 12:01:49.184   243   725 E QC-QMI  : qmi_ctl_rx_msg.c Can't find txn info for txn_id = 1
12-05 12:01:49.184   243   725 E QC-QMI  : QMI platform I/O... blocking on poll fds
12-05 12:01:49.234   244   244 E QC-QMI  : qmi_client [244]: unable to connect to server, errno=[2:No such file or directory], attempt=2
12-05 12:01:49.324   246   343 E QC-QMI  : qmi_client [246]: unable to connect to server, errno=[2:No such file or directory], attempt=13
12-05 12:01:49.344   235   346 E QC-QMI  : qmi_client [235]: unable to connect to server, errno=[2:No such file or directory], attempt=13
12-05 12:01:49.665   243   243 D QC-QMI  : qmuxd: processing device[MDM_DATA2_CNTL] connid[10] transport[0x8] wait[0]
12-05 12:01:49.665   243   243 D QC-QMI  : qmi_qmux: TX/RX - TX 12 bytes on conn_id=10
12-05 12:01:49.665   243   243 D QC-QMI  : 01 0B 00 00 00 00 00 01 27 00 00 00 
12-05 12:01:49.665   243   761 E QC-QMI  : QMI platform I/O... blocking on poll fds
12-05 12:01:49.665   243   761 D QC-QMI  : QMI platform I/O... blocking on read  port[/dev/hsicctl1] conn_id[10]
12-05 12:01:49.665   243   761 D QC-QMI  : qmi_qmux: TX/RX - RX 12 bytes on conn_id=10
12-05 12:01:49.665   243   761 D QC-QMI  : 01 0B 00 80 00 00 02 00 27 00 00 00 
12-05 12:01:49.665   243   243 D QC-QMI  : qmuxd:  successfully opened qmi conn id 10
12-05 12:01:49.665   243   243 D QC-QMI  : qmuxd: processing device[MDM_DATA3_CNTL] connid[11] transport[0x8] wait[0]
12-05 12:01:49.665   243   761 D QC-QMI  : qmi_qmux: CTL indication received ind_id=39, conn_id=10
12-05 12:01:49.665   243   761 E QC-QMI  : QMI platform I/O... blocking on poll fds
12-05 12:01:49.665   243   243 D QC-QMI  : qmi_qmux: TX/RX - TX 12 bytes on conn_id=11
12-05 12:01:49.665   243   243 D QC-QMI  : 01 0B 00 00 00 00 00 01 27 00 00 00 
12-05 12:01:49.665   243   762 E QC-QMI  : QMI platform I/O... blocking on poll fds
12-05 12:01:49.665   243   762 D QC-QMI  : QMI platform I/O... blocking on read  port[/dev/hsicctl2] conn_id[11]
12-05 12:01:49.665   243   762 D QC-QMI  : qmi_qmux: TX/RX - RX 12 bytes on conn_id=11
12-05 12:01:49.665   243   243 D QC-QMI  : qmuxd:  successfully opened qmi conn id 11
12-05 12:01:49.665   243   762 D QC-QMI  : 01 0B 00 80 00 00 02 00 27 00 00 00 
12-05 12:01:49.665   243   243 D QC-QMI  : qmuxd: processing device[MDM_DATA4_CNTL] connid[12] transport[0x8] wait[0]
12-05 12:01:49.665   243   762 D QC-QMI  : qmi_qmux: CTL indication received ind_id=39, conn_id=11
12-05 12:01:49.665   243   762 E QC-QMI  : QMI platform I/O... blocking on poll fds
12-05 12:01:49.665   243   243 D QC-QMI  : qmi_qmux: TX/RX - TX 12 bytes on conn_id=12
12-05 12:01:49.665   243   243 D QC-QMI  : 01 0B 00 00 00 00 00 01 27 00 00 00 
12-05 12:01:49.665   243   763 E QC-QMI  : QMI platform I/O... blocking on poll fds
12-05 12:01:49.665   243   763 D QC-QMI  : QMI platform I/O... blocking on read  port[/dev/hsicctl3] conn_id[12]
12-05 12:01:49.665   243   763 D QC-QMI  : qmi_qmux: TX/RX - RX 12 bytes on conn_id=12
12-05 12:01:49.665   243   763 D QC-QMI  : 01 0B 00 80 00 00 02 00 27 00 00 00 
12-05 12:01:49.665   243   243 D QC-QMI  : qmuxd:  successfully opened qmi conn id 12
12-05 12:01:49.665   243   243 D QC-QMI  : qmuxd:  skipping opening conn_id=13, enabled=0, open_at_powerup=1
12-05 12:01:49.665   243   763 D QC-QMI  : qmi_qmux: CTL indication received ind_id=39, conn_id=12
12-05 12:01:49.665   243   243 D QC-QMI  : qmuxd:  skipping opening conn_id=14, enabled=0, open_at_powerup=1
12-05 12:01:49.665   243   243 D QC-QMI  : qmuxd:  skipping opening conn_id=15, enabled=0, open_at_powerup=1
12-05 12:01:49.665   243   243 D QC-QMI  : qmuxd:  skipping opening conn_id=16, enabled=0, open_at_powerup=1
12-05 12:01:49.665   243   763 E QC-QMI  : QMI platform I/O... blocking on poll fds
12-05 12:01:49.665   243   243 D QC-QMI  : qmuxd:  skipping opening conn_id=17, enabled=0, open_at_powerup=1
12-05 12:01:49.665   243   243 D QC-QMI  : qmuxd:  skipping opening conn_id=18, enabled=0, open_at_powerup=1
