12-05 12:01:49.665   243   243 D QC-QMI  : qmuxd: processing device[SMUX0] connid[19] transport[0x10] wait[1]
12-05 12:01:49.665   243   243 D QC-QMI  : qmi_qmux: TX/RX - TX 12 bytes on conn_id=19
12-05 12:01:49.665   243   243 D QC-QMI  : 01 0B 00 00 00 00 00 01 27 00 00 00 
12-05 12:01:49.665   243   243 D QC-QMI  : qmuxd:  successfully opened qmi conn id 19
12-05 12:01:49.675   243   766 E QC-QMI  : QMI platform I/O... blocking on poll fds
12-05 12:01:49.675   243   766 D QC-QMI  : QMI platform I/O... blocking on read  port[/dev/smuxctl32] conn_id[19]
12-05 12:01:49.675   243   766 D QC-QMI  : qmi_qmux: TX/RX - RX 12 bytes on conn_id=19
12-05 12:01:49.675   243   766 D QC-QMI  : 01 0B 00 80 00 00 02 00 27 00 00 00 
12-05 12:01:49.675   243   766 D QC-QMI  : qmi_qmux: CTL indication received ind_id=39, conn_id=19
12-05 12:01:49.675   243   766 E QC-QMI  : QMI platform I/O... blocking on poll fds
12-05 12:01:49.675   243   766 D QC-QMI  : QMI platform I/O... blocking on read  port[/dev/smuxctl32] conn_id[19]
12-05 12:01:49.675   243   766 D QC-QMI  : qmi_qmux: TX/RX - RX 12 bytes on conn_id=19
12-05 12:01:49.675   243   766 D QC-QMI  : 01 0B 00 80 00 00 02 00 27 00 00 00 
12-05 12:01:49.675   243   766 D QC-QMI  : qmi_qmux: CTL indication received ind_id=39, conn_id=19
12-05 12:01:49.675   243   766 E QC-QMI  : QMI platform I/O... blocking on poll fds
12-05 12:01:49.675   243   766 D QC-QMI  : QMI platform I/O... blocking on read  port[/dev/smuxctl32] conn_id[19]
12-05 12:01:49.675   243   766 D QC-QMI  : qmi_qmux: TX/RX - RX 19 bytes on conn_id=19
12-05 12:01:49.675   243   766 D QC-QMI  : QMI_Msg Len: [19], Serv_ID: [CTL(0x0)], Msg_ID: [SYNC(0x27)], Trans_ID: [1][Response], Conn_ID:[19]
12-05 12:01:49.675   243   766 D QC-QMI  : 01 12 00 80 00 00 01 01 27 00 07 00 02 04 00 00 00 00 00 
12-05 12:01:49.675   243   766 E QC-QMI  : qmi_ctl_rx_msg.c Can't find txn info for txn_id = 1
12-05 12:01:49.675   243   766 E QC-QMI  : QMI platform I/O... blocking on poll fds
12-05 12:01:49.685   243   761 D QC-QMI  : QMI platform I/O... blocking on read  port[/dev/hsicctl1] conn_id[10]
12-05 12:01:49.685   243   761 D QC-QMI  : qmi_qmux: TX/RX - RX 19 bytes on conn_id=10
12-05 12:01:49.685   243   761 D QC-QMI  : QMI_Msg Len: [19], Serv_ID: [CTL(0x0)], Msg_ID: [SYNC(0x27)], Trans_ID: [1][Response], Conn_ID:[10]
12-05 12:01:49.685   243   761 D QC-QMI  : 01 12 00 80 00 00 01 01 27 00 07 00 02 04 00 00 00 00 00 
12-05 12:01:49.685   243   761 E QC-QMI  : qmi_ctl_rx_msg.c Can't find txn info for txn_id = 1
12-05 12:01:49.685   243   761 E QC-QMI  : QMI platform I/O... blocking on poll fds
12-05 12:01:49.685   243   762 D QC-QMI  : QMI platform I/O... blocking on read  port[/dev/hsicctl2] conn_id[11]
12-05 12:01:49.685   243   762 D QC-QMI  : qmi_qmux: TX/RX - RX 19 bytes on conn_id=11
12-05 12:01:49.685   243   762 D QC-QMI  : QMI_Msg Len: [19], Serv_ID: [CTL(0x0)], Msg_ID: [SYNC(0x27)], Trans_ID: [1][Response], Conn_ID:[11]
12-05 12:01:49.685   243   762 D QC-QMI  : 01 12 00 80 00 00 01 01 27 00 07 00 02 04 00 00 00 00 00 
12-05 12:01:49.685   243   762 E QC-QMI  : qmi_ctl_rx_msg.c Can't find txn info for txn_id = 1
12-05 12:01:49.685   243   762 E QC-QMI  : QMI platform I/O... blocking on poll fds
12-05 12:01:49.685   243   763 D QC-QMI  : QMI platform I/O... blocking on read  port[/dev/hsicctl3] conn_id[12]
12-05 12:01:49.685   243   763 D QC-QMI  : qmi_qmux: TX/RX - RX 19 bytes on conn_id=12
12-05 12:01:49.685   243   763 D QC-QMI  : QMI_Msg Len: [19], Serv_ID: [CTL(0x0)], Msg_ID: [SYNC(0x27)], Trans_ID: [1][Response], Conn_ID:[12]
12-05 12:01:49.685   243   763 D QC-QMI  : 01 12 00 80 00 00 01 01 27 00 07 00 02 04 00 00 00 00 00 
12-05 12:01:49.685   243   763 E QC-QMI  : qmi_ctl_rx_msg.c Can't find txn info for txn_id = 1
12-05 12:01:49.685   243   763 E QC-QMI  : QMI platform I/O... blocking on poll fds
12-05 12:01:50.135   254   548 E QC-QMI  : qmi_client [254]: unable to connect to server, errno=[2:No such file or directory], attempt=12
12-05 12:01:50.165   243   243 D QC-QMI  : qmuxd:  bypassing opening pipe to qmi proxy daemon as qmi proxy not supported 20
12-05 12:01:50.175   243   243 D QC-QMI  : qmuxd: addr path=/dev/socket/qmux_radio/qmux_connect_socket, len=44
12-05 12:01:50.175   243   243 D QC-QMI  : qmuxd: Added listener=[16:/dev/socket/qmux_radio/qmux_connect_socket], max_listener_fd=16, maxfd=16
12-05 12:01:50.175   243   243 D QC-QMI  : qmuxd: addr path=/dev/socket/qmux_audio/qmux_connect_socket, len=44
12-05 12:01:50.175   243   243 D QC-QMI  : qmuxd: Added listener=[17:/dev/socket/qmux_audio/qmux_connect_socket], max_listener_fd=17, maxfd=17
12-05 12:01:50.175   243   243 D QC-QMI  : qmuxd: addr path=/dev/socket/qmux_bluetooth/qmux_connect_socket, len=48
12-05 12:01:50.175   243   243 E QC-QMI  : qmuxd: unable to bind to listener socket, rc=-1, errno=[13:Permission denied]
12-05 12:01:50.175   243   243 E QC-QMI  : qmuxd: invalid listener_fd recvd for sock_path=/dev/socket/qmux_bluetooth/qmux_connect_socket
12-05 12:01:50.175   243   243 D QC-QMI  : qmuxd: addr path=/dev/socket/qmux_gps/qmux_connect_socket, len=42
12-05 12:01:50.175   243   243 D QC-QMI  : qmuxd: Added listener=[18:/dev/socket/qmux_gps/qmux_connect_socket], max_listener_fd=18, maxfd=18
12-05 12:01:50.175   243   243 D QC-QMI  : linux_qmi_qmux_if_configure_port_timeout: mode=1, smd_timeout=0, hsic_timeout=0
12-05 12:01:50.175   243   243 E QC-QMI  : linux_qmi_qmux_if_configure_port_timeout: failed to open HSIC timeout config=/sys/devices/virtual/hsicctl/hsicctl0/modem_wait errno [13:Permission denied]
12-05 12:01:50.175   237   298 D QC-QMI  : qmi_client [237]: successfully connected to server, attempt=14
12-05 12:01:50.175   243   243 D QC-QMI  : qmuxd: servicing new client request on listener_fd=[16:/dev/socket/qmux_radio/qmux_connect_socket]
12-05 12:01:50.175   243   243 D QC-QMI  : qmuxd: sending qmux_client_id=0 to client_fd=19
12-05 12:01:50.175   243   243 D QC-QMI  : qmuxd: added new client, fd=19, max_fd=19
12-05 12:01:50.175   237   298 D QC-QMI  : linux_qmi_qmux_if_client_get_client_id [237]: qmux_client_id=0
12-05 12:01:50.175   237   298 D QC-QMI  : qmi_client [237] 0: qmux_client ID is initialized
12-05 12:01:50.175   237   298 D QC-QMI  : qmi_client [237] 0: pipe() system call, fd[0]=27, fd[1]=28
12-05 12:01:50.175   237   298 D QC-QMI  : qmi_client [237] 0: sending 856 bytes on fd = 18
12-05 12:01:50.175   243   243 D QC-QMI  : qmuxd: RX 856 bytes on fd=19 from qmux_client_id=0
12-05 12:01:50.175   243   243 D QC-QMI  : qmuxd: Mapping clientID = 0 to fd =19
12-05 12:01:50.175   243   243 D QC-QMI  : QMUX client ID 0 added to QMUX client ID list
12-05 12:01:50.175   243   243 D QC-QMI  : qmuxd: TX message on fd=19, to clientID = 0, len=856
12-05 12:01:50.175   237   778 D QC-QMI  : qmi_client [237] 0: Received 856 bytes on fd = 18
12-05 12:01:50.175   237   778 D QC-QMI  : Sending signal ...... to read cmd data 
12-05 12:01:50.175   237   298 D QC-QMI  : qmi error code.........:0
12-05 12:01:50.175   237   298 D QC-QMI  : qmi sys error code.........:0
12-05 12:01:50.175   237   298 D QC-QMI  : qmi_qmux_if_pwr_up_init_ex:  Successfully created and added QMUX client 0
12-05 12:01:50.175   237   298 D QC-QMI  :  Sending message control to modem for getting version information..........
12-05 12:01:50.175   237   300 D QC-QMI  :  Sending message control to modem for getting version information..........
12-05 12:01:50.175   237   298 D QC-QMI  : qmi_client [237] 0: sending 856 bytes on fd = 18
12-05 12:01:50.175   243   243 D QC-QMI  : qmuxd: RX 856 bytes on fd=19 from qmux_client_id=0
12-05 12:01:50.175   237   300 D QC-QMI  : qmi_client [237] 0: sending 856 bytes on fd = 18
12-05 12:01:50.175   243   243 E QC-QMI  : qmi_qmux_open_connection: connection is disabled for conn_id=0
12-05 12:01:50.175   237   299 D QC-QMI  :  Sending message control to modem for getting version information..........
12-05 12:01:50.175   243   243 E QC-QMI  : qmi_qmux_tx_msg: failed to open inactive connd_id=0
12-05 12:01:50.175   237   299 D QC-QMI  : qmi_client [237] 0: sending 856 bytes on fd = 18
12-05 12:01:50.175   243   243 D QC-QMI  : Sending control message with message id:21
12-05 12:01:50.175   243   243 E QC-QMI  : qmi_qmux: TX failed, connection inactive or in reset, conn_id=0, status_flags=4
12-05 12:01:50.175   243   243 E QC-QMI  : qmi_ctl_tx_msg: qmi_qmux_tx_msg failed
12-05 12:01:50.175   243   243 E QC-QMI  : qmi_ctl_handle_request: qmi_ctl_tx_msg call failed
12-05 12:01:50.175   243   243 D QC-QMI  : Sending control message failed....replying back to client
12-05 12:01:50.175   243   243 D QC-QMI  : qmuxd: TX message on fd=19, to clientID = 0, len=856
12-05 12:01:50.175   243   243 D QC-QMI  : qmuxd: RX 856 bytes on fd=19 from qmux_client_id=0
12-05 12:01:50.175   243   243 E QC-QMI  : qmi_qmux_open_connection: connection is disabled for conn_id=0
12-05 12:01:50.175   243   243 E QC-QMI  : qmi_qmux_tx_msg: failed to open inactive connd_id=0
12-05 12:01:50.175   243   243 D QC-QMI  : Sending control message with message id:21
12-05 12:01:50.175   243   243 E QC-QMI  : qmi_qmux: TX failed, connection inactive or in reset, conn_id=0, status_flags=4
12-05 12:01:50.175   243   243 E QC-QMI  : qmi_ctl_tx_msg: qmi_qmux_tx_msg failed
12-05 12:01:50.175   243   243 E QC-QMI  : qmi_ctl_handle_request: qmi_ctl_tx_msg call failed
12-05 12:01:50.175   243   243 D QC-QMI  : Sending control message failed....replying back to client
12-05 12:01:50.175   243   243 D QC-QMI  : qmuxd: TX message on fd=19, to clientID = 0, len=856
12-05 12:01:50.175   243   243 D QC-QMI  : qmuxd: RX 856 bytes on fd=19 from qmux_client_id=0
12-05 12:01:50.175   243   243 E QC-QMI  : qmi_qmux_open_connection: connection is disabled for conn_id=0
12-05 12:01:50.175   243   243 E QC-QMI  : qmi_qmux_tx_msg: failed to open inactive connd_id=0
12-05 12:01:50.175   243   243 D QC-QMI  : Sending control message with message id:21
12-05 12:01:50.175   243   243 E QC-QMI  : qmi_qmux: TX failed, connection inactive or in reset, conn_id=0, status_flags=4
12-05 12:01:50.175   243   243 E QC-QMI  : qmi_ctl_tx_msg: qmi_qmux_tx_msg failed
12-05 12:01:50.175   243   243 E QC-QMI  : qmi_ctl_handle_request: qmi_ctl_tx_msg call failed
12-05 12:01:50.175   243   243 D QC-QMI  : Sending control message failed....replying back to client
12-05 12:01:50.175   243   243 D QC-QMI  : qmuxd: TX message on fd=19, to clientID = 0, len=856
12-05 12:01:50.175   237   778 D QC-QMI  : qmi_client [237] 0: Received 856 bytes on fd = 18
12-05 12:01:50.175   237   778 D QC-QMI  : Sending signal ...... to read cmd data 
12-05 12:01:50.175   237   778 D QC-QMI  : qmi_client [237] 0: Received 856 bytes on fd = 18
12-05 12:01:50.175   237   298 D QC-QMI  : qmi error code.........:0
12-05 12:01:50.175   237   298 D QC-QMI  : qmi sys error code.........:-5
12-05 12:01:50.175   237   778 D QC-QMI  : Sending signal ...... to read cmd data 
12-05 12:01:50.175   237   778 D QC-QMI  : qmi_client [237] 0: Received 856 bytes on fd = 18
12-05 12:01:50.175   237   300 D QC-QMI  : qmi error code.........:0
12-05 12:01:50.175   237   300 D QC-QMI  : qmi sys error code.........:-5
12-05 12:01:50.175   237   298 D QC-QMI  :  Sending message control to modem for getting version information..........
12-05 12:01:50.175   237   778 D QC-QMI  : Sending signal ...... to read cmd data 
12-05 12:01:50.175   237   298 D QC-QMI  : qmi_client [237] 0: sending 856 bytes on fd = 18
12-05 12:01:50.175   237   300 D QC-QMI  :  Sending message control to modem for getting version information..........
12-05 12:01:50.175   243   243 D QC-QMI  : qmuxd: RX 856 bytes on fd=19 from qmux_client_id=0
12-05 12:01:50.175   237   300 D QC-QMI  : qmi_client [237] 0: sending 856 bytes on fd = 18
12-05 12:01:50.175   237   299 D QC-QMI  : qmi error code.........:0
12-05 12:01:50.175   243   243 D QC-QMI  : Sending control message with message id:21
12-05 12:01:50.175   237   299 D QC-QMI  : qmi sys error code.........:-5
12-05 12:01:50.175   243   243 D QC-QMI  : qmi_qmux: TX/RX - TX 12 bytes on conn_id=9
12-05 12:01:50.175   243   243 D QC-QMI  : 01 0B 00 00 00 00 00 02 21 00 00 00 
12-05 12:01:50.175   237   299 D QC-QMI  :  Sending message control to modem for getting version information..........
12-05 12:01:50.175   237   299 D QC-QMI  : qmi_client [237] 0: sending 856 bytes on fd = 18
12-05 12:01:50.175   243   243 D QC-QMI  : qmuxd: RX 856 bytes on fd=19 from qmux_client_id=0
12-05 12:01:50.175   243   243 D QC-QMI  : Sending control message with message id:21
12-05 12:01:50.175   243   243 D QC-QMI  : qmi_qmux: TX/RX - TX 12 bytes on conn_id=9
12-05 12:01:50.175   243   243 D QC-QMI  : 01 0B 00 00 00 00 00 03 21 00 00 00 
12-05 12:01:50.175   243   243 D QC-QMI  : qmuxd: RX 856 bytes on fd=19 from qmux_client_id=0
12-05 12:01:50.175   243   243 D QC-QMI  : Sending control message with message id:21
12-05 12:01:50.175   243   243 D QC-QMI  : qmi_qmux: TX/RX - TX 12 bytes on conn_id=9
12-05 12:01:50.175   243   243 D QC-QMI  : 01 0B 00 00 00 00 00 04 21 00 00 00 
12-05 12:01:50.205   243   725 D QC-QMI  : QMI platform I/O... blocking on read  port[/dev/hsicctl0] conn_id[9]
12-05 12:01:50.205   243   725 D QC-QMI  : qmi_qmux: TX/RX - RX 158 bytes on conn_id=9
12-05 12:01:50.205   243   725 D QC-QMI  : QMI_Msg Len: [158], Serv_ID: [CTL(0x0)], Msg_ID: [GET_VER_INFO(0x21)], Trans_ID: [2][Response], Conn_ID:[9]
12-05 12:01:50.205   243   725 D QC-QMI  : 01 9D 00 80 00 00 01 02 21 00 92 00 02 04 00 00 00 00 00 01 88 00 1B 00 01 00 05 00 01 01 00 17 
12-05 12:01:50.205   243   725 D QC-QMI  : 00 02 01 00 0D 00 03 01 00 19 00 04 01 00 03 00 05 01 00 0A 00 07 01 00 02 00 08 01 00 02 00 09 
12-05 12:01:50.205   243   725 D QC-QMI  : 02 00 01 00 0A 02 00 10 00 0B 01 00 19 00 0C 01 00 04 00 0F 01 00 00 00 10 02 00 00 00 11 01 00 
12-05 12:01:50.205   243   725 D QC-QMI  : 00 00 12 01 00 00 00 14 01 00 00 00 17 01 00 00 00 18 01 00 00 00 1A 01 00 03 00 1D 01 00 00 00 
12-05 12:01:50.205   243   725 D QC-QMI  : 1F 01 00 00 00 20 01 00 00 00 21 01 00 00 00 24 01 00 00 00 29 01 00 00 00 E5 01 00 00 00 
12-05 12:01:50.205   243   725 D QC-QMI  :  Striping of the standard result code ...
12-05 12:01:50.205   243   725 D QC-QMI  :  Parsing the version information ...
12-05 12:01:50.205   243   725 D QC-QMI  : Parsing the version list 
12-05 12:01:50.205   243   725 D QC-QMI  : Number of instances is :27
12-05 12:01:50.205   243   725 D QC-QMI  : Service ID ........0
12-05 12:01:50.205   243   725 D QC-QMI  : Major Number.......1
12-05 12:01:50.205   243   725 D QC-QMI  : Minor Number.......5
12-05 12:01:50.205   243   725 D QC-QMI  : Service ID ........1
12-05 12:01:50.205   243   725 D QC-QMI  : Major Number.......1
12-05 12:01:50.205   243   725 D QC-QMI  : Minor Number.......23
12-05 12:01:50.205   243   725 D QC-QMI  : Service ID ........2
12-05 12:01:50.205   243   725 D QC-QMI  : Major Number.......1
12-05 12:01:50.205   243   725 D QC-QMI  : Minor Number.......13
12-05 12:01:50.205   243   725 D QC-QMI  : Service ID ........3
12-05 12:01:50.205   243   725 D QC-QMI  : Major Number.......1
12-05 12:01:50.205   243   725 D QC-QMI  : Minor Number.......25
12-05 12:01:50.205   243   725 D QC-QMI  : Service ID ........4
12-05 12:01:50.205   243   725 D QC-QMI  : Major Number.......1
12-05 12:01:50.205   243   725 D QC-QMI  : Minor Number.......3
12-05 12:01:50.205   243   725 D QC-QMI  : Service ID ........5
12-05 12:01:50.205   243   725 D QC-QMI  : Major Number.......1
12-05 12:01:50.205   243   725 D QC-QMI  : Minor Number.......10
12-05 12:01:50.205   243   725 D QC-QMI  : Service ID ........7
12-05 12:01:50.205   243   725 D QC-QMI  : Major Number.......1
12-05 12:01:50.205   243   725 D QC-QMI  : Minor Number.......2
12-05 12:01:50.205   243   725 D QC-QMI  : Service ID ........8
12-05 12:01:50.205   243   725 D QC-QMI  : Major Number.......1
12-05 12:01:50.205   243   725 D QC-QMI  : Minor Number.......2
12-05 12:01:50.205   243   725 D QC-QMI  : Service ID ........9
12-05 12:01:50.205   243   725 D QC-QMI  : Major Number.......2
12-05 12:01:50.205   243   725 D QC-QMI  : Minor Number.......1
12-05 12:01:50.205   243   725 D QC-QMI  : Service ID ........10
12-05 12:01:50.205   243   725 D QC-QMI  : Major Number.......2
12-05 12:01:50.205   243   725 D QC-QMI  : Minor Number.......16
12-05 12:01:50.205   243   725 D QC-QMI  : Service ID ........11
12-05 12:01:50.205   243   725 D QC-QMI  : Major Number.......1
12-05 12:01:50.205   243   725 D QC-QMI  : Minor Number.......25
12-05 12:01:50.205   243   725 D QC-QMI  : Service ID ........12
12-05 12:01:50.205   243   725 D QC-QMI  : Major Number.......1
12-05 12:01:50.205   243   725 D QC-QMI  : Minor Number.......4
12-05 12:01:50.205   243   725 D QC-QMI  : Service ID ........15
12-05 12:01:50.205   243   725 D QC-QMI  : Major Number.......1
12-05 12:01:50.205   243   725 D QC-QMI  : Minor Number.......0
12-05 12:01:50.205   243   725 D QC-QMI  : Service ID ........16
12-05 12:01:50.205   243   725 D QC-QMI  : Major Number.......2
12-05 12:01:50.205   243   725 D QC-QMI  : Minor Number.......0
12-05 12:01:50.205   243   725 D QC-QMI  : Service ID ........17
12-05 12:01:50.205   243   725 D QC-QMI  : Major Number.......1
12-05 12:01:50.205   243   725 D QC-QMI  : Minor Number.......0
12-05 12:01:50.205   243   725 D QC-QMI  : Service ID ........18
12-05 12:01:50.205   243   725 D QC-QMI  : Major Number.......1
12-05 12:01:50.205   243   725 D QC-QMI  : Minor Number.......0
12-05 12:01:50.205   243   725 D QC-QMI  : Service ID ........20
12-05 12:01:50.205   243   725 D QC-QMI  : Major Number.......1
12-05 12:01:50.205   243   725 D QC-QMI  : Minor Number.......0
12-05 12:01:50.205   243   725 D QC-QMI  : Service ID ........23
12-05 12:01:50.205   243   725 D QC-QMI  : Major Number.......1
12-05 12:01:50.205   243   725 D QC-QMI  : Minor Number.......0
12-05 12:01:50.205   243   725 D QC-QMI  : Service ID ........24
12-05 12:01:50.205   243   725 D QC-QMI  : Major Number.......1
12-05 12:01:50.205   243   725 D QC-QMI  : Minor Number.......0
12-05 12:01:50.205   243   725 D QC-QMI  : Service ID ........26
12-05 12:01:50.205   243   725 D QC-QMI  : Major Number.......1
12-05 12:01:50.205   243   725 D QC-QMI  : Minor Number.......3
12-05 12:01:50.205   243   725 D QC-QMI  : Service ID ........29
12-05 12:01:50.205   243   725 D QC-QMI  : Major Number.......1
12-05 12:01:50.205   243   725 D QC-QMI  : Minor Number.......0
12-05 12:01:50.205   243   725 D QC-QMI  : Service ID ........31
12-05 12:01:50.205   243   725 D QC-QMI  : Major Number.......1
12-05 12:01:50.205   243   725 D QC-QMI  : Minor Number.......0
12-05 12:01:50.205   243   725 D QC-QMI  : Service ID ........32
12-05 12:01:50.205   243   725 D QC-QMI  : Major Number.......1
12-05 12:01:50.205   243   725 D QC-QMI  : Minor Number.......0
12-05 12:01:50.205   243   725 D QC-QMI  : Service ID ........33
12-05 12:01:50.205   243   725 D QC-QMI  : Major Number.......1
12-05 12:01:50.205   243   725 D QC-QMI  : Minor Number.......0
12-05 12:01:50.205   243   725 D QC-QMI  : Service ID ........36
12-05 12:01:50.205   243   725 D QC-QMI  : Major Number.......1
12-05 12:01:50.205   243   725 D QC-QMI  : Minor Number.......0
12-05 12:01:50.205   243   725 D QC-QMI  : Service ID ........41
12-05 12:01:50.205   243   725 D QC-QMI  : Major Number.......1
12-05 12:01:50.205   243   725 D QC-QMI  : Minor Number.......0
12-05 12:01:50.205   243   725 D QC-QMI  : Service ID ........229
12-05 12:01:50.205   243   725 D QC-QMI  : Major Number.......1
12-05 12:01:50.205   243   725 D QC-QMI  : Minor Number.......0
12-05 12:01:50.205   243   725 D QC-QMI  : Parsing successful ........
12-05 12:01:50.205   243   725 D QC-QMI  : qmuxd: TX message on fd=19, to clientID = 0, len=856
12-05 12:01:50.205   243   725 E QC-QMI  : QMI platform I/O... blocking on poll fds
12-05 12:01:50.205   237   778 D QC-QMI  : qmi_client [237] 0: Received 856 bytes on fd = 18
12-05 12:01:50.205   237   778 D QC-QMI  : Sending signal ...... to read cmd data 
12-05 12:01:50.205   237   298 D QC-QMI  : qmi error code.........:0
12-05 12:01:50.205   237   298 D QC-QMI  : qmi sys error code.........:0
12-05 12:01:50.205   237   298 D QC-QMI  :  Number of services:27
12-05 12:01:50.205   237   298 D QC-QMI  :  Sending message control to modem for getting version information..........
12-05 12:01:50.205   237   298 D QC-QMI  : qmi_client [237] 0: sending 856 bytes on fd = 18
12-05 12:01:50.205   243   243 D QC-QMI  : qmuxd: RX 856 bytes on fd=19 from qmux_client_id=0
12-05 12:01:50.205   243   243 E QC-QMI  : qmi_qmux_open_connection: connection is disabled for conn_id=0
12-05 12:01:50.205   243   243 E QC-QMI  : qmi_qmux_tx_msg: failed to open inactive connd_id=0
12-05 12:01:50.205   243   243 D QC-QMI  : Sending control message with message id:21
12-05 12:01:50.205   243   243 E QC-QMI  : qmi_qmux: TX failed, connection inactive or in reset, conn_id=0, status_flags=4
12-05 12:01:50.205   243   243 E QC-QMI  : qmi_ctl_tx_msg: qmi_qmux_tx_msg failed
12-05 12:01:50.205   243   243 E QC-QMI  : qmi_ctl_handle_request: qmi_ctl_tx_msg call failed
12-05 12:01:50.205   243   243 D QC-QMI  : Sending control message failed....replying back to client
12-05 12:01:50.205   243   243 D QC-QMI  : qmuxd: TX message on fd=19, to clientID = 0, len=856
12-05 12:01:50.205   237   778 D QC-QMI  : qmi_client [237] 0: Received 856 bytes on fd = 18
12-05 12:01:50.205   237   778 D QC-QMI  : Sending signal ...... to read cmd data 
12-05 12:01:50.205   237   298 D QC-QMI  : qmi error code.........:0
12-05 12:01:50.205   237   298 D QC-QMI  : qmi sys error code.........:-5
12-05 12:01:50.205   237   298 D QC-QMI  :  Sending message control to modem for getting version information..........
12-05 12:01:50.205   237   298 D QC-QMI  : qmi_client [237] 0: sending 856 bytes on fd = 18
12-05 12:01:50.205   243   243 D QC-QMI  : qmuxd: RX 856 bytes on fd=19 from qmux_client_id=0
12-05 12:01:50.205   243   243 D QC-QMI  : Sending control message with message id:21
12-05 12:01:50.205   243   243 D QC-QMI  : qmi_qmux: TX/RX - TX 12 bytes on conn_id=9
12-05 12:01:50.205   243   243 D QC-QMI  : 01 0B 00 00 00 00 00 05 21 00 00 00 
12-05 12:01:50.215   243   725 D QC-QMI  : QMI platform I/O... blocking on read  port[/dev/hsicctl0] conn_id[9]
12-05 12:01:50.215   243   725 D QC-QMI  : qmi_qmux: TX/RX - RX 158 bytes on conn_id=9
12-05 12:01:50.215   243   725 D QC-QMI  : QMI_Msg Len: [158], Serv_ID: [CTL(0x0)], Msg_ID: [GET_VER_INFO(0x21)], Trans_ID: [3][Response], Conn_ID:[9]
12-05 12:01:50.215   243   725 D QC-QMI  : 01 9D 00 80 00 00 01 03 21 00 92 00 02 04 00 00 00 00 00 01 88 00 1B 00 01 00 05 00 01 01 00 17 
12-05 12:01:50.215   243   725 D QC-QMI  : 00 02 01 00 0D 00 03 01 00 19 00 04 01 00 03 00 05 01 00 0A 00 07 01 00 02 00 08 01 00 02 00 09 
12-05 12:01:50.215   243   725 D QC-QMI  : 02 00 01 00 0A 02 00 10 00 0B 01 00 19 00 0C 01 00 04 00 0F 01 00 00 00 10 02 00 00 00 11 01 00 
12-05 12:01:50.215   243   725 D QC-QMI  : 00 00 12 01 00 00 00 14 01 00 00 00 17 01 00 00 00 18 01 00 00 00 1A 01 00 03 00 1D 01 00 00 00 
12-05 12:01:50.215   243   725 D QC-QMI  : 1F 01 00 00 00 20 01 00 00 00 21 01 00 00 00 24 01 00 00 00 29 01 00 00 00 E5 01 00 00 00 
12-05 12:01:50.215   243   725 D QC-QMI  :  Striping of the standard result code ...
12-05 12:01:50.215   243   725 D QC-QMI  :  Parsing the version information ...
12-05 12:01:50.215   243   725 D QC-QMI  : Parsing the version list 
12-05 12:01:50.215   243   725 D QC-QMI  : Number of instances is :27
12-05 12:01:50.215   243   725 D QC-QMI  : Service ID ........0
12-05 12:01:50.215   243   725 D QC-QMI  : Major Number.......1
12-05 12:01:50.215   243   725 D QC-QMI  : Minor Number.......5
12-05 12:01:50.215   243   725 D QC-QMI  : Service ID ........1
12-05 12:01:50.215   243   725 D QC-QMI  : Major Number.......1
12-05 12:01:50.215   243   725 D QC-QMI  : Minor Number.......23
12-05 12:01:50.215   243   725 D QC-QMI  : Service ID ........2
12-05 12:01:50.215   243   725 D QC-QMI  : Major Number.......1
12-05 12:01:50.215   243   725 D QC-QMI  : Minor Number.......13
12-05 12:01:50.215   243   725 D QC-QMI  : Service ID ........3
12-05 12:01:50.215   243   725 D QC-QMI  : Major Number.......1
12-05 12:01:50.215   243   725 D QC-QMI  : Minor Number.......25
12-05 12:01:50.215   243   725 D QC-QMI  : Service ID ........4
12-05 12:01:50.215   243   725 D QC-QMI  : Major Number.......1
12-05 12:01:50.215   243   725 D QC-QMI  : Minor Number.......3
12-05 12:01:50.215   243   725 D QC-QMI  : Service ID ........5
12-05 12:01:50.215   243   725 D QC-QMI  : Major Number.......1
12-05 12:01:50.215   243   725 D QC-QMI  : Minor Number.......10
12-05 12:01:50.215   243   725 D QC-QMI  : Service ID ........7
12-05 12:01:50.215   243   725 D QC-QMI  : Major Number.......1
12-05 12:01:50.215   243   725 D QC-QMI  : Minor Number.......2
12-05 12:01:50.215   243   725 D QC-QMI  : Service ID ........8
12-05 12:01:50.215   243   725 D QC-QMI  : Major Number.......1
12-05 12:01:50.215   243   725 D QC-QMI  : Minor Number.......2
12-05 12:01:50.215   243   725 D QC-QMI  : Service ID ........9
12-05 12:01:50.215   243   725 D QC-QMI  : Major Number.......2
12-05 12:01:50.215   243   725 D QC-QMI  : Minor Number.......1
12-05 12:01:50.215   243   725 D QC-QMI  : Service ID ........10
12-05 12:01:50.215   243   725 D QC-QMI  : Major Number.......2
12-05 12:01:50.215   243   725 D QC-QMI  : Minor Number.......16
12-05 12:01:50.215   243   725 D QC-QMI  : Service ID ........11
12-05 12:01:50.215   243   725 D QC-QMI  : Major Number.......1
12-05 12:01:50.215   243   725 D QC-QMI  : Minor Number.......25
12-05 12:01:50.215   243   725 D QC-QMI  : Service ID ........12
12-05 12:01:50.215   243   725 D QC-QMI  : Major Number.......1
12-05 12:01:50.215   243   725 D QC-QMI  : Minor Number.......4
12-05 12:01:50.215   243   725 D QC-QMI  : Service ID ........15
12-05 12:01:50.215   243   725 D QC-QMI  : Major Number.......1
12-05 12:01:50.215   243   725 D QC-QMI  : Minor Number.......0
12-05 12:01:50.215   243   725 D QC-QMI  : Service ID ........16
12-05 12:01:50.215   243   725 D QC-QMI  : Major Number.......2
12-05 12:01:50.215   243   725 D QC-QMI  : Minor Number.......0
12-05 12:01:50.215   243   725 D QC-QMI  : Service ID ........17
12-05 12:01:50.215   243   725 D QC-QMI  : Major Number.......1
12-05 12:01:50.215   243   725 D QC-QMI  : Minor Number.......0
12-05 12:01:50.215   243   725 D QC-QMI  : Service ID ........18
12-05 12:01:50.215   243   725 D QC-QMI  : Major Number.......1
12-05 12:01:50.215   243   725 D QC-QMI  : Minor Number.......0
12-05 12:01:50.215   243   725 D QC-QMI  : Service ID ........20
12-05 12:01:50.215   243   725 D QC-QMI  : Major Number.......1
12-05 12:01:50.215   243   725 D QC-QMI  : Minor Number.......0
12-05 12:01:50.215   243   725 D QC-QMI  : Service ID ........23
12-05 12:01:50.215   243   725 D QC-QMI  : Major Number.......1
12-05 12:01:50.215   243   725 D QC-QMI  : Minor Number.......0
12-05 12:01:50.215   243   725 D QC-QMI  : Service ID ........24
12-05 12:01:50.215   243   725 D QC-QMI  : Major Number.......1
12-05 12:01:50.215   243   725 D QC-QMI  : Minor Number.......0
12-05 12:01:50.215   243   725 D QC-QMI  : Service ID ........26
12-05 12:01:50.215   243   725 D QC-QMI  : Major Number.......1
12-05 12:01:50.215   243   725 D QC-QMI  : Minor Number.......3
12-05 12:01:50.215   243   725 D QC-QMI  : Service ID ........29
12-05 12:01:50.215   243   725 D QC-QMI  : Major Number.......1
12-05 12:01:50.215   243   725 D QC-QMI  : Minor Number.......0
12-05 12:01:50.215   243   725 D QC-QMI  : Service ID ........31
12-05 12:01:50.215   243   725 D QC-QMI  : Major Number.......1
12-05 12:01:50.215   243   725 D QC-QMI  : Minor Number.......0
12-05 12:01:50.215   243   725 D QC-QMI  : Service ID ........32
12-05 12:01:50.215   243   725 D QC-QMI  : Major Number.......1
12-05 12:01:50.215   243   725 D QC-QMI  : Minor Number.......0
12-05 12:01:50.215   243   725 D QC-QMI  : Service ID ........33
12-05 12:01:50.215   243   725 D QC-QMI  : Major Number.......1
12-05 12:01:50.215   243   725 D QC-QMI  : Minor Number.......0
12-05 12:01:50.215   243   725 D QC-QMI  : Service ID ........36
12-05 12:01:50.215   243   725 D QC-QMI  : Major Number.......1
12-05 12:01:50.215   243   725 D QC-QMI  : Minor Number.......0
12-05 12:01:50.215   243   725 D QC-QMI  : Service ID ........41
12-05 12:01:50.215   243   725 D QC-QMI  : Major Number.......1
12-05 12:01:50.215   243   725 D QC-QMI  : Minor Number.......0
12-05 12:01:50.215   243   725 D QC-QMI  : Service ID ........229
12-05 12:01:50.215   243   725 D QC-QMI  : Major Number.......1
12-05 12:01:50.215   243   725 D QC-QMI  : Minor Number.......0
12-05 12:01:50.215   243   725 D QC-QMI  : Parsing successful ........
12-05 12:01:50.215   243   725 D QC-QMI  : qmuxd: TX message on fd=19, to clientID = 0, len=856
12-05 12:01:50.215   243   725 E QC-QMI  : QMI platform I/O... blocking on poll fds
12-05 12:01:50.215   237   778 D QC-QMI  : qmi_client [237] 0: Received 856 bytes on fd = 18
12-05 12:01:50.215   237   778 D QC-QMI  : Sending signal ...... to read cmd data 
12-05 12:01:50.215   237   300 D QC-QMI  : qmi error code.........:0
12-05 12:01:50.215   237   300 D QC-QMI  : qmi sys error code.........:0
12-05 12:01:50.215   237   300 D QC-QMI  :  Number of services:27
12-05 12:01:50.215   237   300 D QC-QMI  :  Sending message control to modem for getting version information..........
12-05 12:01:50.215   237   300 D QC-QMI  : qmi_client [237] 0: sending 856 bytes on fd = 18
12-05 12:01:50.215   243   243 D QC-QMI  : qmuxd: RX 856 bytes on fd=19 from qmux_client_id=0
12-05 12:01:50.215   243   243 E QC-QMI  : qmi_qmux_open_connection: connection is disabled for conn_id=0
12-05 12:01:50.215   243   243 E QC-QMI  : qmi_qmux_tx_msg: failed to open inactive connd_id=0
12-05 12:01:50.215   243   243 D QC-QMI  : Sending control message with message id:21
12-05 12:01:50.215   243   243 E QC-QMI  : qmi_qmux: TX failed, connection inactive or in reset, conn_id=0, status_flags=4
12-05 12:01:50.215   243   243 E QC-QMI  : qmi_ctl_tx_msg: qmi_qmux_tx_msg failed
12-05 12:01:50.215   243   243 E QC-QMI  : qmi_ctl_handle_request: qmi_ctl_tx_msg call failed
12-05 12:01:50.215   243   243 D QC-QMI  : Sending control message failed....replying back to client
12-05 12:01:50.215   243   243 D QC-QMI  : qmuxd: TX message on fd=19, to clientID = 0, len=856
12-05 12:01:50.215   237   778 D QC-QMI  : qmi_client [237] 0: Received 856 bytes on fd = 18
12-05 12:01:50.215   237   778 D QC-QMI  : Sending signal ...... to read cmd data 
12-05 12:01:50.215   237   300 D QC-QMI  : qmi error code.........:0
12-05 12:01:50.215   237   300 D QC-QMI  : qmi sys error code.........:-5
12-05 12:01:50.215   237   300 D QC-QMI  :  Sending message control to modem for getting version information..........
12-05 12:01:50.215   237   300 D QC-QMI  : qmi_client [237] 0: sending 856 bytes on fd = 18
12-05 12:01:50.215   243   243 D QC-QMI  : qmuxd: RX 856 bytes on fd=19 from qmux_client_id=0
12-05 12:01:50.215   243   243 D QC-QMI  : Sending control message with message id:21
12-05 12:01:50.215   243   243 D QC-QMI  : qmi_qmux: TX/RX - TX 12 bytes on conn_id=9
12-05 12:01:50.215   243   243 D QC-QMI  : 01 0B 00 00 00 00 00 06 21 00 00 00 
12-05 12:01:50.235   244   244 D QC-QMI  : qmi_client [244]: successfully connected to server, attempt=3
12-05 12:01:50.235   243   243 D QC-QMI  : qmuxd: servicing new client request on listener_fd=[16:/dev/socket/qmux_radio/qmux_connect_socket]
12-05 12:01:50.235   243   243 D QC-QMI  : qmuxd: sending qmux_client_id=1 to client_fd=20
12-05 12:01:50.235   243   243 D QC-QMI  : qmuxd: added new client, fd=20, max_fd=20
12-05 12:01:50.235   244   244 D QC-QMI  : linux_qmi_qmux_if_client_get_client_id [244]: qmux_client_id=1
12-05 12:01:50.235   244   244 D QC-QMI  : qmi_client [244] 1: qmux_client ID is initialized
12-05 12:01:50.235   244   244 D QC-QMI  : qmi_client [244] 1: pipe() system call, fd[0]=14, fd[1]=15
12-05 12:01:50.235   244   244 D QC-QMI  : qmi_client [244] 1: sending 856 bytes on fd = 13
12-05 12:01:50.235   243   243 D QC-QMI  : qmuxd: RX 856 bytes on fd=20 from qmux_client_id=1
12-05 12:01:50.235   243   243 D QC-QMI  : qmuxd: Mapping clientID = 1 to fd =20
12-05 12:01:50.235   243   243 D QC-QMI  : QMUX client ID 1 added to QMUX client ID list
12-05 12:01:50.235   243   243 D QC-QMI  : qmuxd: TX message on fd=20, to clientID = 1, len=856
12-05 12:01:50.235   243   725 D QC-QMI  : QMI platform I/O... blocking on read  port[/dev/hsicctl0] conn_id[9]
12-05 12:01:50.235   243   725 D QC-QMI  : qmi_qmux: TX/RX - RX 158 bytes on conn_id=9
12-05 12:01:50.235   243   725 D QC-QMI  : QMI_Msg Len: [158], Serv_ID: [CTL(0x0)], Msg_ID: [GET_VER_INFO(0x21)], Trans_ID: [4][Response], Conn_ID:[9]
12-05 12:01:50.235   243   725 D QC-QMI  : 01 9D 00 80 00 00 01 04 21 00 92 00 02 04 00 00 00 00 00 01 88 00 1B 00 01 00 05 00 01 01 00 17 
12-05 12:01:50.235   243   725 D QC-QMI  : 00 02 01 00 0D 00 03 01 00 19 00 04 01 00 03 00 05 01 00 0A 00 07 01 00 02 00 08 01 00 02 00 09 
12-05 12:01:50.235   243   725 D QC-QMI  : 02 00 01 00 0A 02 00 10 00 0B 01 00 19 00 0C 01 00 04 00 0F 01 00 00 00 10 02 00 00 00 11 01 00 
12-05 12:01:50.235   243   725 D QC-QMI  : 00 00 12 01 00 00 00 14 01 00 00 00 17 01 00 00 00 18 01 00 00 00 1A 01 00 03 00 1D 01 00 00 00 
12-05 12:01:50.235   243   725 D QC-QMI  : 1F 01 00 00 00 20 01 00 00 00 21 01 00 00 00 24 01 00 00 00 29 01 00 00 00 E5 01 00 00 00 
12-05 12:01:50.235   243   725 D QC-QMI  :  Striping of the standard result code ...
12-05 12:01:50.235   243   725 D QC-QMI  :  Parsing the version information ...
12-05 12:01:50.235   243   725 D QC-QMI  : Parsing the version list 
12-05 12:01:50.235   243   725 D QC-QMI  : Number of instances is :27
12-05 12:01:50.235   243   725 D QC-QMI  : Service ID ........0
12-05 12:01:50.235   243   725 D QC-QMI  : Major Number.......1
12-05 12:01:50.235   243   725 D QC-QMI  : Minor Number.......5
12-05 12:01:50.235   243   725 D QC-QMI  : Service ID ........1
12-05 12:01:50.235   243   725 D QC-QMI  : Major Number.......1
12-05 12:01:50.235   243   725 D QC-QMI  : Minor Number.......23
12-05 12:01:50.235   243   725 D QC-QMI  : Service ID ........2
12-05 12:01:50.235   243   725 D QC-QMI  : Major Number.......1
12-05 12:01:50.235   243   725 D QC-QMI  : Minor Number.......13
12-05 12:01:50.235   243   725 D QC-QMI  : Service ID ........3
12-05 12:01:50.235   243   725 D QC-QMI  : Major Number.......1
12-05 12:01:50.235   243   725 D QC-QMI  : Minor Number.......25
12-05 12:01:50.235   243   725 D QC-QMI  : Service ID ........4
12-05 12:01:50.235   243   725 D QC-QMI  : Major Number.......1
12-05 12:01:50.235   243   725 D QC-QMI  : Minor Number.......3
12-05 12:01:50.235   243   725 D QC-QMI  : Service ID ........5
12-05 12:01:50.235   243   725 D QC-QMI  : Major Number.......1
12-05 12:01:50.235   243   725 D QC-QMI  : Minor Number.......10
12-05 12:01:50.235   243   725 D QC-QMI  : Service ID ........7
12-05 12:01:50.235   243   725 D QC-QMI  : Major Number.......1
12-05 12:01:50.235   243   725 D QC-QMI  : Minor Number.......2
12-05 12:01:50.235   243   725 D QC-QMI  : Service ID ........8
12-05 12:01:50.235   243   725 D QC-QMI  : Major Number.......1
12-05 12:01:50.235   243   725 D QC-QMI  : Minor Number.......2
12-05 12:01:50.235   243   725 D QC-QMI  : Service ID ........9
12-05 12:01:50.235   243   725 D QC-QMI  : Major Number.......2
12-05 12:01:50.235   243   725 D QC-QMI  : Minor Number.......1
12-05 12:01:50.235   243   725 D QC-QMI  : Service ID ........10
12-05 12:01:50.235   243   725 D QC-QMI  : Major Number.......2
12-05 12:01:50.235   243   725 D QC-QMI  : Minor Number.......16
12-05 12:01:50.235   243   725 D QC-QMI  : Service ID ........11
12-05 12:01:50.235   243   725 D QC-QMI  : Major Number.......1
12-05 12:01:50.235   243   725 D QC-QMI  : Minor Number.......25
12-05 12:01:50.235   243   725 D QC-QMI  : Service ID ........12
12-05 12:01:50.235   243   725 D QC-QMI  : Major Number.......1
12-05 12:01:50.235   243   725 D QC-QMI  : Minor Number.......4
12-05 12:01:50.235   243   725 D QC-QMI  : Service ID ........15
12-05 12:01:50.235   243   725 D QC-QMI  : Major Number.......1
12-05 12:01:50.235   243   725 D QC-QMI  : Minor Number.......0
12-05 12:01:50.235   243   725 D QC-QMI  : Service ID ........16
12-05 12:01:50.235   243   725 D QC-QMI  : Major Number.......2
12-05 12:01:50.235   243   725 D QC-QMI  : Minor Number.......0
12-05 12:01:50.235   243   725 D QC-QMI  : Service ID ........17
12-05 12:01:50.235   243   725 D QC-QMI  : Major Number.......1
12-05 12:01:50.235   243   725 D QC-QMI  : Minor Number.......0
12-05 12:01:50.235   243   725 D QC-QMI  : Service ID ........18
12-05 12:01:50.235   243   725 D QC-QMI  : Major Number.......1
12-05 12:01:50.235   243   725 D QC-QMI  : Minor Number.......0
12-05 12:01:50.235   243   725 D QC-QMI  : Service ID ........20
12-05 12:01:50.235   243   725 D QC-QMI  : Major Number.......1
12-05 12:01:50.235   243   725 D QC-QMI  : Minor Number.......0
12-05 12:01:50.235   243   725 D QC-QMI  : Service ID ........23
12-05 12:01:50.235   243   725 D QC-QMI  : Major Number.......1
12-05 12:01:50.235   243   725 D QC-QMI  : Minor Number.......0
12-05 12:01:50.235   243   725 D QC-QMI  : Service ID ........24
12-05 12:01:50.235   243   725 D QC-QMI  : Major Number.......1
12-05 12:01:50.235   243   725 D QC-QMI  : Minor Number.......0
12-05 12:01:50.235   243   725 D QC-QMI  : Service ID ........26
12-05 12:01:50.235   243   725 D QC-QMI  : Major Number.......1
12-05 12:01:50.235   243   725 D QC-QMI  : Minor Number.......3
12-05 12:01:50.235   243   725 D QC-QMI  : Service ID ........29
12-05 12:01:50.235   243   725 D QC-QMI  : Major Number.......1
12-05 12:01:50.235   243   725 D QC-QMI  : Minor Number.......0
12-05 12:01:50.235   243   725 D QC-QMI  : Service ID ........31
12-05 12:01:50.235   243   725 D QC-QMI  : Major Number.......1
12-05 12:01:50.235   243   725 D QC-QMI  : Minor Number.......0
12-05 12:01:50.235   243   725 D QC-QMI  : Service ID ........32
12-05 12:01:50.235   243   725 D QC-QMI  : Major Number.......1
12-05 12:01:50.235   243   725 D QC-QMI  : Minor Number.......0
12-05 12:01:50.235   243   725 D QC-QMI  : Service ID ........33
12-05 12:01:50.235   243   725 D QC-QMI  : Major Number.......1
12-05 12:01:50.235   243   725 D QC-QMI  : Minor Number.......0
12-05 12:01:50.235   243   725 D QC-QMI  : Service ID ........36
12-05 12:01:50.235   243   725 D QC-QMI  : Major Number.......1
12-05 12:01:50.235   243   725 D QC-QMI  : Minor Number.......0
12-05 12:01:50.235   243   725 D QC-QMI  : Service ID ........41
12-05 12:01:50.235   243   725 D QC-QMI  : Major Number.......1
12-05 12:01:50.235   243   725 D QC-QMI  : Minor Number.......0
12-05 12:01:50.235   243   725 D QC-QMI  : Service ID ........229
12-05 12:01:50.235   243   725 D QC-QMI  : Major Number.......1
12-05 12:01:50.235   243   725 D QC-QMI  : Minor Number.......0
12-05 12:01:50.235   243   725 D QC-QMI  : Parsing successful ........
12-05 12:01:50.235   243   725 D QC-QMI  : qmuxd: TX message on fd=19, to clientID = 0, len=856
12-05 12:01:50.235   243   725 E QC-QMI  : QMI platform I/O... blocking on poll fds
12-05 12:01:50.235   237   778 D QC-QMI  : qmi_client [237] 0: Received 856 bytes on fd = 18
12-05 12:01:50.235   237   778 D QC-QMI  : Sending signal ...... to read cmd data 
12-05 12:01:50.235   237   299 D QC-QMI  : qmi error code.........:0
12-05 12:01:50.235   237   299 D QC-QMI  : qmi sys error code.........:0
12-05 12:01:50.235   237   299 D QC-QMI  :  Number of services:27
12-05 12:01:50.235   237   299 D QC-QMI  :  Sending message control to modem for getting version information..........
12-05 12:01:50.235   237   299 D QC-QMI  : qmi_client [237] 0: sending 856 bytes on fd = 18
12-05 12:01:50.235   243   243 D QC-QMI  : qmuxd: RX 856 bytes on fd=19 from qmux_client_id=0
12-05 12:01:50.235   243   243 E QC-QMI  : qmi_qmux_open_connection: connection is disabled for conn_id=0
12-05 12:01:50.235   243   243 E QC-QMI  : qmi_qmux_tx_msg: failed to open inactive connd_id=0
12-05 12:01:50.235   243   243 D QC-QMI  : Sending control message with message id:21
12-05 12:01:50.235   243   243 E QC-QMI  : qmi_qmux: TX failed, connection inactive or in reset, conn_id=0, status_flags=4
12-05 12:01:50.235   243   243 E QC-QMI  : qmi_ctl_tx_msg: qmi_qmux_tx_msg failed
12-05 12:01:50.235   243   243 E QC-QMI  : qmi_ctl_handle_request: qmi_ctl_tx_msg call failed
12-05 12:01:50.235   243   243 D QC-QMI  : Sending control message failed....replying back to client
12-05 12:01:50.235   243   243 D QC-QMI  : qmuxd: TX message on fd=19, to clientID = 0, len=856
12-05 12:01:50.235   237   778 D QC-QMI  : qmi_client [237] 0: Received 856 bytes on fd = 18
12-05 12:01:50.235   237   778 D QC-QMI  : Sending signal ...... to read cmd data 
12-05 12:01:50.235   237   299 D QC-QMI  : qmi error code.........:0
12-05 12:01:50.235   237   299 D QC-QMI  : qmi sys error code.........:-5
12-05 12:01:50.235   237   299 D QC-QMI  :  Sending message control to modem for getting version information..........
12-05 12:01:50.235   237   299 D QC-QMI  : qmi_client [237] 0: sending 856 bytes on fd = 18
12-05 12:01:50.235   243   243 D QC-QMI  : qmuxd: RX 856 bytes on fd=19 from qmux_client_id=0
12-05 12:01:50.235   243   243 D QC-QMI  : Sending control message with message id:21
12-05 12:01:50.235   243   243 D QC-QMI  : qmi_qmux: TX/RX - TX 12 bytes on conn_id=9
12-05 12:01:50.235   243   243 D QC-QMI  : 01 0B 00 00 00 00 00 07 21 00 00 00 
12-05 12:01:50.235   244   779 D QC-QMI  : qmi_client [244] 1: Received 856 bytes on fd = 13
12-05 12:01:50.235   244   779 D QC-QMI  : Sending signal ...... to read cmd data 
12-05 12:01:50.235   244   244 D QC-QMI  : qmi error code.........:0
12-05 12:01:50.235   244   244 D QC-QMI  : qmi sys error code.........:0
12-05 12:01:50.235   244   244 D QC-QMI  : qmi_qmux_if_pwr_up_init_ex:  Successfully created and added QMUX client 1
12-05 12:01:50.235   244   244 D QC-QMI  : qmi_nas_srvc_init: NAS successfully initialized
12-05 12:01:50.235   244   244 D QC-QMI  : qmi_qos_srvc_init: QOS successfully initialized
12-05 12:01:50.235   244   244 D QC-QMI  : qmi_eap_srvc_init: EAP successfully initialized
12-05 12:01:50.235   244   244 D QC-QMI  : qmi_wds_srvc_init: WDS successfully initialized
12-05 12:01:50.235   244   244 D QC-QMI  : qmi_atcop_srvc_init: ATCOP successfully initialized
12-05 12:01:50.235   244   244 D QC-QMI  : qmi_uim_srvc_init: UIM successfully initialized
12-05 12:01:50.235   244   244 D QC-QMI  : qmi_cat_srvc_init: CAT successfully initialized
12-05 12:01:50.235   244   244 D QC-QMI  : qmi_init:  Created client handle 41cea970
12-05 12:01:50.235   244   244 E QC-NETMGR-LIB: initing QMI link[0]
12-05 12:01:50.235   244   244 E QC-NETMGR-LIB: qmi_cid = rmnet_smux0
12-05 12:01:50.235   244   244 D QC-QMI  : qmi_client [244] 1: sending 856 bytes on fd = 13
12-05 12:01:50.235   243   243 D QC-QMI  : qmuxd: RX 856 bytes on fd=20 from qmux_client_id=1
12-05 12:01:50.235   243   243 D QC-QMI  : Sending control message with message id:22
12-05 12:01:50.235   243   243 D QC-QMI  : qmi_qmux: TX/RX - TX 16 bytes on conn_id=19
12-05 12:01:50.235   243   243 D QC-QMI  : QMI_Msg Len: [16], Serv_ID: [CTL(0x0)], Msg_ID: [GET_CLIENT_ID(0x22)], Trans_ID: [2][Request], Conn_ID:[19]
12-05 12:01:50.235   243   243 D QC-QMI  : 01 0F 00 00 00 00 00 02 22 00 04 00 01 01 00 01 
12-05 12:01:50.245   243   766 D QC-QMI  : QMI platform I/O... blocking on read  port[/dev/smuxctl32] conn_id[19]
12-05 12:01:50.245   243   766 D QC-QMI  : qmi_qmux: TX/RX - RX 24 bytes on conn_id=19
12-05 12:01:50.245   243   766 D QC-QMI  : QMI_Msg Len: [24], Serv_ID: [CTL(0x0)], Msg_ID: [GET_CLIENT_ID(0x22)], Trans_ID: [2][Response], Conn_ID:[19]
12-05 12:01:50.245   243   766 D QC-QMI  : 01 17 00 80 00 00 01 02 22 00 0C 00 02 04 00 00 00 00 00 01 02 00 01 01 
12-05 12:01:50.245   243   766 D QC-QMI  :  Striping of the standard result code ...
12-05 12:01:50.245   243   766 D QC-QMI  : qmuxd: TX message on fd=20, to clientID = 1, len=856
12-05 12:01:50.245   243   766 E QC-QMI  : QMI platform I/O... blocking on poll fds
12-05 12:01:50.245   244   779 D QC-QMI  : qmi_client [244] 1: Received 856 bytes on fd = 13
12-05 12:01:50.245   244   779 D QC-QMI  : Sending signal ...... to read cmd data 
12-05 12:01:50.245   244   244 D QC-QMI  : qmi error code.........:0
12-05 12:01:50.245   244   244 D QC-QMI  : qmi sys error code.........:0
12-05 12:01:50.245   244   244 E QC-NETMGR-LIB: The wds client id 0x13010100
12-05 12:01:50.245   244   244 E QC-NETMGR-LIB: netmgr_qmi_service_init: setting data format: qos_hdr:0, ll_prot:2
12-05 12:01:50.245   244   244 D QC-QMI  : qmi_client [244] 1: sending 856 bytes on fd = 13
12-05 12:01:50.245   243   243 D QC-QMI  : qmuxd: RX 856 bytes on fd=20 from qmux_client_id=1
12-05 12:01:50.245   243   243 D QC-QMI  : Sending control message with message id:26
12-05 12:01:50.245   243   243 D QC-QMI  : qmi_qmux: TX/RX - TX 21 bytes on conn_id=19
12-05 12:01:50.245   243   243 D QC-QMI  : QMI_Msg Len: [21], Serv_ID: [CTL(0x0)], Msg_ID: [SET_DATA_FORMAT(0x26)], Trans_ID: [3][Request], Conn_ID:[19]
12-05 12:01:50.245   243   243 D QC-QMI  : 01 14 00 00 00 00 00 03 26 00 09 00 01 01 00 00 10 02 00 02 00 
12-05 12:01:50.245   243   766 D QC-QMI  : QMI platform I/O... blocking on read  port[/dev/smuxctl32] conn_id[19]
12-05 12:01:50.245   243   766 D QC-QMI  : qmi_qmux: TX/RX - RX 24 bytes on conn_id=19
12-05 12:01:50.245   243   766 D QC-QMI  : QMI_Msg Len: [24], Serv_ID: [CTL(0x0)], Msg_ID: [SET_DATA_FORMAT(0x26)], Trans_ID: [3][Response], Conn_ID:[19]
12-05 12:01:50.245   243   766 D QC-QMI  : 01 17 00 80 00 00 01 03 26 00 0C 00 02 04 00 00 00 00 00 10 02 00 02 00 
12-05 12:01:50.245   243   766 D QC-QMI  :  Striping of the standard result code ...
12-05 12:01:50.245   243   766 D QC-QMI  : qmuxd: TX message on fd=20, to clientID = 1, len=856
12-05 12:01:50.245   243   766 E QC-QMI  : QMI platform I/O... blocking on poll fds
12-05 12:01:50.245   244   779 D QC-QMI  : qmi_client [244] 1: Received 856 bytes on fd = 13
12-05 12:01:50.245   244   779 D QC-QMI  : Sending signal ...... to read cmd data 
12-05 12:01:50.245   244   244 D QC-QMI  : qmi error code.........:0
12-05 12:01:50.245   244   244 D QC-QMI  : qmi sys error code.........:0
12-05 12:01:50.245   244   244 E QC-NETMGR-LIB: ignoring link[1]
12-05 12:01:50.245   244   244 E QC-NETMGR-LIB: ignoring link[2]
12-05 12:01:50.245   244   244 E QC-NETMGR-LIB: ignoring link[3]
12-05 12:01:50.245   244   244 E QC-NETMGR-LIB: ignoring link[4]
12-05 12:01:50.245   244   244 E QC-NETMGR-LIB: ignoring link[5]
12-05 12:01:50.245   244   244 E QC-NETMGR-LIB: ignoring link[6]
12-05 12:01:50.245   244   244 E QC-NETMGR-LIB: ignoring link[7]
12-05 12:01:50.245   244   244 E QC-NETMGR-LIB: initing QMI link[8]
12-05 12:01:50.245   244   244 E QC-NETMGR-LIB: qmi_cid = rmnet_usb0
12-05 12:01:50.245   244   244 D QC-QMI  : qmi_client [244] 1: sending 856 bytes on fd = 13
12-05 12:01:50.245   243   243 D QC-QMI  : qmuxd: RX 856 bytes on fd=20 from qmux_client_id=1
12-05 12:01:50.245   243   243 D QC-QMI  : Sending control message with message id:22
12-05 12:01:50.245   243   243 D QC-QMI  : qmi_qmux: TX/RX - TX 16 bytes on conn_id=9
12-05 12:01:50.245   243   243 D QC-QMI  : QMI_Msg Len: [16], Serv_ID: [CTL(0x0)], Msg_ID: [GET_CLIENT_ID(0x22)], Trans_ID: [8][Request], Conn_ID:[9]
12-05 12:01:50.245   243   243 D QC-QMI  : 01 0F 00 00 00 00 00 08 22 00 04 00 01 01 00 01 
12-05 12:01:50.245   243   725 D QC-QMI  : QMI platform I/O... blocking on read  port[/dev/hsicctl0] conn_id[9]
12-05 12:01:50.245   243   725 D QC-QMI  : qmi_qmux: TX/RX - RX 158 bytes on conn_id=9
12-05 12:01:50.245   243   725 D QC-QMI  : QMI_Msg Len: [158], Serv_ID: [CTL(0x0)], Msg_ID: [GET_VER_INFO(0x21)], Trans_ID: [5][Response], Conn_ID:[9]
12-05 12:01:50.245   243   725 D QC-QMI  : 01 9D 00 80 00 00 01 05 21 00 92 00 02 04 00 00 00 00 00 01 88 00 1B 00 01 00 05 00 01 01 00 17 
12-05 12:01:50.245   243   725 D QC-QMI  : 00 02 01 00 0D 00 03 01 00 19 00 04 01 00 03 00 05 01 00 0A 00 07 01 00 02 00 08 01 00 02 00 09 
12-05 12:01:50.245   243   725 D QC-QMI  : 02 00 01 00 0A 02 00 10 00 0B 01 00 19 00 0C 01 00 04 00 0F 01 00 00 00 10 02 00 00 00 11 01 00 
12-05 12:01:50.245   243   725 D QC-QMI  : 00 00 12 01 00 00 00 14 01 00 00 00 17 01 00 00 00 18 01 00 00 00 1A 01 00 03 00 1D 01 00 00 00 
12-05 12:01:50.245   243   725 D QC-QMI  : 1F 01 00 00 00 20 01 00 00 00 21 01 00 00 00 24 01 00 00 00 29 01 00 00 00 E5 01 00 00 00 
12-05 12:01:50.245   243   725 D QC-QMI  :  Striping of the standard result code ...
12-05 12:01:50.245   243   725 D QC-QMI  :  Parsing the version information ...
12-05 12:01:50.245   243   725 D QC-QMI  : Parsing the version list 
12-05 12:01:50.245   243   725 D QC-QMI  : Number of instances is :27
12-05 12:01:50.245   243   725 D QC-QMI  : Service ID ........0
12-05 12:01:50.245   243   725 D QC-QMI  : Major Number.......1
12-05 12:01:50.245   243   725 D QC-QMI  : Minor Number.......5
12-05 12:01:50.245   243   725 D QC-QMI  : Service ID ........1
12-05 12:01:50.245   243   725 D QC-QMI  : Major Number.......1
12-05 12:01:50.245   243   725 D QC-QMI  : Minor Number.......23
12-05 12:01:50.245   243   725 D QC-QMI  : Service ID ........2
12-05 12:01:50.245   243   725 D QC-QMI  : Major Number.......1
12-05 12:01:50.245   243   725 D QC-QMI  : Minor Number.......13
12-05 12:01:50.245   243   725 D QC-QMI  : Service ID ........3
12-05 12:01:50.245   243   725 D QC-QMI  : Major Number.......1
12-05 12:01:50.245   243   725 D QC-QMI  : Minor Number.......25
12-05 12:01:50.245   243   725 D QC-QMI  : Service ID ........4
12-05 12:01:50.245   243   725 D QC-QMI  : Major Number.......1
